// Jest Snapshot v1, https://jestjs.io/docs/snapshot-testing

exports[`golden token snapshot (current pipeline) amber/dark resolved --color-* matches snapshot 1`] = `
{
  "--color-accent": "rgb(60 53 42)",
  "--color-accent-foreground": "rgb(237 237 237)",
  "--color-background": "rgb(19 14 6)",
  "--color-border": "rgb(57 53 45)",
  "--color-card": "rgb(33 28 18)",
  "--color-card-foreground": "rgb(237 237 237)",
  "--color-destructive": "rgb(239 67 67)",
  "--color-foreground": "rgb(237 237 237)",
  "--color-input": "rgb(65 60 53)",
  "--color-muted": "rgb(60 53 42)",
  "--color-muted-foreground": "rgb(179 179 179)",
  "--color-popover": "rgb(55 48 37)",
  "--color-popover-foreground": "rgb(237 237 237)",
  "--color-primary": "rgb(245 159 10)",
  "--color-primary-foreground": "rgb(0 0 0)",
  "--color-ring": "rgb(245 159 10)",
  "--color-secondary": "rgb(55 48 37)",
  "--color-secondary-foreground": "rgb(237 237 237)",
  "--color-surface": "rgb(55 48 37)",
  "--color-surface-foreground": "rgb(237 237 237)",
}
`;

exports[`golden token snapshot (current pipeline) amber/light resolved --color-* matches snapshot 1`] = `
{
  "--color-accent": "rgb(246 238 223)",
  "--color-accent-foreground": "rgb(31 31 31)",
  "--color-background": "rgb(250 246 239)",
  "--color-border": "rgb(235 225 209)",
  "--color-card": "rgb(252 248 243)",
  "--color-card-foreground": "rgb(31 31 31)",
  "--color-destructive": "rgb(239 67 67)",
  "--color-foreground": "rgb(31 31 31)",
  "--color-input": "rgb(235 225 209)",
  "--color-muted": "rgb(246 238 223)",
  "--color-muted-foreground": "rgb(112 109 102)",
  "--color-popover": "rgb(252 248 243)",
  "--color-popover-foreground": "rgb(31 31 31)",
  "--color-primary": "rgb(245 159 10)",
  "--color-primary-foreground": "rgb(0 0 0)",
  "--color-ring": "rgb(245 159 10)",
  "--color-secondary": "rgb(246 238 223)",
  "--color-secondary-foreground": "rgb(31 31 31)",
  "--color-surface": "rgb(249 242 231)",
  "--color-surface-foreground": "rgb(31 31 31)",
}
`;

exports[`golden token snapshot (current pipeline) blue/dark resolved --color-* matches snapshot 1`] = `
{
  "--color-accent": "rgb(42 53 60)",
  "--color-accent-foreground": "rgb(237 237 237)",
  "--color-background": "rgb(6 14 19)",
  "--color-border": "rgb(45 52 57)",
  "--color-card": "rgb(18 27 33)",
  "--color-card-foreground": "rgb(237 237 237)",
  "--color-destructive": "rgb(239 67 67)",
  "--color-foreground": "rgb(237 237 237)",
  "--color-input": "rgb(53 60 65)",
  "--color-muted": "rgb(42 53 60)",
  "--color-muted-foreground": "rgb(179 179 179)",
  "--color-popover": "rgb(37 47 55)",
  "--color-popover-foreground": "rgb(237 237 237)",
  "--color-primary": "rgb(31 153 239)",
  "--color-primary-foreground": "rgb(255 255 255)",
  "--color-ring": "rgb(31 153 239)",
  "--color-secondary": "rgb(37 47 55)",
  "--color-secondary-foreground": "rgb(237 237 237)",
  "--color-surface": "rgb(37 47 55)",
  "--color-surface-foreground": "rgb(237 237 237)",
}
`;

exports[`golden token snapshot (current pipeline) blue/light resolved --color-* matches snapshot 1`] = `
{
  "--color-accent": "rgb(223 236 246)",
  "--color-accent-foreground": "rgb(31 31 31)",
  "--color-background": "rgb(239 246 250)",
  "--color-border": "rgb(209 224 235)",
  "--color-card": "rgb(243 248 252)",
  "--color-card-foreground": "rgb(31 31 31)",
  "--color-destructive": "rgb(239 67 67)",
  "--color-foreground": "rgb(31 31 31)",
  "--color-input": "rgb(209 224 235)",
  "--color-muted": "rgb(223 236 246)",
  "--color-muted-foreground": "rgb(102 108 112)",
  "--color-popover": "rgb(243 248 252)",
  "--color-popover-foreground": "rgb(31 31 31)",
  "--color-primary": "rgb(31 153 239)",
  "--color-primary-foreground": "rgb(255 255 255)",
  "--color-ring": "rgb(31 153 239)",
  "--color-secondary": "rgb(223 236 246)",
  "--color-secondary-foreground": "rgb(31 31 31)",
  "--color-surface": "rgb(231 241 249)",
  "--color-surface-foreground": "rgb(31 31 31)",
}
`;

exports[`golden token snapshot (current pipeline) faircoin/dark resolved --color-* matches snapshot 1`] = `
{
  "--color-accent": "rgb(46 48 33)",
  "--color-accent-foreground": "rgb(237 237 237)",
  "--color-background": "rgb(28 31 9)",
  "--color-border": "rgb(52 55 37)",
  "--color-card": "rgb(25 33 18)",
  "--color-card-foreground": "rgb(237 237 237)",
  "--color-destructive": "rgb(239 67 67)",
  "--color-foreground": "rgb(237 237 237)",
  "--color-input": "rgb(56 59 43)",
  "--color-muted": "rgb(46 48 33)",
  "--color-muted-foreground": "rgb(117 117 117)",
  "--color-popover": "rgb(40 43 23)",
  "--color-popover-foreground": "rgb(237 237 237)",
  "--color-primary": "rgb(160 251 80)",
  "--color-primary-foreground": "rgb(0 0 0)",
  "--color-ring": "rgb(160 251 80)",
  "--color-secondary": "rgb(44 46 31)",
  "--color-secondary-foreground": "rgb(237 237 237)",
  "--color-surface": "rgb(40 43 23)",
  "--color-surface-foreground": "rgb(237 237 237)",
}
`;

exports[`golden token snapshot (current pipeline) faircoin/light resolved --color-* matches snapshot 1`] = `
{
  "--color-accent": "rgb(234 246 223)",
  "--color-accent-foreground": "rgb(31 31 31)",
  "--color-background": "rgb(244 250 239)",
  "--color-border": "rgb(221 235 209)",
  "--color-card": "rgb(247 252 243)",
  "--color-card-foreground": "rgb(31 31 31)",
  "--color-destructive": "rgb(239 67 67)",
  "--color-foreground": "rgb(31 31 31)",
  "--color-input": "rgb(221 235 209)",
  "--color-muted": "rgb(234 246 223)",
  "--color-muted-foreground": "rgb(102 107 97)",
  "--color-popover": "rgb(247 252 243)",
  "--color-popover-foreground": "rgb(31 31 31)",
  "--color-primary": "rgb(60 121 6)",
  "--color-primary-foreground": "rgb(255 255 255)",
  "--color-ring": "rgb(60 121 6)",
  "--color-secondary": "rgb(234 246 223)",
  "--color-secondary-foreground": "rgb(31 31 31)",
  "--color-surface": "rgb(239 249 231)",
  "--color-surface-foreground": "rgb(31 31 31)",
}
`;

exports[`golden token snapshot (current pipeline) green/dark resolved --color-* matches snapshot 1`] = `
{
  "--color-accent": "rgb(42 60 54)",
  "--color-accent-foreground": "rgb(237 237 237)",
  "--color-background": "rgb(6 19 15)",
  "--color-border": "rgb(45 57 53)",
  "--color-card": "rgb(18 33 28)",
  "--color-card-foreground": "rgb(237 237 237)",
  "--color-destructive": "rgb(239 67 67)",
  "--color-foreground": "rgb(237 237 237)",
  "--color-input": "rgb(53 65 61)",
  "--color-muted": "rgb(42 60 54)",
  "--color-muted-foreground": "rgb(179 179 179)",
  "--color-popover": "rgb(37 55 49)",
  "--color-popover-foreground": "rgb(237 237 237)",
  "--color-primary": "rgb(16 183 127)",
  "--color-primary-foreground": "rgb(255 255 255)",
  "--color-ring": "rgb(16 183 127)",
  "--color-secondary": "rgb(37 55 49)",
  "--color-secondary-foreground": "rgb(237 237 237)",
  "--color-surface": "rgb(37 55 49)",
  "--color-surface-foreground": "rgb(237 237 237)",
}
`;

exports[`golden token snapshot (current pipeline) green/light resolved --color-* matches snapshot 1`] = `
{
  "--color-accent": "rgb(223 246 238)",
  "--color-accent-foreground": "rgb(31 31 31)",
  "--color-background": "rgb(239 250 247)",
  "--color-border": "rgb(209 235 226)",
  "--color-card": "rgb(243 252 249)",
  "--color-card-foreground": "rgb(31 31 31)",
  "--color-destructive": "rgb(239 67 67)",
  "--color-foreground": "rgb(31 31 31)",
  "--color-input": "rgb(209 235 226)",
  "--color-muted": "rgb(223 246 238)",
  "--color-muted-foreground": "rgb(102 112 109)",
  "--color-popover": "rgb(243 252 249)",
  "--color-popover-foreground": "rgb(31 31 31)",
  "--color-primary": "rgb(16 183 127)",
  "--color-primary-foreground": "rgb(255 255 255)",
  "--color-ring": "rgb(16 183 127)",
  "--color-secondary": "rgb(223 246 238)",
  "--color-secondary-foreground": "rgb(31 31 31)",
  "--color-surface": "rgb(231 249 243)",
  "--color-surface-foreground": "rgb(31 31 31)",
}
`;

exports[`golden token snapshot (current pipeline) mint/dark resolved --color-* matches snapshot 1`] = `
{
  "--color-accent": "rgb(42 60 58)",
  "--color-accent-foreground": "rgb(237 237 237)",
  "--color-background": "rgb(6 19 18)",
  "--color-border": "rgb(45 57 56)",
  "--color-card": "rgb(18 33 31)",
  "--color-card-foreground": "rgb(237 237 237)",
  "--color-destructive": "rgb(239 67 67)",
  "--color-foreground": "rgb(237 237 237)",
  "--color-input": "rgb(53 65 63)",
  "--color-muted": "rgb(42 60 58)",
  "--color-muted-foreground": "rgb(179 179 179)",
  "--color-popover": "rgb(37 55 53)",
  "--color-popover-foreground": "rgb(237 237 237)",
  "--color-primary": "rgb(20 184 165)",
  "--color-primary-foreground": "rgb(255 255 255)",
  "--color-ring": "rgb(20 184 165)",
  "--color-secondary": "rgb(37 55 53)",
  "--color-secondary-foreground": "rgb(237 237 237)",
  "--color-surface": "rgb(37 55 53)",
  "--color-surface-foreground": "rgb(237 237 237)",
}
`;

exports[`golden token snapshot (current pipeline) mint/light resolved --color-* matches snapshot 1`] = `
{
  "--color-accent": "rgb(223 246 243)",
  "--color-accent-foreground": "rgb(31 31 31)",
  "--color-background": "rgb(239 250 249)",
  "--color-border": "rgb(209 235 232)",
  "--color-card": "rgb(243 252 251)",
  "--color-card-foreground": "rgb(31 31 31)",
  "--color-destructive": "rgb(239 67 67)",
  "--color-foreground": "rgb(31 31 31)",
  "--color-input": "rgb(209 235 232)",
  "--color-muted": "rgb(223 246 243)",
  "--color-muted-foreground": "rgb(102 112 111)",
  "--color-popover": "rgb(243 252 251)",
  "--color-popover-foreground": "rgb(31 31 31)",
  "--color-primary": "rgb(20 184 165)",
  "--color-primary-foreground": "rgb(255 255 255)",
  "--color-ring": "rgb(20 184 165)",
  "--color-secondary": "rgb(223 246 243)",
  "--color-secondary-foreground": "rgb(31 31 31)",
  "--color-surface": "rgb(231 249 247)",
  "--color-surface-foreground": "rgb(31 31 31)",
}
`;

exports[`golden token snapshot (current pipeline) orange/dark resolved --color-* matches snapshot 1`] = `
{
  "--color-accent": "rgb(60 49 42)",
  "--color-accent-foreground": "rgb(237 237 237)",
  "--color-background": "rgb(19 12 6)",
  "--color-border": "rgb(57 50 45)",
  "--color-card": "rgb(33 24 18)",
  "--color-card-foreground": "rgb(237 237 237)",
  "--color-destructive": "rgb(239 67 67)",
  "--color-foreground": "rgb(237 237 237)",
  "--color-input": "rgb(65 58 53)",
  "--color-muted": "rgb(60 49 42)",
  "--color-muted-foreground": "rgb(179 179 179)",
  "--color-popover": "rgb(55 44 37)",
  "--color-popover-foreground": "rgb(237 237 237)",
  "--color-primary": "rgb(249 116 21)",
  "--color-primary-foreground": "rgb(255 255 255)",
  "--color-ring": "rgb(249 116 21)",
  "--color-secondary": "rgb(55 44 37)",
  "--color-secondary-foreground": "rgb(237 237 237)",
  "--color-surface": "rgb(55 44 37)",
  "--color-surface-foreground": "rgb(237 237 237)",
}
`;

exports[`golden token snapshot (current pipeline) orange/light resolved --color-* matches snapshot 1`] = `
{
  "--color-accent": "rgb(246 233 223)",
  "--color-accent-foreground": "rgb(31 31 31)",
  "--color-background": "rgb(250 244 239)",
  "--color-border": "rgb(235 220 209)",
  "--color-card": "rgb(252 247 243)",
  "--color-card-foreground": "rgb(31 31 31)",
  "--color-destructive": "rgb(239 67 67)",
  "--color-foreground": "rgb(31 31 31)",
  "--color-input": "rgb(235 220 209)",
  "--color-muted": "rgb(246 233 223)",
  "--color-muted-foreground": "rgb(112 106 102)",
  "--color-popover": "rgb(252 247 243)",
  "--color-popover-foreground": "rgb(31 31 31)",
  "--color-primary": "rgb(249 116 21)",
  "--color-primary-foreground": "rgb(255 255 255)",
  "--color-ring": "rgb(249 116 21)",
  "--color-secondary": "rgb(246 233 223)",
  "--color-secondary-foreground": "rgb(31 31 31)",
  "--color-surface": "rgb(249 238 231)",
  "--color-surface-foreground": "rgb(31 31 31)",
}
`;

exports[`golden token snapshot (current pipeline) oxy/dark resolved --color-* matches snapshot 1`] = `
{
  "--color-accent": "rgb(53 42 60)",
  "--color-accent-foreground": "rgb(237 237 237)",
  "--color-background": "rgb(14 6 19)",
  "--color-border": "rgb(52 45 57)",
  "--color-card": "rgb(27 18 33)",
  "--color-card-foreground": "rgb(237 237 237)",
  "--color-destructive": "rgb(239 67 67)",
  "--color-foreground": "rgb(237 237 237)",
  "--color-input": "rgb(60 53 65)",
  "--color-muted": "rgb(53 42 60)",
  "--color-muted-foreground": "rgb(179 179 179)",
  "--color-popover": "rgb(48 37 55)",
  "--color-popover-foreground": "rgb(237 237 237)",
  "--color-primary": "rgb(160 69 217)",
  "--color-primary-foreground": "rgb(255 255 255)",
  "--color-ring": "rgb(160 69 217)",
  "--color-secondary": "rgb(48 37 55)",
  "--color-secondary-foreground": "rgb(237 237 237)",
  "--color-surface": "rgb(48 37 55)",
  "--color-surface-foreground": "rgb(237 237 237)",
}
`;

exports[`golden token snapshot (current pipeline) oxy/light resolved --color-* matches snapshot 1`] = `
{
  "--color-accent": "rgb(237 223 246)",
  "--color-accent-foreground": "rgb(31 31 31)",
  "--color-background": "rgb(246 239 250)",
  "--color-border": "rgb(225 209 235)",
  "--color-card": "rgb(248 243 252)",
  "--color-card-foreground": "rgb(31 31 31)",
  "--color-destructive": "rgb(239 67 67)",
  "--color-foreground": "rgb(31 31 31)",
  "--color-input": "rgb(225 209 235)",
  "--color-muted": "rgb(237 223 246)",
  "--color-muted-foreground": "rgb(108 102 112)",
  "--color-popover": "rgb(248 243 252)",
  "--color-popover-foreground": "rgb(31 31 31)",
  "--color-primary": "rgb(160 69 217)",
  "--color-primary-foreground": "rgb(255 255 255)",
  "--color-ring": "rgb(160 69 217)",
  "--color-secondary": "rgb(237 223 246)",
  "--color-secondary-foreground": "rgb(31 31 31)",
  "--color-surface": "rgb(242 231 249)",
  "--color-surface-foreground": "rgb(31 31 31)",
}
`;

exports[`golden token snapshot (current pipeline) pink/dark resolved --color-* matches snapshot 1`] = `
{
  "--color-accent": "rgb(60 42 51)",
  "--color-accent-foreground": "rgb(237 237 237)",
  "--color-background": "rgb(19 6 13)",
  "--color-border": "rgb(57 45 51)",
  "--color-card": "rgb(33 18 26)",
  "--color-card-foreground": "rgb(237 237 237)",
  "--color-destructive": "rgb(239 67 67)",
  "--color-foreground": "rgb(237 237 237)",
  "--color-input": "rgb(65 53 59)",
  "--color-muted": "rgb(60 42 51)",
  "--color-muted-foreground": "rgb(179 179 179)",
  "--color-popover": "rgb(55 37 46)",
  "--color-popover-foreground": "rgb(237 237 237)",
  "--color-primary": "rgb(236 70 153)",
  "--color-primary-foreground": "rgb(255 255 255)",
  "--color-ring": "rgb(236 70 153)",
  "--color-secondary": "rgb(55 37 46)",
  "--color-secondary-foreground": "rgb(237 237 237)",
  "--color-surface": "rgb(55 37 46)",
  "--color-surface-foreground": "rgb(237 237 237)",
}
`;

exports[`golden token snapshot (current pipeline) pink/light resolved --color-* matches snapshot 1`] = `
{
  "--color-accent": "rgb(246 223 235)",
  "--color-accent-foreground": "rgb(31 31 31)",
  "--color-background": "rgb(250 239 245)",
  "--color-border": "rgb(235 209 222)",
  "--color-card": "rgb(252 243 247)",
  "--color-card-foreground": "rgb(31 31 31)",
  "--color-destructive": "rgb(239 67 67)",
  "--color-foreground": "rgb(31 31 31)",
  "--color-input": "rgb(235 209 222)",
  "--color-muted": "rgb(246 223 235)",
  "--color-muted-foreground": "rgb(112 102 107)",
  "--color-popover": "rgb(252 243 247)",
  "--color-popover-foreground": "rgb(31 31 31)",
  "--color-primary": "rgb(236 70 153)",
  "--color-primary-foreground": "rgb(255 255 255)",
  "--color-ring": "rgb(236 70 153)",
  "--color-secondary": "rgb(246 223 235)",
  "--color-secondary-foreground": "rgb(31 31 31)",
  "--color-surface": "rgb(249 231 240)",
  "--color-surface-foreground": "rgb(31 31 31)",
}
`;

exports[`golden token snapshot (current pipeline) purple/dark resolved --color-* matches snapshot 1`] = `
{
  "--color-accent": "rgb(47 42 60)",
  "--color-accent-foreground": "rgb(237 237 237)",
  "--color-background": "rgb(10 6 19)",
  "--color-border": "rgb(49 45 57)",
  "--color-card": "rgb(22 18 33)",
  "--color-card-foreground": "rgb(237 237 237)",
  "--color-destructive": "rgb(239 67 67)",
  "--color-foreground": "rgb(237 237 237)",
  "--color-input": "rgb(56 53 65)",
  "--color-muted": "rgb(47 42 60)",
  "--color-muted-foreground": "rgb(179 179 179)",
  "--color-popover": "rgb(42 37 55)",
  "--color-popover-foreground": "rgb(237 237 237)",
  "--color-primary": "rgb(137 90 246)",
  "--color-primary-foreground": "rgb(255 255 255)",
  "--color-ring": "rgb(137 90 246)",
  "--color-secondary": "rgb(42 37 55)",
  "--color-secondary-foreground": "rgb(237 237 237)",
  "--color-surface": "rgb(42 37 55)",
  "--color-surface-foreground": "rgb(237 237 237)",
}
`;

exports[`golden token snapshot (current pipeline) purple/light resolved --color-* matches snapshot 1`] = `
{
  "--color-accent": "rgb(230 223 246)",
  "--color-accent-foreground": "rgb(31 31 31)",
  "--color-background": "rgb(243 239 250)",
  "--color-border": "rgb(217 209 235)",
  "--color-card": "rgb(246 243 252)",
  "--color-card-foreground": "rgb(31 31 31)",
  "--color-destructive": "rgb(239 67 67)",
  "--color-foreground": "rgb(31 31 31)",
  "--color-input": "rgb(217 209 235)",
  "--color-muted": "rgb(230 223 246)",
  "--color-muted-foreground": "rgb(105 102 112)",
  "--color-popover": "rgb(246 243 252)",
  "--color-popover-foreground": "rgb(31 31 31)",
  "--color-primary": "rgb(137 90 246)",
  "--color-primary-foreground": "rgb(255 255 255)",
  "--color-ring": "rgb(137 90 246)",
  "--color-secondary": "rgb(230 223 246)",
  "--color-secondary-foreground": "rgb(31 31 31)",
  "--color-surface": "rgb(236 231 249)",
  "--color-surface-foreground": "rgb(31 31 31)",
}
`;

exports[`golden token snapshot (current pipeline) red/dark resolved --color-* matches snapshot 1`] = `
{
  "--color-accent": "rgb(60 42 42)",
  "--color-accent-foreground": "rgb(237 237 237)",
  "--color-background": "rgb(19 6 6)",
  "--color-border": "rgb(57 45 45)",
  "--color-card": "rgb(33 18 18)",
  "--color-card-foreground": "rgb(237 237 237)",
  "--color-destructive": "rgb(239 67 67)",
  "--color-foreground": "rgb(237 237 237)",
  "--color-input": "rgb(65 53 53)",
  "--color-muted": "rgb(60 42 42)",
  "--color-muted-foreground": "rgb(179 179 179)",
  "--color-popover": "rgb(55 37 37)",
  "--color-popover-foreground": "rgb(237 237 237)",
  "--color-primary": "rgb(239 67 67)",
  "--color-primary-foreground": "rgb(255 255 255)",
  "--color-ring": "rgb(239 67 67)",
  "--color-secondary": "rgb(55 37 37)",
  "--color-secondary-foreground": "rgb(237 237 237)",
  "--color-surface": "rgb(55 37 37)",
  "--color-surface-foreground": "rgb(237 237 237)",
}
`;

exports[`golden token snapshot (current pipeline) red/light resolved --color-* matches snapshot 1`] = `
{
  "--color-accent": "rgb(246 223 223)",
  "--color-accent-foreground": "rgb(31 31 31)",
  "--color-background": "rgb(250 239 239)",
  "--color-border": "rgb(235 209 209)",
  "--color-card": "rgb(252 243 243)",
  "--color-card-foreground": "rgb(31 31 31)",
  "--color-destructive": "rgb(239 67 67)",
  "--color-foreground": "rgb(31 31 31)",
  "--color-input": "rgb(235 209 209)",
  "--color-muted": "rgb(246 223 223)",
  "--color-muted-foreground": "rgb(112 102 102)",
  "--color-popover": "rgb(252 243 243)",
  "--color-popover-foreground": "rgb(31 31 31)",
  "--color-primary": "rgb(239 67 67)",
  "--color-primary-foreground": "rgb(255 255 255)",
  "--color-ring": "rgb(239 67 67)",
  "--color-secondary": "rgb(246 223 223)",
  "--color-secondary-foreground": "rgb(31 31 31)",
  "--color-surface": "rgb(249 231 231)",
  "--color-surface-foreground": "rgb(31 31 31)",
}
`;

exports[`golden token snapshot (current pipeline) sky/dark resolved --color-* matches snapshot 1`] = `
{
  "--color-accent": "rgb(42 54 60)",
  "--color-accent-foreground": "rgb(237 237 237)",
  "--color-background": "rgb(6 15 19)",
  "--color-border": "rgb(45 53 57)",
  "--color-card": "rgb(18 28 33)",
  "--color-card-foreground": "rgb(237 237 237)",
  "--color-destructive": "rgb(239 67 67)",
  "--color-foreground": "rgb(237 237 237)",
  "--color-input": "rgb(53 61 65)",
  "--color-muted": "rgb(42 54 60)",
  "--color-muted-foreground": "rgb(179 179 179)",
  "--color-popover": "rgb(37 49 55)",
  "--color-popover-foreground": "rgb(237 237 237)",
  "--color-primary": "rgb(13 162 231)",
  "--color-primary-foreground": "rgb(255 255 255)",
  "--color-ring": "rgb(13 162 231)",
  "--color-secondary": "rgb(37 49 55)",
  "--color-secondary-foreground": "rgb(237 237 237)",
  "--color-surface": "rgb(37 49 55)",
  "--color-surface-foreground": "rgb(237 237 237)",
}
`;

exports[`golden token snapshot (current pipeline) sky/light resolved --color-* matches snapshot 1`] = `
{
  "--color-accent": "rgb(223 239 246)",
  "--color-accent-foreground": "rgb(31 31 31)",
  "--color-background": "rgb(239 247 250)",
  "--color-border": "rgb(209 227 235)",
  "--color-card": "rgb(243 249 252)",
  "--color-card-foreground": "rgb(31 31 31)",
  "--color-destructive": "rgb(239 67 67)",
  "--color-foreground": "rgb(31 31 31)",
  "--color-input": "rgb(209 227 235)",
  "--color-muted": "rgb(223 239 246)",
  "--color-muted-foreground": "rgb(102 109 112)",
  "--color-popover": "rgb(243 249 252)",
  "--color-popover-foreground": "rgb(31 31 31)",
  "--color-primary": "rgb(13 162 231)",
  "--color-primary-foreground": "rgb(255 255 255)",
  "--color-ring": "rgb(13 162 231)",
  "--color-secondary": "rgb(223 239 246)",
  "--color-secondary-foreground": "rgb(31 31 31)",
  "--color-surface": "rgb(231 243 249)",
  "--color-surface-foreground": "rgb(31 31 31)",
}
`;

exports[`golden token snapshot (current pipeline) teal/dark resolved --color-* matches snapshot 1`] = `
{
  "--color-accent": "rgb(42 59 60)",
  "--color-accent-foreground": "rgb(237 237 237)",
  "--color-background": "rgb(6 18 19)",
  "--color-border": "rgb(45 56 57)",
  "--color-card": "rgb(18 32 33)",
  "--color-card-foreground": "rgb(237 237 237)",
  "--color-destructive": "rgb(239 67 67)",
  "--color-foreground": "rgb(237 237 237)",
  "--color-input": "rgb(53 64 65)",
  "--color-muted": "rgb(42 59 60)",
  "--color-muted-foreground": "rgb(179 179 179)",
  "--color-popover": "rgb(37 54 55)",
  "--color-popover-foreground": "rgb(237 237 237)",
  "--color-primary": "rgb(0 94 102)",
  "--color-primary-foreground": "rgb(255 255 255)",
  "--color-ring": "rgb(0 94 102)",
  "--color-secondary": "rgb(37 54 55)",
  "--color-secondary-foreground": "rgb(237 237 237)",
  "--color-surface": "rgb(37 54 55)",
  "--color-surface-foreground": "rgb(237 237 237)",
}
`;

exports[`golden token snapshot (current pipeline) teal/light resolved --color-* matches snapshot 1`] = `
{
  "--color-accent": "rgb(223 244 246)",
  "--color-accent-foreground": "rgb(31 31 31)",
  "--color-background": "rgb(239 249 250)",
  "--color-border": "rgb(209 233 235)",
  "--color-card": "rgb(243 251 252)",
  "--color-card-foreground": "rgb(31 31 31)",
  "--color-destructive": "rgb(239 67 67)",
  "--color-foreground": "rgb(31 31 31)",
  "--color-input": "rgb(209 233 235)",
  "--color-muted": "rgb(223 244 246)",
  "--color-muted-foreground": "rgb(102 112 112)",
  "--color-popover": "rgb(243 251 252)",
  "--color-popover-foreground": "rgb(31 31 31)",
  "--color-primary": "rgb(0 94 102)",
  "--color-primary-foreground": "rgb(255 255 255)",
  "--color-ring": "rgb(0 94 102)",
  "--color-secondary": "rgb(223 244 246)",
  "--color-secondary-foreground": "rgb(31 31 31)",
  "--color-surface": "rgb(231 247 249)",
  "--color-surface-foreground": "rgb(31 31 31)",
}
`;

exports[`golden token snapshot (current pipeline) yellow/dark resolved --color-* matches snapshot 1`] = `
{
  "--color-accent": "rgb(60 56 42)",
  "--color-accent-foreground": "rgb(237 237 237)",
  "--color-background": "rgb(19 16 6)",
  "--color-border": "rgb(57 54 45)",
  "--color-card": "rgb(33 30 18)",
  "--color-card-foreground": "rgb(237 237 237)",
  "--color-destructive": "rgb(239 67 67)",
  "--color-foreground": "rgb(237 237 237)",
  "--color-input": "rgb(65 62 53)",
  "--color-muted": "rgb(60 56 42)",
  "--color-muted-foreground": "rgb(179 179 179)",
  "--color-popover": "rgb(55 51 37)",
  "--color-popover-foreground": "rgb(237 237 237)",
  "--color-primary": "rgb(255 196 0)",
  "--color-primary-foreground": "rgb(0 0 0)",
  "--color-ring": "rgb(255 196 0)",
  "--color-secondary": "rgb(55 51 37)",
  "--color-secondary-foreground": "rgb(237 237 237)",
  "--color-surface": "rgb(55 51 37)",
  "--color-surface-foreground": "rgb(237 237 237)",
}
`;

exports[`golden token snapshot (current pipeline) yellow/light resolved --color-* matches snapshot 1`] = `
{
  "--color-accent": "rgb(246 241 223)",
  "--color-accent-foreground": "rgb(31 31 31)",
  "--color-background": "rgb(250 248 239)",
  "--color-border": "rgb(235 229 209)",
  "--color-card": "rgb(252 250 243)",
  "--color-card-foreground": "rgb(31 31 31)",
  "--color-destructive": "rgb(239 67 67)",
  "--color-foreground": "rgb(31 31 31)",
  "--color-input": "rgb(235 229 209)",
  "--color-muted": "rgb(246 241 223)",
  "--color-muted-foreground": "rgb(112 110 102)",
  "--color-popover": "rgb(252 250 243)",
  "--color-popover-foreground": "rgb(31 31 31)",
  "--color-primary": "rgb(255 196 0)",
  "--color-primary-foreground": "rgb(0 0 0)",
  "--color-ring": "rgb(255 196 0)",
  "--color-secondary": "rgb(246 241 223)",
  "--color-secondary-foreground": "rgb(31 31 31)",
  "--color-surface": "rgb(249 244 231)",
  "--color-surface-foreground": "rgb(31 31 31)",
}
`;
