// Jest Snapshot v1, https://jestjs.io/docs/snapshot-testing

exports[`theme.colors snapshot for all presets (catches unintended palette shifts) 1`] = `
{
  "blue/dark": {
    "background": "rgb(8 15 22)",
    "backgroundSecondary": "rgb(21 28 36)",
    "backgroundTertiary": "rgb(25 32 40)",
    "border": "rgb(62 72 82)",
    "borderLight": "rgb(62 72 82)",
    "card": "rgb(25 32 40)",
    "contrast50": "rgb(36 43 51)",
    "error": "rgb(209 45 50)",
    "errorSubtle": "rgba(239, 68, 68, 0.24)",
    "errorSubtleForeground": "rgb(255 179 173)",
    "icon": "rgb(190 199 212)",
    "iconActive": "rgb(0 123 194)",
    "info": "rgb(33 112 228)",
    "infoSubtle": "rgba(59, 130, 246, 0.24)",
    "infoSubtleForeground": "rgb(173 198 255)",
    "negative": "rgb(255 180 171)",
    "negativeForeground": "rgb(105 0 5)",
    "negativeSubtle": "rgba(239, 68, 68, 0.24)",
    "negativeSubtleForeground": "rgb(255 179 173)",
    "overlay": "rgba(0, 0, 0, 0.5)",
    "primary": "rgb(0 123 194)",
    "primaryDark": "rgb(8 15 22)",
    "primaryForeground": "rgb(255 255 255)",
    "primaryLight": "rgb(21 28 36)",
    "primarySubtle": "rgba(0, 151, 237, 0.24)",
    "primarySubtleForeground": "rgb(153 203 255)",
    "secondary": "rgb(213 57 42)",
    "secondaryForeground": "rgb(255 255 255)",
    "shadow": "rgba(0, 0, 0, 0.3)",
    "success": "rgb(0 135 92)",
    "successSubtle": "rgba(16, 185, 129, 0.24)",
    "successSubtleForeground": "rgb(59 224 161)",
    "tertiary": "rgb(252 220 0)",
    "tertiaryForeground": "rgb(0 0 0)",
    "text": "rgb(220 227 238)",
    "textSecondary": "rgb(190 199 212)",
    "textTertiary": "rgb(136 146 158)",
    "tint": "rgb(0 123 194)",
    "warning": "rgb(165 104 0)",
    "warningSubtle": "rgba(245, 158, 11, 0.24)",
    "warningSubtleForeground": "rgb(255 185 95)",
  },
  "blue/light": {
    "background": "rgb(237 244 255)",
    "backgroundSecondary": "rgb(237 244 255)",
    "backgroundTertiary": "rgb(232 238 249)",
    "border": "rgb(190 199 212)",
    "borderLight": "rgb(190 199 212)",
    "card": "rgb(255 255 255)",
    "contrast50": "rgb(226 233 244)",
    "error": "rgb(191 31 39)",
    "errorSubtle": "rgba(239, 68, 68, 0.13)",
    "errorSubtleForeground": "rgb(167 55 53)",
    "icon": "rgb(62 72 82)",
    "iconActive": "rgb(0 110 175)",
    "info": "rgb(0 100 213)",
    "infoSubtle": "rgba(59, 130, 246, 0.13)",
    "infoSubtleForeground": "rgb(1 90 194)",
    "negative": "rgb(186 26 26)",
    "negativeForeground": "rgb(255 255 255)",
    "negativeSubtle": "rgba(239, 68, 68, 0.13)",
    "negativeSubtleForeground": "rgb(167 55 53)",
    "overlay": "rgba(0, 0, 0, 0.5)",
    "primary": "rgb(0 110 175)",
    "primaryDark": "rgb(237 244 255)",
    "primaryForeground": "rgb(255 255 255)",
    "primaryLight": "rgb(237 244 255)",
    "primarySubtle": "rgba(0, 151, 237, 0.13)",
    "primarySubtleForeground": "rgb(0 98 157)",
    "secondary": "rgb(195 44 32)",
    "secondaryForeground": "rgb(255 255 255)",
    "shadow": "rgba(0, 0, 0, 0.1)",
    "success": "rgb(0 121 82)",
    "successSubtle": "rgba(16, 185, 129, 0.13)",
    "successSubtleForeground": "rgb(0 108 73)",
    "tertiary": "rgb(121 105 0)",
    "tertiaryForeground": "rgb(255 255 255)",
    "text": "rgb(21 28 36)",
    "textSecondary": "rgb(62 72 82)",
    "textTertiary": "rgb(111 120 132)",
    "tint": "rgb(0 110 175)",
    "warning": "rgb(148 93 0)",
    "warningSubtle": "rgba(245, 158, 11, 0.13)",
    "warningSubtleForeground": "rgb(133 83 0)",
  },
  "brown/dark": {
    "background": "rgb(24 11 7)",
    "backgroundSecondary": "rgb(39 24 19)",
    "backgroundTertiary": "rgb(43 28 23)",
    "border": "rgb(88 66 58)",
    "borderLight": "rgb(88 66 58)",
    "card": "rgb(43 28 23)",
    "contrast50": "rgb(54 38 33)",
    "error": "rgb(209 45 50)",
    "errorSubtle": "rgba(239, 68, 68, 0.24)",
    "errorSubtleForeground": "rgb(255 179 173)",
    "icon": "rgb(223 192 182)",
    "iconActive": "rgb(171 84 54)",
    "info": "rgb(33 112 228)",
    "infoSubtle": "rgba(59, 130, 246, 0.24)",
    "infoSubtleForeground": "rgb(173 198 255)",
    "negative": "rgb(255 180 171)",
    "negativeForeground": "rgb(105 0 5)",
    "negativeSubtle": "rgba(239, 68, 68, 0.24)",
    "negativeSubtleForeground": "rgb(255 179 173)",
    "overlay": "rgba(0, 0, 0, 0.5)",
    "primary": "rgb(171 84 54)",
    "primaryDark": "rgb(24 11 7)",
    "primaryForeground": "rgb(255 255 255)",
    "primaryLight": "rgb(39 24 19)",
    "primarySubtle": "rgba(255, 87, 12, 0.24)",
    "primarySubtleForeground": "rgb(255 181 156)",
    "secondary": "rgb(0 253 234)",
    "secondaryForeground": "rgb(0 0 0)",
    "shadow": "rgba(0, 0, 0, 0.3)",
    "success": "rgb(0 135 92)",
    "successSubtle": "rgba(16, 185, 129, 0.24)",
    "successSubtleForeground": "rgb(59 224 161)",
    "tertiary": "rgb(1 98 255)",
    "tertiaryForeground": "rgb(255 255 255)",
    "text": "rgb(249 221 212)",
    "textSecondary": "rgb(223 192 182)",
    "textTertiary": "rgb(167 139 130)",
    "tint": "rgb(171 84 54)",
    "warning": "rgb(165 104 0)",
    "warningSubtle": "rgba(245, 158, 11, 0.24)",
    "warningSubtleForeground": "rgb(255 185 95)",
  },
  "brown/light": {
    "background": "rgb(255 241 237)",
    "backgroundSecondary": "rgb(255 241 237)",
    "backgroundTertiary": "rgb(255 233 227)",
    "border": "rgb(223 192 182)",
    "borderLight": "rgb(223 192 182)",
    "card": "rgb(255 255 255)",
    "contrast50": "rgb(255 226 218)",
    "error": "rgb(191 31 39)",
    "errorSubtle": "rgba(239, 68, 68, 0.13)",
    "errorSubtleForeground": "rgb(167 55 53)",
    "icon": "rgb(88 66 58)",
    "iconActive": "rgb(155 73 43)",
    "info": "rgb(0 100 213)",
    "infoSubtle": "rgba(59, 130, 246, 0.13)",
    "infoSubtleForeground": "rgb(1 90 194)",
    "negative": "rgb(186 26 26)",
    "negativeForeground": "rgb(255 255 255)",
    "negativeSubtle": "rgba(239, 68, 68, 0.13)",
    "negativeSubtleForeground": "rgb(167 55 53)",
    "overlay": "rgba(0, 0, 0, 0.5)",
    "primary": "rgb(155 73 43)",
    "primaryDark": "rgb(255 241 237)",
    "primaryForeground": "rgb(255 255 255)",
    "primaryLight": "rgb(255 241 237)",
    "primarySubtle": "rgba(255, 87, 12, 0.13)",
    "primarySubtleForeground": "rgb(171 53 0)",
    "secondary": "rgb(0 119 109)",
    "secondaryForeground": "rgb(255 255 255)",
    "shadow": "rgba(0, 0, 0, 0.1)",
    "success": "rgb(0 121 82)",
    "successSubtle": "rgba(16, 185, 129, 0.13)",
    "successSubtleForeground": "rgb(0 108 73)",
    "tertiary": "rgb(0 87 229)",
    "tertiaryForeground": "rgb(255 255 255)",
    "text": "rgb(39 24 19)",
    "textSecondary": "rgb(88 66 58)",
    "textTertiary": "rgb(140 113 105)",
    "tint": "rgb(155 73 43)",
    "warning": "rgb(148 93 0)",
    "warningSubtle": "rgba(245, 158, 11, 0.13)",
    "warningSubtleForeground": "rgb(133 83 0)",
  },
  "faircoin/dark": {
    "background": "rgb(10 16 6)",
    "backgroundSecondary": "rgb(24 29 18)",
    "backgroundTertiary": "rgb(28 33 22)",
    "border": "rgb(65 73 57)",
    "borderLight": "rgb(65 73 57)",
    "card": "rgb(28 33 22)",
    "contrast50": "rgb(38 44 32)",
    "error": "rgb(209 45 50)",
    "errorSubtle": "rgba(239, 68, 68, 0.24)",
    "errorSubtleForeground": "rgb(255 179 173)",
    "icon": "rgb(193 202 180)",
    "iconActive": "rgb(159 251 80)",
    "info": "rgb(33 112 228)",
    "infoSubtle": "rgba(59, 130, 246, 0.24)",
    "infoSubtleForeground": "rgb(173 198 255)",
    "negative": "rgb(255 180 171)",
    "negativeForeground": "rgb(105 0 5)",
    "negativeSubtle": "rgba(239, 68, 68, 0.24)",
    "negativeSubtleForeground": "rgb(255 179 173)",
    "overlay": "rgba(0, 0, 0, 0.5)",
    "primary": "rgb(159 251 80)",
    "primaryDark": "rgb(10 16 6)",
    "primaryForeground": "rgb(0 0 0)",
    "primaryLight": "rgb(24 29 18)",
    "primarySubtle": "rgba(87, 163, 0, 0.24)",
    "primarySubtleForeground": "rgb(120 223 0)",
    "secondary": "rgb(79 79 255)",
    "secondaryForeground": "rgb(255 255 255)",
    "shadow": "rgba(0, 0, 0, 0.3)",
    "success": "rgb(0 135 92)",
    "successSubtle": "rgba(16, 185, 129, 0.24)",
    "successSubtleForeground": "rgb(59 224 161)",
    "tertiary": "rgb(200 46 161)",
    "tertiaryForeground": "rgb(255 255 255)",
    "text": "rgb(223 229 211)",
    "textSecondary": "rgb(193 202 180)",
    "textTertiary": "rgb(139 148 128)",
    "tint": "rgb(159 251 80)",
    "warning": "rgb(165 104 0)",
    "warningSubtle": "rgba(245, 158, 11, 0.24)",
    "warningSubtleForeground": "rgb(255 185 95)",
  },
  "faircoin/light": {
    "background": "rgb(240 246 227)",
    "backgroundSecondary": "rgb(240 246 227)",
    "backgroundTertiary": "rgb(234 240 222)",
    "border": "rgb(193 202 180)",
    "borderLight": "rgb(193 202 180)",
    "card": "rgb(255 255 255)",
    "contrast50": "rgb(228 235 216)",
    "error": "rgb(191 31 39)",
    "errorSubtle": "rgba(239, 68, 68, 0.13)",
    "errorSubtleForeground": "rgb(167 55 53)",
    "icon": "rgb(65 73 57)",
    "iconActive": "rgb(62 119 0)",
    "info": "rgb(0 100 213)",
    "infoSubtle": "rgba(59, 130, 246, 0.13)",
    "infoSubtleForeground": "rgb(1 90 194)",
    "negative": "rgb(186 26 26)",
    "negativeForeground": "rgb(255 255 255)",
    "negativeSubtle": "rgba(239, 68, 68, 0.13)",
    "negativeSubtleForeground": "rgb(167 55 53)",
    "overlay": "rgba(0, 0, 0, 0.5)",
    "primary": "rgb(62 119 0)",
    "primaryDark": "rgb(240 246 227)",
    "primaryForeground": "rgb(255 255 255)",
    "primaryLight": "rgb(240 246 227)",
    "primarySubtle": "rgba(87, 163, 0, 0.13)",
    "primarySubtleForeground": "rgb(55 107 0)",
    "secondary": "rgb(64 62 247)",
    "secondaryForeground": "rgb(255 255 255)",
    "shadow": "rgba(0, 0, 0, 0.1)",
    "success": "rgb(0 121 82)",
    "successSubtle": "rgba(16, 185, 129, 0.13)",
    "successSubtleForeground": "rgb(0 108 73)",
    "tertiary": "rgb(184 29 147)",
    "tertiaryForeground": "rgb(255 255 255)",
    "text": "rgb(24 29 18)",
    "textSecondary": "rgb(65 73 57)",
    "textTertiary": "rgb(114 122 103)",
    "tint": "rgb(62 119 0)",
    "warning": "rgb(148 93 0)",
    "warningSubtle": "rgba(245, 158, 11, 0.13)",
    "warningSubtleForeground": "rgb(133 83 0)",
  },
  "gray/dark": {
    "background": "rgb(6 16 20)",
    "backgroundSecondary": "rgb(19 29 34)",
    "backgroundTertiary": "rgb(23 33 38)",
    "border": "rgb(59 73 80)",
    "borderLight": "rgb(59 73 80)",
    "card": "rgb(23 33 38)",
    "contrast50": "rgb(33 43 49)",
    "error": "rgb(209 45 50)",
    "errorSubtle": "rgba(239, 68, 68, 0.24)",
    "errorSubtleForeground": "rgb(255 179 173)",
    "icon": "rgb(186 201 209)",
    "iconActive": "rgb(83 112 126)",
    "info": "rgb(33 112 228)",
    "infoSubtle": "rgba(59, 130, 246, 0.24)",
    "infoSubtleForeground": "rgb(173 198 255)",
    "negative": "rgb(255 180 171)",
    "negativeForeground": "rgb(105 0 5)",
    "negativeSubtle": "rgba(239, 68, 68, 0.24)",
    "negativeSubtleForeground": "rgb(255 179 173)",
    "overlay": "rgba(0, 0, 0, 0.5)",
    "primary": "rgb(83 112 126)",
    "primaryDark": "rgb(6 16 20)",
    "primaryForeground": "rgb(255 255 255)",
    "primaryLight": "rgb(19 29 34)",
    "primarySubtle": "rgba(0, 157, 199, 0.24)",
    "primarySubtleForeground": "rgb(101 211 255)",
    "secondary": "rgb(209 48 66)",
    "secondaryForeground": "rgb(255 255 255)",
    "shadow": "rgba(0, 0, 0, 0.3)",
    "success": "rgb(0 135 92)",
    "successSubtle": "rgba(16, 185, 129, 0.24)",
    "successSubtleForeground": "rgb(59 224 161)",
    "tertiary": "rgb(252 175 0)",
    "tertiaryForeground": "rgb(0 0 0)",
    "text": "rgb(217 228 235)",
    "textSecondary": "rgb(186 201 209)",
    "textTertiary": "rgb(133 147 155)",
    "tint": "rgb(83 112 126)",
    "warning": "rgb(165 104 0)",
    "warningSubtle": "rgba(245, 158, 11, 0.24)",
    "warningSubtleForeground": "rgb(255 185 95)",
  },
  "gray/light": {
    "background": "rgb(234 245 252)",
    "backgroundSecondary": "rgb(234 245 252)",
    "backgroundTertiary": "rgb(228 240 246)",
    "border": "rgb(186 201 209)",
    "borderLight": "rgb(186 201 209)",
    "card": "rgb(255 255 255)",
    "contrast50": "rgb(223 234 241)",
    "error": "rgb(191 31 39)",
    "errorSubtle": "rgba(239, 68, 68, 0.13)",
    "errorSubtleForeground": "rgb(167 55 53)",
    "icon": "rgb(59 73 80)",
    "iconActive": "rgb(71 100 113)",
    "info": "rgb(0 100 213)",
    "infoSubtle": "rgba(59, 130, 246, 0.13)",
    "infoSubtleForeground": "rgb(1 90 194)",
    "negative": "rgb(186 26 26)",
    "negativeForeground": "rgb(255 255 255)",
    "negativeSubtle": "rgba(239, 68, 68, 0.13)",
    "negativeSubtleForeground": "rgb(167 55 53)",
    "overlay": "rgba(0, 0, 0, 0.5)",
    "primary": "rgb(71 100 113)",
    "primaryDark": "rgb(234 245 252)",
    "primaryForeground": "rgb(255 255 255)",
    "primaryLight": "rgb(234 245 252)",
    "primarySubtle": "rgba(0, 157, 199, 0.13)",
    "primarySubtleForeground": "rgb(0 103 131)",
    "secondary": "rgb(191 34 55)",
    "secondaryForeground": "rgb(255 255 255)",
    "shadow": "rgba(0, 0, 0, 0.1)",
    "success": "rgb(0 121 82)",
    "successSubtle": "rgba(16, 185, 129, 0.13)",
    "successSubtleForeground": "rgb(0 108 73)",
    "tertiary": "rgb(143 98 0)",
    "tertiaryForeground": "rgb(255 255 255)",
    "text": "rgb(19 29 34)",
    "textSecondary": "rgb(59 73 80)",
    "textTertiary": "rgb(107 121 129)",
    "tint": "rgb(71 100 113)",
    "warning": "rgb(148 93 0)",
    "warningSubtle": "rgba(245, 158, 11, 0.13)",
    "warningSubtleForeground": "rgb(133 83 0)",
  },
  "green/dark": {
    "background": "rgb(6 16 11)",
    "backgroundSecondary": "rgb(19 30 24)",
    "backgroundTertiary": "rgb(23 34 28)",
    "border": "rgb(59 74 65)",
    "borderLight": "rgb(59 74 65)",
    "card": "rgb(23 34 28)",
    "contrast50": "rgb(33 44 38)",
    "error": "rgb(209 45 50)",
    "errorSubtle": "rgba(239, 68, 68, 0.24)",
    "errorSubtleForeground": "rgb(255 179 173)",
    "icon": "rgb(186 203 191)",
    "iconActive": "rgb(0 135 92)",
    "info": "rgb(33 112 228)",
    "infoSubtle": "rgba(59, 130, 246, 0.24)",
    "infoSubtleForeground": "rgb(173 198 255)",
    "negative": "rgb(255 180 171)",
    "negativeForeground": "rgb(105 0 5)",
    "negativeSubtle": "rgba(239, 68, 68, 0.24)",
    "negativeSubtleForeground": "rgb(255 179 173)",
    "overlay": "rgba(0, 0, 0, 0.5)",
    "primary": "rgb(0 135 92)",
    "primaryDark": "rgb(6 16 11)",
    "primaryForeground": "rgb(255 255 255)",
    "primaryLight": "rgb(19 30 24)",
    "primarySubtle": "rgba(0, 165, 114, 0.24)",
    "primarySubtleForeground": "rgb(0 226 157)",
    "secondary": "rgb(216 52 80)",
    "secondaryForeground": "rgb(255 255 255)",
    "shadow": "rgba(0, 0, 0, 0.3)",
    "success": "rgb(0 135 92)",
    "successSubtle": "rgba(16, 185, 129, 0.24)",
    "successSubtleForeground": "rgb(59 224 161)",
    "tertiary": "rgb(164 62 233)",
    "tertiaryForeground": "rgb(255 255 255)",
    "text": "rgb(217 230 220)",
    "textSecondary": "rgb(186 203 191)",
    "textTertiary": "rgb(132 149 138)",
    "tint": "rgb(0 135 92)",
    "warning": "rgb(165 104 0)",
    "warningSubtle": "rgba(245, 158, 11, 0.24)",
    "warningSubtleForeground": "rgb(255 185 95)",
  },
  "green/light": {
    "background": "rgb(234 247 237)",
    "backgroundSecondary": "rgb(234 247 237)",
    "backgroundTertiary": "rgb(228 241 231)",
    "border": "rgb(186 203 191)",
    "borderLight": "rgb(186 203 191)",
    "card": "rgb(255 255 255)",
    "contrast50": "rgb(222 235 225)",
    "error": "rgb(191 31 39)",
    "errorSubtle": "rgba(239, 68, 68, 0.13)",
    "errorSubtleForeground": "rgb(167 55 53)",
    "icon": "rgb(59 74 65)",
    "iconActive": "rgb(0 121 82)",
    "info": "rgb(0 100 213)",
    "infoSubtle": "rgba(59, 130, 246, 0.13)",
    "infoSubtleForeground": "rgb(1 90 194)",
    "negative": "rgb(186 26 26)",
    "negativeForeground": "rgb(255 255 255)",
    "negativeSubtle": "rgba(239, 68, 68, 0.13)",
    "negativeSubtleForeground": "rgb(167 55 53)",
    "overlay": "rgba(0, 0, 0, 0.5)",
    "primary": "rgb(0 121 82)",
    "primaryDark": "rgb(234 247 237)",
    "primaryForeground": "rgb(255 255 255)",
    "primaryLight": "rgb(234 247 237)",
    "primarySubtle": "rgba(0, 165, 114, 0.13)",
    "primarySubtleForeground": "rgb(0 108 73)",
    "secondary": "rgb(198 38 68)",
    "secondaryForeground": "rgb(255 255 255)",
    "shadow": "rgba(0, 0, 0, 0.1)",
    "success": "rgb(0 121 82)",
    "successSubtle": "rgba(16, 185, 129, 0.13)",
    "successSubtleForeground": "rgb(0 108 73)",
    "tertiary": "rgb(150 45 219)",
    "tertiaryForeground": "rgb(255 255 255)",
    "text": "rgb(19 30 24)",
    "textSecondary": "rgb(59 74 65)",
    "textTertiary": "rgb(107 123 113)",
    "tint": "rgb(0 121 82)",
    "warning": "rgb(148 93 0)",
    "warningSubtle": "rgba(245, 158, 11, 0.13)",
    "warningSubtleForeground": "rgb(133 83 0)",
  },
  "mint/dark": {
    "background": "rgb(5 16 14)",
    "backgroundSecondary": "rgb(17 30 28)",
    "backgroundTertiary": "rgb(21 34 32)",
    "border": "rgb(57 74 71)",
    "borderLight": "rgb(57 74 71)",
    "card": "rgb(21 34 32)",
    "contrast50": "rgb(32 44 42)",
    "error": "rgb(209 45 50)",
    "errorSubtle": "rgba(239, 68, 68, 0.24)",
    "errorSubtleForeground": "rgb(255 179 173)",
    "icon": "rgb(184 202 198)",
    "iconActive": "rgb(0 133 119)",
    "info": "rgb(33 112 228)",
    "infoSubtle": "rgba(59, 130, 246, 0.24)",
    "infoSubtleForeground": "rgb(173 198 255)",
    "negative": "rgb(255 180 171)",
    "negativeForeground": "rgb(105 0 5)",
    "negativeSubtle": "rgba(239, 68, 68, 0.24)",
    "negativeSubtleForeground": "rgb(255 179 173)",
    "overlay": "rgba(0, 0, 0, 0.5)",
    "primary": "rgb(0 133 119)",
    "primaryDark": "rgb(5 16 14)",
    "primaryForeground": "rgb(255 255 255)",
    "primaryLight": "rgb(17 30 28)",
    "primarySubtle": "rgba(0, 163, 146, 0.24)",
    "primarySubtleForeground": "rgb(0 222 201)",
    "secondary": "rgb(214 64 12)",
    "secondaryForeground": "rgb(255 255 255)",
    "shadow": "rgba(0, 0, 0, 0.3)",
    "success": "rgb(0 135 92)",
    "successSubtle": "rgba(16, 185, 129, 0.24)",
    "successSubtleForeground": "rgb(59 224 161)",
    "tertiary": "rgb(186 44 183)",
    "tertiaryForeground": "rgb(255 255 255)",
    "text": "rgb(215 230 225)",
    "textSecondary": "rgb(184 202 198)",
    "textTertiary": "rgb(130 148 144)",
    "tint": "rgb(0 133 119)",
    "warning": "rgb(165 104 0)",
    "warningSubtle": "rgba(245, 158, 11, 0.24)",
    "warningSubtleForeground": "rgb(255 185 95)",
  },
  "mint/light": {
    "background": "rgb(232 247 242)",
    "backgroundSecondary": "rgb(232 247 242)",
    "backgroundTertiary": "rgb(226 241 237)",
    "border": "rgb(184 202 198)",
    "borderLight": "rgb(184 202 198)",
    "card": "rgb(255 255 255)",
    "contrast50": "rgb(221 235 231)",
    "error": "rgb(191 31 39)",
    "errorSubtle": "rgba(239, 68, 68, 0.13)",
    "errorSubtleForeground": "rgb(167 55 53)",
    "icon": "rgb(57 74 71)",
    "iconActive": "rgb(0 119 107)",
    "info": "rgb(0 100 213)",
    "infoSubtle": "rgba(59, 130, 246, 0.13)",
    "infoSubtleForeground": "rgb(1 90 194)",
    "negative": "rgb(186 26 26)",
    "negativeForeground": "rgb(255 255 255)",
    "negativeSubtle": "rgba(239, 68, 68, 0.13)",
    "negativeSubtleForeground": "rgb(167 55 53)",
    "overlay": "rgba(0, 0, 0, 0.5)",
    "primary": "rgb(0 119 107)",
    "primaryDark": "rgb(232 247 242)",
    "primaryForeground": "rgb(255 255 255)",
    "primaryLight": "rgb(232 247 242)",
    "primarySubtle": "rgba(0, 163, 146, 0.13)",
    "primarySubtleForeground": "rgb(0 107 95)",
    "secondary": "rgb(195 54 0)",
    "secondaryForeground": "rgb(255 255 255)",
    "shadow": "rgba(0, 0, 0, 0.1)",
    "success": "rgb(0 121 82)",
    "successSubtle": "rgba(16, 185, 129, 0.13)",
    "successSubtleForeground": "rgb(0 108 73)",
    "tertiary": "rgb(171 25 169)",
    "tertiaryForeground": "rgb(255 255 255)",
    "text": "rgb(17 30 28)",
    "textSecondary": "rgb(57 74 71)",
    "textTertiary": "rgb(105 123 119)",
    "tint": "rgb(0 119 107)",
    "warning": "rgb(148 93 0)",
    "warningSubtle": "rgba(245, 158, 11, 0.13)",
    "warningSubtleForeground": "rgb(133 83 0)",
  },
  "mono/dark": {
    "background": "rgb(14 14 14)",
    "backgroundSecondary": "rgb(27 27 27)",
    "backgroundTertiary": "rgb(31 31 31)",
    "border": "rgb(71 71 71)",
    "borderLight": "rgb(71 71 71)",
    "card": "rgb(31 31 31)",
    "contrast50": "rgb(42 42 42)",
    "error": "rgb(209 45 50)",
    "errorSubtle": "rgba(239, 68, 68, 0.24)",
    "errorSubtleForeground": "rgb(255 179 173)",
    "icon": "rgb(198 198 198)",
    "iconActive": "rgb(238 238 238)",
    "info": "rgb(33 112 228)",
    "infoSubtle": "rgba(59, 130, 246, 0.24)",
    "infoSubtleForeground": "rgb(173 198 255)",
    "negative": "rgb(255 180 171)",
    "negativeForeground": "rgb(105 0 5)",
    "negativeSubtle": "rgba(239, 68, 68, 0.24)",
    "negativeSubtleForeground": "rgb(255 179 173)",
    "overlay": "rgba(0, 0, 0, 0.5)",
    "primary": "rgb(238 238 238)",
    "primaryDark": "rgb(14 14 14)",
    "primaryForeground": "rgb(0 0 0)",
    "primaryLight": "rgb(27 27 27)",
    "primarySubtle": "rgba(145, 145, 145, 0.24)",
    "primarySubtleForeground": "rgb(255 255 255)",
    "secondary": "rgb(176 176 176)",
    "secondaryForeground": "rgb(0 0 0)",
    "shadow": "rgba(0, 0, 0, 0.3)",
    "success": "rgb(0 135 92)",
    "successSubtle": "rgba(16, 185, 129, 0.24)",
    "successSubtleForeground": "rgb(59 224 161)",
    "tertiary": "rgb(238 238 238)",
    "tertiaryForeground": "rgb(0 0 0)",
    "text": "rgb(226 226 226)",
    "textSecondary": "rgb(198 198 198)",
    "textTertiary": "rgb(145 145 145)",
    "tint": "rgb(238 238 238)",
    "warning": "rgb(165 104 0)",
    "warningSubtle": "rgba(245, 158, 11, 0.24)",
    "warningSubtleForeground": "rgb(255 185 95)",
  },
  "mono/light": {
    "background": "rgb(243 243 243)",
    "backgroundSecondary": "rgb(243 243 243)",
    "backgroundTertiary": "rgb(238 238 238)",
    "border": "rgb(198 198 198)",
    "borderLight": "rgb(198 198 198)",
    "card": "rgb(255 255 255)",
    "contrast50": "rgb(232 232 232)",
    "error": "rgb(191 31 39)",
    "errorSubtle": "rgba(239, 68, 68, 0.13)",
    "errorSubtleForeground": "rgb(167 55 53)",
    "icon": "rgb(71 71 71)",
    "iconActive": "rgb(31 31 31)",
    "info": "rgb(0 100 213)",
    "infoSubtle": "rgba(59, 130, 246, 0.13)",
    "infoSubtleForeground": "rgb(1 90 194)",
    "negative": "rgb(186 26 26)",
    "negativeForeground": "rgb(255 255 255)",
    "negativeSubtle": "rgba(239, 68, 68, 0.13)",
    "negativeSubtleForeground": "rgb(167 55 53)",
    "overlay": "rgba(0, 0, 0, 0.5)",
    "primary": "rgb(31 31 31)",
    "primaryDark": "rgb(243 243 243)",
    "primaryForeground": "rgb(255 255 255)",
    "primaryLight": "rgb(243 243 243)",
    "primarySubtle": "rgba(145, 145, 145, 0.13)",
    "primarySubtleForeground": "rgb(0 0 0)",
    "secondary": "rgb(85 85 85)",
    "secondaryForeground": "rgb(255 255 255)",
    "shadow": "rgba(0, 0, 0, 0.1)",
    "success": "rgb(0 121 82)",
    "successSubtle": "rgba(16, 185, 129, 0.13)",
    "successSubtleForeground": "rgb(0 108 73)",
    "tertiary": "rgb(31 31 31)",
    "tertiaryForeground": "rgb(255 255 255)",
    "text": "rgb(27 27 27)",
    "textSecondary": "rgb(71 71 71)",
    "textTertiary": "rgb(119 119 119)",
    "tint": "rgb(31 31 31)",
    "warning": "rgb(148 93 0)",
    "warningSubtle": "rgba(245, 158, 11, 0.13)",
    "warningSubtleForeground": "rgb(133 83 0)",
  },
  "orange/dark": {
    "background": "rgb(23 11 5)",
    "backgroundSecondary": "rgb(38 25 16)",
    "backgroundTertiary": "rgb(42 28 20)",
    "border": "rgb(87 66 55)",
    "borderLight": "rgb(87 66 55)",
    "card": "rgb(42 28 20)",
    "contrast50": "rgb(54 39 30)",
    "error": "rgb(209 45 50)",
    "errorSubtle": "rgba(239, 68, 68, 0.24)",
    "errorSubtleForeground": "rgb(255 179 173)",
    "icon": "rgb(222 193 177)",
    "iconActive": "rgb(189 89 0)",
    "info": "rgb(33 112 228)",
    "infoSubtle": "rgba(59, 130, 246, 0.24)",
    "infoSubtleForeground": "rgb(173 198 255)",
    "negative": "rgb(255 180 171)",
    "negativeForeground": "rgb(105 0 5)",
    "negativeSubtle": "rgba(239, 68, 68, 0.24)",
    "negativeSubtleForeground": "rgb(255 179 173)",
    "overlay": "rgba(0, 0, 0, 0.5)",
    "primary": "rgb(189 89 0)",
    "primaryDark": "rgb(23 11 5)",
    "primaryForeground": "rgb(255 255 255)",
    "primaryLight": "rgb(38 25 16)",
    "primarySubtle": "rgba(231, 110, 0, 0.24)",
    "primarySubtleForeground": "rgb(255 182 139)",
    "secondary": "rgb(0 248 254)",
    "secondaryForeground": "rgb(0 0 0)",
    "shadow": "rgba(0, 0, 0, 0.3)",
    "success": "rgb(0 135 92)",
    "successSubtle": "rgba(16, 185, 129, 0.24)",
    "successSubtleForeground": "rgb(59 224 161)",
    "tertiary": "rgb(80 79 255)",
    "tertiaryForeground": "rgb(255 255 255)",
    "text": "rgb(248 221 208)",
    "textSecondary": "rgb(222 193 177)",
    "textTertiary": "rgb(166 139 125)",
    "tint": "rgb(189 89 0)",
    "warning": "rgb(165 104 0)",
    "warningSubtle": "rgba(245, 158, 11, 0.24)",
    "warningSubtleForeground": "rgb(255 185 95)",
  },
  "orange/light": {
    "background": "rgb(255 241 234)",
    "backgroundSecondary": "rgb(255 241 234)",
    "backgroundTertiary": "rgb(255 234 223)",
    "border": "rgb(222 193 177)",
    "borderLight": "rgb(222 193 177)",
    "card": "rgb(255 255 255)",
    "contrast50": "rgb(254 227 213)",
    "error": "rgb(191 31 39)",
    "errorSubtle": "rgba(239, 68, 68, 0.13)",
    "errorSubtleForeground": "rgb(167 55 53)",
    "icon": "rgb(87 66 55)",
    "iconActive": "rgb(170 79 0)",
    "info": "rgb(0 100 213)",
    "infoSubtle": "rgba(59, 130, 246, 0.13)",
    "infoSubtleForeground": "rgb(1 90 194)",
    "negative": "rgb(186 26 26)",
    "negativeForeground": "rgb(255 255 255)",
    "negativeSubtle": "rgba(239, 68, 68, 0.13)",
    "negativeSubtleForeground": "rgb(167 55 53)",
    "overlay": "rgba(0, 0, 0, 0.5)",
    "primary": "rgb(170 79 0)",
    "primaryDark": "rgb(255 241 234)",
    "primaryForeground": "rgb(255 255 255)",
    "primaryLight": "rgb(255 241 234)",
    "primarySubtle": "rgba(231, 110, 0, 0.13)",
    "primarySubtleForeground": "rgb(153 71 0)",
    "secondary": "rgb(0 119 122)",
    "secondaryForeground": "rgb(255 255 255)",
    "shadow": "rgba(0, 0, 0, 0.1)",
    "success": "rgb(0 121 82)",
    "successSubtle": "rgba(16, 185, 129, 0.13)",
    "successSubtleForeground": "rgb(0 108 73)",
    "tertiary": "rgb(65 62 247)",
    "tertiaryForeground": "rgb(255 255 255)",
    "text": "rgb(38 25 16)",
    "textSecondary": "rgb(87 66 55)",
    "textTertiary": "rgb(139 114 100)",
    "tint": "rgb(170 79 0)",
    "warning": "rgb(148 93 0)",
    "warningSubtle": "rgba(245, 158, 11, 0.13)",
    "warningSubtleForeground": "rgb(133 83 0)",
  },
  "oxy/dark": {
    "background": "rgb(19 12 20)",
    "backgroundSecondary": "rgb(33 25 34)",
    "backgroundTertiary": "rgb(37 29 38)",
    "border": "rgb(79 67 80)",
    "borderLight": "rgb(79 67 80)",
    "card": "rgb(37 29 38)",
    "contrast50": "rgb(48 39 49)",
    "error": "rgb(209 45 50)",
    "errorSubtle": "rgba(239, 68, 68, 0.24)",
    "errorSubtleForeground": "rgb(255 179 173)",
    "icon": "rgb(210 193 210)",
    "iconActive": "rgb(158 74 184)",
    "info": "rgb(33 112 228)",
    "infoSubtle": "rgba(59, 130, 246, 0.24)",
    "infoSubtleForeground": "rgb(173 198 255)",
    "negative": "rgb(255 180 171)",
    "negativeForeground": "rgb(105 0 5)",
    "negativeSubtle": "rgba(239, 68, 68, 0.24)",
    "negativeSubtleForeground": "rgb(255 179 173)",
    "overlay": "rgba(0, 0, 0, 0.5)",
    "primary": "rgb(158 74 184)",
    "primaryDark": "rgb(19 12 20)",
    "primaryForeground": "rgb(255 255 255)",
    "primaryLight": "rgb(33 25 34)",
    "primarySubtle": "rgba(213, 86, 255, 0.24)",
    "primarySubtleForeground": "rgb(240 176 255)",
    "secondary": "rgb(0 253 200)",
    "secondaryForeground": "rgb(0 0 0)",
    "shadow": "rgba(0, 0, 0, 0.3)",
    "success": "rgb(0 135 92)",
    "successSubtle": "rgba(16, 185, 129, 0.24)",
    "successSubtleForeground": "rgb(59 224 161)",
    "tertiary": "rgb(142 249 86)",
    "tertiaryForeground": "rgb(0 0 0)",
    "text": "rgb(237 222 235)",
    "textSecondary": "rgb(210 193 210)",
    "textTertiary": "rgb(155 140 155)",
    "tint": "rgb(158 74 184)",
    "warning": "rgb(165 104 0)",
    "warningSubtle": "rgba(245, 158, 11, 0.24)",
    "warningSubtleForeground": "rgb(255 185 95)",
  },
  "oxy/light": {
    "background": "rgb(255 239 253)",
    "backgroundSecondary": "rgb(255 239 253)",
    "backgroundTertiary": "rgb(249 233 247)",
    "border": "rgb(210 193 210)",
    "borderLight": "rgb(210 193 210)",
    "card": "rgb(255 255 255)",
    "contrast50": "rgb(243 228 241)",
    "error": "rgb(191 31 39)",
    "errorSubtle": "rgba(239, 68, 68, 0.13)",
    "errorSubtleForeground": "rgb(167 55 53)",
    "icon": "rgb(79 67 80)",
    "iconActive": "rgb(144 61 170)",
    "info": "rgb(0 100 213)",
    "infoSubtle": "rgba(59, 130, 246, 0.13)",
    "infoSubtleForeground": "rgb(1 90 194)",
    "negative": "rgb(186 26 26)",
    "negativeForeground": "rgb(255 255 255)",
    "negativeSubtle": "rgba(239, 68, 68, 0.13)",
    "negativeSubtleForeground": "rgb(167 55 53)",
    "overlay": "rgba(0, 0, 0, 0.5)",
    "primary": "rgb(144 61 170)",
    "primaryDark": "rgb(255 239 253)",
    "primaryForeground": "rgb(255 255 255)",
    "primaryLight": "rgb(255 239 253)",
    "primarySubtle": "rgba(213, 86, 255, 0.13)",
    "primarySubtleForeground": "rgb(156 0 200)",
    "secondary": "rgb(0 120 94)",
    "secondaryForeground": "rgb(255 255 255)",
    "shadow": "rgba(0, 0, 0, 0.1)",
    "success": "rgb(0 121 82)",
    "successSubtle": "rgba(16, 185, 129, 0.13)",
    "successSubtleForeground": "rgb(0 108 73)",
    "tertiary": "rgb(48 121 0)",
    "tertiaryForeground": "rgb(255 255 255)",
    "text": "rgb(33 25 34)",
    "textSecondary": "rgb(79 67 80)",
    "textTertiary": "rgb(129 115 129)",
    "tint": "rgb(144 61 170)",
    "warning": "rgb(148 93 0)",
    "warningSubtle": "rgba(245, 158, 11, 0.13)",
    "warningSubtleForeground": "rgb(133 83 0)",
  },
  "peach/dark": {
    "background": "rgb(24 11 6)",
    "backgroundSecondary": "rgb(38 24 18)",
    "backgroundTertiary": "rgb(43 28 21)",
    "border": "rgb(88 66 56)",
    "borderLight": "rgb(88 66 56)",
    "card": "rgb(43 28 21)",
    "contrast50": "rgb(54 38 31)",
    "error": "rgb(209 45 50)",
    "errorSubtle": "rgba(239, 68, 68, 0.24)",
    "errorSubtleForeground": "rgb(255 179 173)",
    "icon": "rgb(223 192 179)",
    "iconActive": "rgb(255 178 141)",
    "info": "rgb(33 112 228)",
    "infoSubtle": "rgba(59, 130, 246, 0.24)",
    "infoSubtleForeground": "rgb(173 198 255)",
    "negative": "rgb(255 180 171)",
    "negativeForeground": "rgb(105 0 5)",
    "negativeSubtle": "rgba(239, 68, 68, 0.24)",
    "negativeSubtleForeground": "rgb(255 179 173)",
    "overlay": "rgba(0, 0, 0, 0.5)",
    "primary": "rgb(255 178 141)",
    "primaryDark": "rgb(24 11 6)",
    "primaryForeground": "rgb(0 0 0)",
    "primaryLight": "rgb(38 24 18)",
    "primarySubtle": "rgba(241, 102, 0, 0.24)",
    "primarySubtleForeground": "rgb(255 182 147)",
    "secondary": "rgb(0 255 251)",
    "secondaryForeground": "rgb(0 0 0)",
    "shadow": "rgba(0, 0, 0, 0.3)",
    "success": "rgb(0 135 92)",
    "successSubtle": "rgba(16, 185, 129, 0.24)",
    "successSubtleForeground": "rgb(59 224 161)",
    "tertiary": "rgb(57 85 255)",
    "tertiaryForeground": "rgb(255 255 255)",
    "text": "rgb(248 221 209)",
    "textSecondary": "rgb(223 192 179)",
    "textTertiary": "rgb(166 139 127)",
    "tint": "rgb(255 178 141)",
    "warning": "rgb(165 104 0)",
    "warningSubtle": "rgba(245, 158, 11, 0.24)",
    "warningSubtleForeground": "rgb(255 185 95)",
  },
  "peach/light": {
    "background": "rgb(255 241 235)",
    "backgroundSecondary": "rgb(255 241 235)",
    "backgroundTertiary": "rgb(255 234 225)",
    "border": "rgb(223 192 179)",
    "borderLight": "rgb(223 192 179)",
    "card": "rgb(255 255 255)",
    "contrast50": "rgb(254 227 215)",
    "error": "rgb(191 31 39)",
    "errorSubtle": "rgba(239, 68, 68, 0.13)",
    "errorSubtleForeground": "rgb(167 55 53)",
    "icon": "rgb(88 66 56)",
    "iconActive": "rgb(139 80 50)",
    "info": "rgb(0 100 213)",
    "infoSubtle": "rgba(59, 130, 246, 0.13)",
    "infoSubtleForeground": "rgb(1 90 194)",
    "negative": "rgb(186 26 26)",
    "negativeForeground": "rgb(255 255 255)",
    "negativeSubtle": "rgba(239, 68, 68, 0.13)",
    "negativeSubtleForeground": "rgb(167 55 53)",
    "overlay": "rgba(0, 0, 0, 0.5)",
    "primary": "rgb(139 80 50)",
    "primaryDark": "rgb(255 241 235)",
    "primaryForeground": "rgb(255 255 255)",
    "primaryLight": "rgb(255 241 235)",
    "primarySubtle": "rgba(241, 102, 0, 0.13)",
    "primarySubtleForeground": "rgb(160 65 0)",
    "secondary": "rgb(0 118 116)",
    "secondaryForeground": "rgb(255 255 255)",
    "shadow": "rgba(0, 0, 0, 0.1)",
    "success": "rgb(0 121 82)",
    "successSubtle": "rgba(16, 185, 129, 0.13)",
    "successSubtleForeground": "rgb(0 108 73)",
    "tertiary": "rgb(34 68 249)",
    "tertiaryForeground": "rgb(255 255 255)",
    "text": "rgb(38 24 18)",
    "textSecondary": "rgb(88 66 56)",
    "textTertiary": "rgb(139 114 102)",
    "tint": "rgb(139 80 50)",
    "warning": "rgb(148 93 0)",
    "warningSubtle": "rgba(245, 158, 11, 0.13)",
    "warningSubtleForeground": "rgb(133 83 0)",
  },
  "pink/dark": {
    "background": "rgb(23 11 14)",
    "backgroundSecondary": "rgb(38 24 27)",
    "backgroundTertiary": "rgb(42 28 31)",
    "border": "rgb(86 65 70)",
    "borderLight": "rgb(86 65 70)",
    "card": "rgb(42 28 31)",
    "contrast50": "rgb(53 38 42)",
    "error": "rgb(209 45 50)",
    "errorSubtle": "rgba(239, 68, 68, 0.24)",
    "errorSubtleForeground": "rgb(255 179 173)",
    "icon": "rgb(220 191 197)",
    "iconActive": "rgb(230 0 116)",
    "info": "rgb(33 112 228)",
    "infoSubtle": "rgba(59, 130, 246, 0.24)",
    "infoSubtleForeground": "rgb(173 198 255)",
    "negative": "rgb(255 180 171)",
    "negativeForeground": "rgb(105 0 5)",
    "negativeSubtle": "rgba(239, 68, 68, 0.24)",
    "negativeSubtleForeground": "rgb(255 179 173)",
    "overlay": "rgba(0, 0, 0, 0.5)",
    "primary": "rgb(230 0 116)",
    "primaryDark": "rgb(23 11 14)",
    "primaryForeground": "rgb(255 255 255)",
    "primaryLight": "rgb(38 24 27)",
    "primarySubtle": "rgba(255, 74, 143, 0.24)",
    "primarySubtleForeground": "rgb(255 177 197)",
    "secondary": "rgb(12 227 255)",
    "secondaryForeground": "rgb(0 0 0)",
    "shadow": "rgba(0, 0, 0, 0.3)",
    "success": "rgb(0 135 92)",
    "successSubtle": "rgba(16, 185, 129, 0.24)",
    "successSubtleForeground": "rgb(59 224 161)",
    "tertiary": "rgb(116 245 95)",
    "tertiaryForeground": "rgb(0 0 0)",
    "text": "rgb(246 220 225)",
    "textSecondary": "rgb(220 191 197)",
    "textTertiary": "rgb(164 138 144)",
    "tint": "rgb(230 0 116)",
    "warning": "rgb(165 104 0)",
    "warningSubtle": "rgba(245, 158, 11, 0.24)",
    "warningSubtleForeground": "rgb(255 185 95)",
  },
  "pink/light": {
    "background": "rgb(255 240 242)",
    "backgroundSecondary": "rgb(255 240 242)",
    "backgroundTertiary": "rgb(255 232 236)",
    "border": "rgb(220 191 197)",
    "borderLight": "rgb(220 191 197)",
    "card": "rgb(255 255 255)",
    "contrast50": "rgb(252 226 231)",
    "error": "rgb(191 31 39)",
    "errorSubtle": "rgba(239, 68, 68, 0.13)",
    "errorSubtleForeground": "rgb(167 55 53)",
    "icon": "rgb(86 65 70)",
    "iconActive": "rgb(207 0 103)",
    "info": "rgb(0 100 213)",
    "infoSubtle": "rgba(59, 130, 246, 0.13)",
    "infoSubtleForeground": "rgb(1 90 194)",
    "negative": "rgb(186 26 26)",
    "negativeForeground": "rgb(255 255 255)",
    "negativeSubtle": "rgba(239, 68, 68, 0.13)",
    "negativeSubtleForeground": "rgb(167 55 53)",
    "overlay": "rgba(0, 0, 0, 0.5)",
    "primary": "rgb(207 0 103)",
    "primaryDark": "rgb(255 240 242)",
    "primaryForeground": "rgb(255 255 255)",
    "primaryLight": "rgb(255 240 242)",
    "primarySubtle": "rgba(255, 74, 143, 0.13)",
    "primarySubtleForeground": "rgb(186 0 93)",
    "secondary": "rgb(0 116 131)",
    "secondaryForeground": "rgb(255 255 255)",
    "shadow": "rgba(0, 0, 0, 0.1)",
    "success": "rgb(0 121 82)",
    "successSubtle": "rgba(16, 185, 129, 0.13)",
    "successSubtleForeground": "rgb(0 108 73)",
    "tertiary": "rgb(0 123 0)",
    "tertiaryForeground": "rgb(255 255 255)",
    "text": "rgb(38 24 27)",
    "textSecondary": "rgb(86 65 70)",
    "textTertiary": "rgb(137 113 118)",
    "tint": "rgb(207 0 103)",
    "warning": "rgb(148 93 0)",
    "warningSubtle": "rgba(245, 158, 11, 0.13)",
    "warningSubtleForeground": "rgb(133 83 0)",
  },
  "pumpkin/dark": {
    "background": "rgb(22 12 4)",
    "backgroundSecondary": "rgb(37 25 14)",
    "backgroundTertiary": "rgb(41 29 18)",
    "border": "rgb(85 67 51)",
    "borderLight": "rgb(85 67 51)",
    "card": "rgb(41 29 18)",
    "contrast50": "rgb(52 40 28)",
    "error": "rgb(209 45 50)",
    "errorSubtle": "rgba(239, 68, 68, 0.24)",
    "errorSubtleForeground": "rgb(255 179 173)",
    "icon": "rgb(219 194 173)",
    "iconActive": "rgb(172 101 0)",
    "info": "rgb(33 112 228)",
    "infoSubtle": "rgba(59, 130, 246, 0.24)",
    "infoSubtleForeground": "rgb(173 198 255)",
    "negative": "rgb(255 180 171)",
    "negativeForeground": "rgb(105 0 5)",
    "negativeSubtle": "rgba(239, 68, 68, 0.24)",
    "negativeSubtleForeground": "rgb(255 179 173)",
    "overlay": "rgba(0, 0, 0, 0.5)",
    "primary": "rgb(172 101 0)",
    "primaryDark": "rgb(22 12 4)",
    "primaryForeground": "rgb(255 255 255)",
    "primaryLight": "rgb(37 25 14)",
    "primarySubtle": "rgba(210, 124, 0, 0.24)",
    "primarySubtleForeground": "rgb(255 184 112)",
    "secondary": "rgb(6 223 255)",
    "secondaryForeground": "rgb(0 0 0)",
    "shadow": "rgba(0, 0, 0, 0.3)",
    "success": "rgb(0 135 92)",
    "successSubtle": "rgba(16, 185, 129, 0.24)",
    "successSubtleForeground": "rgb(59 224 161)",
    "tertiary": "rgb(9 90 255)",
    "tertiaryForeground": "rgb(255 255 255)",
    "text": "rgb(245 223 204)",
    "textSecondary": "rgb(219 194 173)",
    "textTertiary": "rgb(163 141 121)",
    "tint": "rgb(172 101 0)",
    "warning": "rgb(165 104 0)",
    "warningSubtle": "rgba(245, 158, 11, 0.24)",
    "warningSubtleForeground": "rgb(255 185 95)",
  },
  "pumpkin/light": {
    "background": "rgb(255 241 231)",
    "backgroundSecondary": "rgb(255 241 231)",
    "backgroundTertiary": "rgb(255 234 218)",
    "border": "rgb(219 194 173)",
    "borderLight": "rgb(219 194 173)",
    "card": "rgb(255 255 255)",
    "contrast50": "rgb(251 228 210)",
    "error": "rgb(191 31 39)",
    "errorSubtle": "rgba(239, 68, 68, 0.13)",
    "errorSubtleForeground": "rgb(167 55 53)",
    "icon": "rgb(85 67 51)",
    "iconActive": "rgb(154 90 0)",
    "info": "rgb(0 100 213)",
    "infoSubtle": "rgba(59, 130, 246, 0.13)",
    "infoSubtleForeground": "rgb(1 90 194)",
    "negative": "rgb(186 26 26)",
    "negativeForeground": "rgb(255 255 255)",
    "negativeSubtle": "rgba(239, 68, 68, 0.13)",
    "negativeSubtleForeground": "rgb(167 55 53)",
    "overlay": "rgba(0, 0, 0, 0.5)",
    "primary": "rgb(154 90 0)",
    "primaryDark": "rgb(255 241 231)",
    "primaryForeground": "rgb(255 255 255)",
    "primaryLight": "rgb(255 241 231)",
    "primarySubtle": "rgba(210, 124, 0, 0.13)",
    "primarySubtleForeground": "rgb(139 80 0)",
    "secondary": "rgb(0 116 133)",
    "secondaryForeground": "rgb(255 255 255)",
    "shadow": "rgba(0, 0, 0, 0.1)",
    "success": "rgb(0 121 82)",
    "successSubtle": "rgba(16, 185, 129, 0.13)",
    "successSubtleForeground": "rgb(0 108 73)",
    "tertiary": "rgb(0 79 230)",
    "tertiaryForeground": "rgb(255 255 255)",
    "text": "rgb(37 25 14)",
    "textSecondary": "rgb(85 67 51)",
    "textTertiary": "rgb(136 115 97)",
    "tint": "rgb(154 90 0)",
    "warning": "rgb(148 93 0)",
    "warningSubtle": "rgba(245, 158, 11, 0.13)",
    "warningSubtleForeground": "rgb(133 83 0)",
  },
  "purple/dark": {
    "background": "rgb(17 12 22)",
    "backgroundSecondary": "rgb(31 25 35)",
    "backgroundTertiary": "rgb(35 29 39)",
    "border": "rgb(76 68 82)",
    "borderLight": "rgb(76 68 82)",
    "card": "rgb(35 29 39)",
    "contrast50": "rgb(46 40 50)",
    "error": "rgb(209 45 50)",
    "errorSubtle": "rgba(239, 68, 68, 0.24)",
    "errorSubtleForeground": "rgb(255 179 173)",
    "icon": "rgb(207 194 212)",
    "iconActive": "rgb(149 65 219)",
    "info": "rgb(33 112 228)",
    "infoSubtle": "rgba(59, 130, 246, 0.24)",
    "infoSubtleForeground": "rgb(173 198 255)",
    "negative": "rgb(255 180 171)",
    "negativeForeground": "rgb(105 0 5)",
    "negativeSubtle": "rgba(239, 68, 68, 0.24)",
    "negativeSubtleForeground": "rgb(255 179 173)",
    "overlay": "rgba(0, 0, 0, 0.5)",
    "primary": "rgb(149 65 219)",
    "primaryDark": "rgb(17 12 22)",
    "primaryForeground": "rgb(255 255 255)",
    "primaryLight": "rgb(31 25 35)",
    "primarySubtle": "rgba(186, 107, 255, 0.24)",
    "primarySubtleForeground": "rgb(223 183 255)",
    "secondary": "rgb(254 227 0)",
    "secondaryForeground": "rgb(0 0 0)",
    "shadow": "rgba(0, 0, 0, 0.3)",
    "success": "rgb(0 135 92)",
    "successSubtle": "rgba(16, 185, 129, 0.24)",
    "successSubtleForeground": "rgb(59 224 161)",
    "tertiary": "rgb(117 245 95)",
    "tertiaryForeground": "rgb(0 0 0)",
    "text": "rgb(234 223 237)",
    "textSecondary": "rgb(207 194 212)",
    "textTertiary": "rgb(152 141 157)",
    "tint": "rgb(149 65 219)",
    "warning": "rgb(165 104 0)",
    "warningSubtle": "rgba(245, 158, 11, 0.24)",
    "warningSubtleForeground": "rgb(255 185 95)",
  },
  "purple/light": {
    "background": "rgb(252 240 254)",
    "backgroundSecondary": "rgb(252 240 254)",
    "backgroundTertiary": "rgb(246 234 249)",
    "border": "rgb(207 194 212)",
    "borderLight": "rgb(207 194 212)",
    "card": "rgb(255 255 255)",
    "contrast50": "rgb(240 228 243)",
    "error": "rgb(191 31 39)",
    "errorSubtle": "rgba(239, 68, 68, 0.13)",
    "errorSubtleForeground": "rgb(167 55 53)",
    "icon": "rgb(76 68 82)",
    "iconActive": "rgb(135 50 205)",
    "info": "rgb(0 100 213)",
    "infoSubtle": "rgba(59, 130, 246, 0.13)",
    "infoSubtleForeground": "rgb(1 90 194)",
    "negative": "rgb(186 26 26)",
    "negativeForeground": "rgb(255 255 255)",
    "negativeSubtle": "rgba(239, 68, 68, 0.13)",
    "negativeSubtleForeground": "rgb(167 55 53)",
    "overlay": "rgba(0, 0, 0, 0.5)",
    "primary": "rgb(135 50 205)",
    "primaryDark": "rgb(252 240 254)",
    "primaryForeground": "rgb(255 255 255)",
    "primaryLight": "rgb(252 240 254)",
    "primarySubtle": "rgba(186, 107, 255, 0.13)",
    "primarySubtleForeground": "rgb(140 0 229)",
    "secondary": "rgb(119 106 0)",
    "secondaryForeground": "rgb(255 255 255)",
    "shadow": "rgba(0, 0, 0, 0.1)",
    "success": "rgb(0 121 82)",
    "successSubtle": "rgba(16, 185, 129, 0.13)",
    "successSubtleForeground": "rgb(0 108 73)",
    "tertiary": "rgb(1 123 0)",
    "tertiaryForeground": "rgb(255 255 255)",
    "text": "rgb(31 25 35)",
    "textSecondary": "rgb(76 68 82)",
    "textTertiary": "rgb(126 115 131)",
    "tint": "rgb(135 50 205)",
    "warning": "rgb(148 93 0)",
    "warningSubtle": "rgba(245, 158, 11, 0.13)",
    "warningSubtleForeground": "rgb(133 83 0)",
  },
  "red/dark": {
    "background": "rgb(24 11 10)",
    "backgroundSecondary": "rgb(39 24 23)",
    "backgroundTertiary": "rgb(43 28 26)",
    "border": "rgb(88 65 63)",
    "borderLight": "rgb(88 65 63)",
    "card": "rgb(43 28 26)",
    "contrast50": "rgb(54 38 37)",
    "error": "rgb(209 45 50)",
    "errorSubtle": "rgba(239, 68, 68, 0.24)",
    "errorSubtleForeground": "rgb(255 179 173)",
    "icon": "rgb(223 191 188)",
    "iconActive": "rgb(209 45 50)",
    "info": "rgb(33 112 228)",
    "infoSubtle": "rgba(59, 130, 246, 0.24)",
    "infoSubtleForeground": "rgb(173 198 255)",
    "negative": "rgb(255 180 171)",
    "negativeForeground": "rgb(105 0 5)",
    "negativeSubtle": "rgba(239, 68, 68, 0.24)",
    "negativeSubtleForeground": "rgb(255 179 173)",
    "overlay": "rgba(0, 0, 0, 0.5)",
    "primary": "rgb(209 45 50)",
    "primaryDark": "rgb(24 11 10)",
    "primaryForeground": "rgb(255 255 255)",
    "primaryLight": "rgb(39 24 23)",
    "primarySubtle": "rgba(255, 84, 81, 0.24)",
    "primarySubtleForeground": "rgb(255 179 173)",
    "secondary": "rgb(0 127 168)",
    "secondaryForeground": "rgb(255 255 255)",
    "shadow": "rgba(0, 0, 0, 0.3)",
    "success": "rgb(0 135 92)",
    "successSubtle": "rgba(16, 185, 129, 0.24)",
    "successSubtleForeground": "rgb(59 224 161)",
    "tertiary": "rgb(90 250 115)",
    "tertiaryForeground": "rgb(0 0 0)",
    "text": "rgb(249 220 217)",
    "textSecondary": "rgb(223 191 188)",
    "textTertiary": "rgb(167 138 136)",
    "tint": "rgb(209 45 50)",
    "warning": "rgb(165 104 0)",
    "warningSubtle": "rgba(245, 158, 11, 0.24)",
    "warningSubtleForeground": "rgb(255 185 95)",
  },
  "red/light": {
    "background": "rgb(255 240 239)",
    "backgroundSecondary": "rgb(255 240 239)",
    "backgroundTertiary": "rgb(255 233 231)",
    "border": "rgb(223 191 188)",
    "borderLight": "rgb(223 191 188)",
    "card": "rgb(255 255 255)",
    "contrast50": "rgb(254 226 223)",
    "error": "rgb(191 31 39)",
    "errorSubtle": "rgba(239, 68, 68, 0.13)",
    "errorSubtleForeground": "rgb(167 55 53)",
    "icon": "rgb(88 65 63)",
    "iconActive": "rgb(191 31 39)",
    "info": "rgb(0 100 213)",
    "infoSubtle": "rgba(59, 130, 246, 0.13)",
    "infoSubtleForeground": "rgb(1 90 194)",
    "negative": "rgb(186 26 26)",
    "negativeForeground": "rgb(255 255 255)",
    "negativeSubtle": "rgba(239, 68, 68, 0.13)",
    "negativeSubtleForeground": "rgb(167 55 53)",
    "overlay": "rgba(0, 0, 0, 0.5)",
    "primary": "rgb(191 31 39)",
    "primaryDark": "rgb(255 240 239)",
    "primaryForeground": "rgb(255 255 255)",
    "primaryLight": "rgb(255 240 239)",
    "primarySubtle": "rgba(255, 84, 81, 0.13)",
    "primarySubtleForeground": "rgb(192 0 29)",
    "secondary": "rgb(0 114 151)",
    "secondaryForeground": "rgb(255 255 255)",
    "shadow": "rgba(0, 0, 0, 0.1)",
    "success": "rgb(0 121 82)",
    "successSubtle": "rgba(16, 185, 129, 0.13)",
    "successSubtleForeground": "rgb(0 108 73)",
    "tertiary": "rgb(0 122 40)",
    "tertiaryForeground": "rgb(255 255 255)",
    "text": "rgb(39 24 23)",
    "textSecondary": "rgb(88 65 63)",
    "textTertiary": "rgb(140 113 110)",
    "tint": "rgb(191 31 39)",
    "warning": "rgb(148 93 0)",
    "warningSubtle": "rgba(245, 158, 11, 0.13)",
    "warningSubtleForeground": "rgb(133 83 0)",
  },
  "rose/dark": {
    "background": "rgb(20 11 20)",
    "backgroundSecondary": "rgb(34 25 33)",
    "backgroundTertiary": "rgb(38 29 37)",
    "border": "rgb(80 67 79)",
    "borderLight": "rgb(80 67 79)",
    "card": "rgb(38 29 37)",
    "contrast50": "rgb(49 39 48)",
    "error": "rgb(209 45 50)",
    "errorSubtle": "rgba(239, 68, 68, 0.24)",
    "errorSubtleForeground": "rgb(255 179 173)",
    "icon": "rgb(212 193 208)",
    "iconActive": "rgb(252 175 254)",
    "info": "rgb(33 112 228)",
    "infoSubtle": "rgba(59, 130, 246, 0.24)",
    "infoSubtleForeground": "rgb(173 198 255)",
    "negative": "rgb(255 180 171)",
    "negativeForeground": "rgb(105 0 5)",
    "negativeSubtle": "rgba(239, 68, 68, 0.24)",
    "negativeSubtleForeground": "rgb(255 179 173)",
    "overlay": "rgba(0, 0, 0, 0.5)",
    "primary": "rgb(252 175 254)",
    "primaryDark": "rgb(20 11 20)",
    "primaryForeground": "rgb(0 0 0)",
    "primaryLight": "rgb(34 25 33)",
    "primarySubtle": "rgba(232, 64, 255, 0.24)",
    "primarySubtleForeground": "rgb(252 170 255)",
    "secondary": "rgb(0 255 217)",
    "secondaryForeground": "rgb(0 0 0)",
    "shadow": "rgba(0, 0, 0, 0.3)",
    "success": "rgb(0 135 92)",
    "successSubtle": "rgba(16, 185, 129, 0.24)",
    "successSubtleForeground": "rgb(59 224 161)",
    "tertiary": "rgb(118 245 94)",
    "tertiaryForeground": "rgb(0 0 0)",
    "text": "rgb(239 222 234)",
    "textSecondary": "rgb(212 193 208)",
    "textTertiary": "rgb(157 140 154)",
    "tint": "rgb(252 175 254)",
    "warning": "rgb(165 104 0)",
    "warningSubtle": "rgba(245, 158, 11, 0.24)",
    "warningSubtleForeground": "rgb(255 185 95)",
  },
  "rose/light": {
    "background": "rgb(255 239 250)",
    "backgroundSecondary": "rgb(255 239 250)",
    "backgroundTertiary": "rgb(250 233 246)",
    "border": "rgb(212 193 208)",
    "borderLight": "rgb(212 193 208)",
    "card": "rgb(255 255 255)",
    "contrast50": "rgb(244 227 240)",
    "error": "rgb(191 31 39)",
    "errorSubtle": "rgba(239, 68, 68, 0.13)",
    "errorSubtleForeground": "rgb(167 55 53)",
    "icon": "rgb(80 67 79)",
    "iconActive": "rgb(145 79 150)",
    "info": "rgb(0 100 213)",
    "infoSubtle": "rgba(59, 130, 246, 0.13)",
    "infoSubtleForeground": "rgb(1 90 194)",
    "negative": "rgb(186 26 26)",
    "negativeForeground": "rgb(255 255 255)",
    "negativeSubtle": "rgba(239, 68, 68, 0.13)",
    "negativeSubtleForeground": "rgb(167 55 53)",
    "overlay": "rgba(0, 0, 0, 0.5)",
    "primary": "rgb(145 79 150)",
    "primaryDark": "rgb(255 239 250)",
    "primaryForeground": "rgb(255 255 255)",
    "primaryLight": "rgb(255 239 250)",
    "primarySubtle": "rgba(232, 64, 255, 0.13)",
    "primarySubtleForeground": "rgb(163 0 184)",
    "secondary": "rgb(0 118 99)",
    "secondaryForeground": "rgb(255 255 255)",
    "shadow": "rgba(0, 0, 0, 0.1)",
    "success": "rgb(0 121 82)",
    "successSubtle": "rgba(16, 185, 129, 0.13)",
    "successSubtleForeground": "rgb(0 108 73)",
    "tertiary": "rgb(7 123 0)",
    "tertiaryForeground": "rgb(255 255 255)",
    "text": "rgb(34 25 33)",
    "textSecondary": "rgb(80 67 79)",
    "textTertiary": "rgb(130 114 128)",
    "tint": "rgb(145 79 150)",
    "warning": "rgb(148 93 0)",
    "warningSubtle": "rgba(245, 158, 11, 0.13)",
    "warningSubtleForeground": "rgb(133 83 0)",
  },
  "sky/dark": {
    "background": "rgb(7 15 22)",
    "backgroundSecondary": "rgb(20 28 35)",
    "backgroundTertiary": "rgb(24 32 39)",
    "border": "rgb(61 72 82)",
    "borderLight": "rgb(61 72 82)",
    "card": "rgb(24 32 39)",
    "contrast50": "rgb(35 43 50)",
    "error": "rgb(209 45 50)",
    "errorSubtle": "rgba(239, 68, 68, 0.24)",
    "errorSubtleForeground": "rgb(255 179 173)",
    "icon": "rgb(189 200 211)",
    "iconActive": "rgb(0 125 182)",
    "info": "rgb(33 112 228)",
    "infoSubtle": "rgba(59, 130, 246, 0.24)",
    "infoSubtleForeground": "rgb(173 198 255)",
    "negative": "rgb(255 180 171)",
    "negativeForeground": "rgb(105 0 5)",
    "negativeSubtle": "rgba(239, 68, 68, 0.24)",
    "negativeSubtleForeground": "rgb(255 179 173)",
    "overlay": "rgba(0, 0, 0, 0.5)",
    "primary": "rgb(0 125 182)",
    "primaryDark": "rgb(7 15 22)",
    "primaryForeground": "rgb(255 255 255)",
    "primaryLight": "rgb(20 28 35)",
    "primarySubtle": "rgba(0, 153, 222, 0.24)",
    "primarySubtleForeground": "rgb(141 205 255)",
    "secondary": "rgb(204 50 38)",
    "secondaryForeground": "rgb(255 255 255)",
    "shadow": "rgba(0, 0, 0, 0.3)",
    "success": "rgb(0 135 92)",
    "successSubtle": "rgba(16, 185, 129, 0.24)",
    "successSubtleForeground": "rgb(59 224 161)",
    "tertiary": "rgb(253 204 0)",
    "tertiaryForeground": "rgb(0 0 0)",
    "text": "rgb(219 227 237)",
    "textSecondary": "rgb(189 200 211)",
    "textTertiary": "rgb(135 146 157)",
    "tint": "rgb(0 125 182)",
    "warning": "rgb(165 104 0)",
    "warningSubtle": "rgba(245, 158, 11, 0.24)",
    "warningSubtleForeground": "rgb(255 185 95)",
  },
  "sky/light": {
    "background": "rgb(236 244 254)",
    "backgroundSecondary": "rgb(236 244 254)",
    "backgroundTertiary": "rgb(230 239 248)",
    "border": "rgb(189 200 211)",
    "borderLight": "rgb(189 200 211)",
    "card": "rgb(255 255 255)",
    "contrast50": "rgb(225 233 243)",
    "error": "rgb(191 31 39)",
    "errorSubtle": "rgba(239, 68, 68, 0.13)",
    "errorSubtleForeground": "rgb(167 55 53)",
    "icon": "rgb(61 72 82)",
    "iconActive": "rgb(0 112 163)",
    "info": "rgb(0 100 213)",
    "infoSubtle": "rgba(59, 130, 246, 0.13)",
    "infoSubtleForeground": "rgb(1 90 194)",
    "negative": "rgb(186 26 26)",
    "negativeForeground": "rgb(255 255 255)",
    "negativeSubtle": "rgba(239, 68, 68, 0.13)",
    "negativeSubtleForeground": "rgb(167 55 53)",
    "overlay": "rgba(0, 0, 0, 0.5)",
    "primary": "rgb(0 112 163)",
    "primaryDark": "rgb(236 244 254)",
    "primaryForeground": "rgb(255 255 255)",
    "primaryLight": "rgb(236 244 254)",
    "primarySubtle": "rgba(0, 153, 222, 0.13)",
    "primarySubtleForeground": "rgb(0 100 147)",
    "secondary": "rgb(186 37 27)",
    "secondaryForeground": "rgb(255 255 255)",
    "shadow": "rgba(0, 0, 0, 0.1)",
    "success": "rgb(0 121 82)",
    "successSubtle": "rgba(16, 185, 129, 0.13)",
    "successSubtleForeground": "rgb(0 108 73)",
    "tertiary": "rgb(128 102 0)",
    "tertiaryForeground": "rgb(255 255 255)",
    "text": "rgb(20 28 35)",
    "textSecondary": "rgb(61 72 82)",
    "textTertiary": "rgb(109 120 131)",
    "tint": "rgb(0 112 163)",
    "warning": "rgb(148 93 0)",
    "warningSubtle": "rgba(245, 158, 11, 0.13)",
    "warningSubtleForeground": "rgb(133 83 0)",
  },
  "teal/dark": {
    "background": "rgb(5 16 18)",
    "backgroundSecondary": "rgb(17 29 32)",
    "backgroundTertiary": "rgb(21 34 36)",
    "border": "rgb(57 73 77)",
    "borderLight": "rgb(57 73 77)",
    "card": "rgb(21 34 36)",
    "contrast50": "rgb(32 44 46)",
    "error": "rgb(209 45 50)",
    "errorSubtle": "rgba(239, 68, 68, 0.24)",
    "errorSubtleForeground": "rgb(255 179 173)",
    "icon": "rgb(184 202 205)",
    "iconActive": "rgb(45 119 130)",
    "info": "rgb(33 112 228)",
    "infoSubtle": "rgba(59, 130, 246, 0.24)",
    "infoSubtleForeground": "rgb(173 198 255)",
    "negative": "rgb(255 180 171)",
    "negativeForeground": "rgb(105 0 5)",
    "negativeSubtle": "rgba(239, 68, 68, 0.24)",
    "negativeSubtleForeground": "rgb(255 179 173)",
    "overlay": "rgba(0, 0, 0, 0.5)",
    "primary": "rgb(45 119 130)",
    "primaryDark": "rgb(5 16 18)",
    "primaryForeground": "rgb(255 255 255)",
    "primaryLight": "rgb(17 29 32)",
    "primarySubtle": "rgba(0, 159, 177, 0.24)",
    "primarySubtleForeground": "rgb(0 218 242)",
    "secondary": "rgb(199 36 110)",
    "secondaryForeground": "rgb(255 255 255)",
    "shadow": "rgba(0, 0, 0, 0.3)",
    "success": "rgb(0 135 92)",
    "successSubtle": "rgba(16, 185, 129, 0.24)",
    "successSubtleForeground": "rgb(59 224 161)",
    "tertiary": "rgb(176 98 0)",
    "tertiaryForeground": "rgb(255 255 255)",
    "text": "rgb(215 229 232)",
    "textSecondary": "rgb(184 202 205)",
    "textTertiary": "rgb(131 148 151)",
    "tint": "rgb(45 119 130)",
    "warning": "rgb(165 104 0)",
    "warningSubtle": "rgba(245, 158, 11, 0.24)",
    "warningSubtleForeground": "rgb(255 185 95)",
  },
  "teal/light": {
    "background": "rgb(233 246 249)",
    "backgroundSecondary": "rgb(233 246 249)",
    "backgroundTertiary": "rgb(227 240 243)",
    "border": "rgb(184 202 205)",
    "borderLight": "rgb(184 202 205)",
    "card": "rgb(255 255 255)",
    "contrast50": "rgb(221 235 237)",
    "error": "rgb(191 31 39)",
    "errorSubtle": "rgba(239, 68, 68, 0.13)",
    "errorSubtleForeground": "rgb(167 55 53)",
    "icon": "rgb(57 73 77)",
    "iconActive": "rgb(29 106 117)",
    "info": "rgb(0 100 213)",
    "infoSubtle": "rgba(59, 130, 246, 0.13)",
    "infoSubtleForeground": "rgb(1 90 194)",
    "negative": "rgb(186 26 26)",
    "negativeForeground": "rgb(255 255 255)",
    "negativeSubtle": "rgba(239, 68, 68, 0.13)",
    "negativeSubtleForeground": "rgb(167 55 53)",
    "overlay": "rgba(0, 0, 0, 0.5)",
    "primary": "rgb(29 106 117)",
    "primaryDark": "rgb(233 246 249)",
    "primaryForeground": "rgb(255 255 255)",
    "primaryLight": "rgb(233 246 249)",
    "primarySubtle": "rgba(0, 159, 177, 0.13)",
    "primarySubtleForeground": "rgb(0 104 117)",
    "secondary": "rgb(182 18 97)",
    "secondaryForeground": "rgb(255 255 255)",
    "shadow": "rgba(0, 0, 0, 0.1)",
    "success": "rgb(0 121 82)",
    "successSubtle": "rgba(16, 185, 129, 0.13)",
    "successSubtleForeground": "rgb(0 108 73)",
    "tertiary": "rgb(158 88 0)",
    "tertiaryForeground": "rgb(255 255 255)",
    "text": "rgb(17 29 32)",
    "textSecondary": "rgb(57 73 77)",
    "textTertiary": "rgb(105 122 125)",
    "tint": "rgb(29 106 117)",
    "warning": "rgb(148 93 0)",
    "warningSubtle": "rgba(245, 158, 11, 0.13)",
    "warningSubtleForeground": "rgb(133 83 0)",
  },
  "yellow/dark": {
    "background": "rgb(18 14 3)",
    "backgroundSecondary": "rgb(32 27 13)",
    "backgroundTertiary": "rgb(36 31 17)",
    "border": "rgb(77 70 50)",
    "borderLight": "rgb(77 70 50)",
    "card": "rgb(36 31 17)",
    "contrast50": "rgb(46 42 26)",
    "error": "rgb(209 45 50)",
    "errorSubtle": "rgba(239, 68, 68, 0.24)",
    "errorSubtleForeground": "rgb(255 179 173)",
    "icon": "rgb(208 198 171)",
    "iconActive": "rgb(140 116 0)",
    "info": "rgb(33 112 228)",
    "infoSubtle": "rgba(59, 130, 246, 0.24)",
    "infoSubtleForeground": "rgb(173 198 255)",
    "negative": "rgb(255 180 171)",
    "negativeForeground": "rgb(105 0 5)",
    "negativeSubtle": "rgba(239, 68, 68, 0.24)",
    "negativeSubtleForeground": "rgb(255 179 173)",
    "overlay": "rgba(0, 0, 0, 0.5)",
    "primary": "rgb(140 116 0)",
    "primaryDark": "rgb(18 14 3)",
    "primaryForeground": "rgb(255 255 255)",
    "primaryLight": "rgb(32 27 13)",
    "primarySubtle": "rgba(172, 142, 0, 0.24)",
    "primarySubtleForeground": "rgb(235 195 0)",
    "secondary": "rgb(0 125 188)",
    "secondaryForeground": "rgb(255 255 255)",
    "shadow": "rgba(0, 0, 0, 0.3)",
    "success": "rgb(0 135 92)",
    "successSubtle": "rgba(16, 185, 129, 0.24)",
    "successSubtleForeground": "rgb(59 224 161)",
    "tertiary": "rgb(143 66 246)",
    "tertiaryForeground": "rgb(255 255 255)",
    "text": "rgb(236 226 202)",
    "textSecondary": "rgb(208 198 171)",
    "textTertiary": "rgb(153 144 119)",
    "tint": "rgb(140 116 0)",
    "warning": "rgb(165 104 0)",
    "warningSubtle": "rgba(245, 158, 11, 0.24)",
    "warningSubtleForeground": "rgb(255 185 95)",
  },
  "yellow/light": {
    "background": "rgb(253 243 219)",
    "backgroundSecondary": "rgb(253 243 219)",
    "backgroundTertiary": "rgb(247 237 213)",
    "border": "rgb(208 198 171)",
    "borderLight": "rgb(208 198 171)",
    "card": "rgb(255 255 255)",
    "contrast50": "rgb(241 231 208)",
    "error": "rgb(191 31 39)",
    "errorSubtle": "rgba(239, 68, 68, 0.13)",
    "errorSubtleForeground": "rgb(167 55 53)",
    "icon": "rgb(77 70 50)",
    "iconActive": "rgb(126 103 0)",
    "info": "rgb(0 100 213)",
    "infoSubtle": "rgba(59, 130, 246, 0.13)",
    "infoSubtleForeground": "rgb(1 90 194)",
    "negative": "rgb(186 26 26)",
    "negativeForeground": "rgb(255 255 255)",
    "negativeSubtle": "rgba(239, 68, 68, 0.13)",
    "negativeSubtleForeground": "rgb(167 55 53)",
    "overlay": "rgba(0, 0, 0, 0.5)",
    "primary": "rgb(126 103 0)",
    "primaryDark": "rgb(253 243 219)",
    "primaryForeground": "rgb(255 255 255)",
    "primaryLight": "rgb(253 243 219)",
    "primarySubtle": "rgba(172, 142, 0, 0.13)",
    "primarySubtleForeground": "rgb(113 93 0)",
    "secondary": "rgb(0 112 169)",
    "secondaryForeground": "rgb(255 255 255)",
    "shadow": "rgba(0, 0, 0, 0.1)",
    "success": "rgb(0 121 82)",
    "successSubtle": "rgba(16, 185, 129, 0.13)",
    "successSubtleForeground": "rgb(0 108 73)",
    "tertiary": "rgb(130 50 232)",
    "tertiaryForeground": "rgb(255 255 255)",
    "text": "rgb(32 27 13)",
    "textSecondary": "rgb(77 70 50)",
    "textTertiary": "rgb(127 119 95)",
    "tint": "rgb(126 103 0)",
    "warning": "rgb(148 93 0)",
    "warningSubtle": "rgba(245, 158, 11, 0.13)",
    "warningSubtleForeground": "rgb(133 83 0)",
  },
}
`;
