// Jest Snapshot v1, https://jestjs.io/docs/snapshot-testing

exports[`theme.colors snapshot for all presets (catches unintended palette shifts) 1`] = `
{
  "amber/dark": {
    "background": "rgb(19 14 6)",
    "backgroundSecondary": "rgb(55 48 37)",
    "backgroundTertiary": "rgb(60 53 42)",
    "border": "rgb(57 53 45)",
    "borderLight": "rgb(65 60 53)",
    "card": "rgb(33 28 18)",
    "contrast50": "rgb(237 237 237 / 0.5)",
    "error": "#EF4444",
    "icon": "rgb(179 179 179)",
    "iconActive": "rgb(245 159 10)",
    "info": "#3B82F6",
    "negative": "rgb(239 67 67)",
    "negativeForeground": "#FFFFFF",
    "negativeSubtle": "rgb(239 67 67 / 0.16)",
    "negativeSubtleForeground": "rgb(239 67 67)",
    "overlay": "rgba(0, 0, 0, 0.5)",
    "primary": "rgb(245 159 10)",
    "primaryDark": "rgb(245 159 10)",
    "primaryForeground": "rgb(0 0 0)",
    "primaryLight": "rgb(60 53 42)",
    "primarySubtle": "rgb(245 159 10 / 0.16)",
    "primarySubtleForeground": "rgb(245 159 10)",
    "secondary": "rgb(55 48 37)",
    "shadow": "rgba(0, 0, 0, 0.3)",
    "success": "#10B981",
    "text": "rgb(237 237 237)",
    "textSecondary": "rgb(179 179 179)",
    "textTertiary": "rgb(179 179 179)",
    "tint": "rgb(245 159 10)",
    "warning": "#F59E0B",
  },
  "amber/light": {
    "background": "rgb(250 246 239)",
    "backgroundSecondary": "rgb(249 242 231)",
    "backgroundTertiary": "rgb(246 238 223)",
    "border": "rgb(235 225 209)",
    "borderLight": "rgb(235 225 209)",
    "card": "rgb(252 248 243)",
    "contrast50": "rgb(31 31 31 / 0.5)",
    "error": "#EF4444",
    "icon": "rgb(112 109 102)",
    "iconActive": "rgb(245 159 10)",
    "info": "#3B82F6",
    "negative": "rgb(239 67 67)",
    "negativeForeground": "#FFFFFF",
    "negativeSubtle": "rgb(239 67 67 / 0.12)",
    "negativeSubtleForeground": "rgb(239 67 67)",
    "overlay": "rgba(0, 0, 0, 0.5)",
    "primary": "rgb(245 159 10)",
    "primaryDark": "rgb(245 159 10)",
    "primaryForeground": "rgb(0 0 0)",
    "primaryLight": "rgb(246 238 223)",
    "primarySubtle": "rgb(245 159 10 / 0.12)",
    "primarySubtleForeground": "rgb(245 159 10)",
    "secondary": "rgb(246 238 223)",
    "shadow": "rgba(0, 0, 0, 0.1)",
    "success": "#10B981",
    "text": "rgb(31 31 31)",
    "textSecondary": "rgb(112 109 102)",
    "textTertiary": "rgb(112 109 102)",
    "tint": "rgb(245 159 10)",
    "warning": "#F59E0B",
  },
  "blue/dark": {
    "background": "rgb(6 14 19)",
    "backgroundSecondary": "rgb(37 47 55)",
    "backgroundTertiary": "rgb(42 53 60)",
    "border": "rgb(45 52 57)",
    "borderLight": "rgb(53 60 65)",
    "card": "rgb(18 27 33)",
    "contrast50": "rgb(237 237 237 / 0.5)",
    "error": "#EF4444",
    "icon": "rgb(179 179 179)",
    "iconActive": "rgb(31 153 239)",
    "info": "#3B82F6",
    "negative": "rgb(239 67 67)",
    "negativeForeground": "#FFFFFF",
    "negativeSubtle": "rgb(239 67 67 / 0.16)",
    "negativeSubtleForeground": "rgb(239 67 67)",
    "overlay": "rgba(0, 0, 0, 0.5)",
    "primary": "rgb(31 153 239)",
    "primaryDark": "rgb(31 153 239)",
    "primaryForeground": "rgb(255 255 255)",
    "primaryLight": "rgb(42 53 60)",
    "primarySubtle": "rgb(31 153 239 / 0.16)",
    "primarySubtleForeground": "rgb(31 153 239)",
    "secondary": "rgb(37 47 55)",
    "shadow": "rgba(0, 0, 0, 0.3)",
    "success": "#10B981",
    "text": "rgb(237 237 237)",
    "textSecondary": "rgb(179 179 179)",
    "textTertiary": "rgb(179 179 179)",
    "tint": "rgb(31 153 239)",
    "warning": "#F59E0B",
  },
  "blue/light": {
    "background": "rgb(239 246 250)",
    "backgroundSecondary": "rgb(231 241 249)",
    "backgroundTertiary": "rgb(223 236 246)",
    "border": "rgb(209 224 235)",
    "borderLight": "rgb(209 224 235)",
    "card": "rgb(243 248 252)",
    "contrast50": "rgb(31 31 31 / 0.5)",
    "error": "#EF4444",
    "icon": "rgb(102 108 112)",
    "iconActive": "rgb(31 153 239)",
    "info": "#3B82F6",
    "negative": "rgb(239 67 67)",
    "negativeForeground": "#FFFFFF",
    "negativeSubtle": "rgb(239 67 67 / 0.12)",
    "negativeSubtleForeground": "rgb(239 67 67)",
    "overlay": "rgba(0, 0, 0, 0.5)",
    "primary": "rgb(31 153 239)",
    "primaryDark": "rgb(31 153 239)",
    "primaryForeground": "rgb(255 255 255)",
    "primaryLight": "rgb(223 236 246)",
    "primarySubtle": "rgb(31 153 239 / 0.12)",
    "primarySubtleForeground": "rgb(31 153 239)",
    "secondary": "rgb(223 236 246)",
    "shadow": "rgba(0, 0, 0, 0.1)",
    "success": "#10B981",
    "text": "rgb(31 31 31)",
    "textSecondary": "rgb(102 108 112)",
    "textTertiary": "rgb(102 108 112)",
    "tint": "rgb(31 153 239)",
    "warning": "#F59E0B",
  },
  "faircoin/dark": {
    "background": "rgb(28 31 9)",
    "backgroundSecondary": "rgb(40 43 23)",
    "backgroundTertiary": "rgb(46 48 33)",
    "border": "rgb(52 55 37)",
    "borderLight": "rgb(56 59 43)",
    "card": "rgb(25 33 18)",
    "contrast50": "rgb(237 237 237 / 0.5)",
    "error": "#EF4444",
    "icon": "rgb(117 117 117)",
    "iconActive": "rgb(160 251 80)",
    "info": "#3B82F6",
    "negative": "rgb(239 67 67)",
    "negativeForeground": "#FFFFFF",
    "negativeSubtle": "rgb(239 67 67 / 0.16)",
    "negativeSubtleForeground": "rgb(239 67 67)",
    "overlay": "rgba(0, 0, 0, 0.5)",
    "primary": "rgb(160 251 80)",
    "primaryDark": "rgb(160 251 80)",
    "primaryForeground": "rgb(0 0 0)",
    "primaryLight": "rgb(46 48 33)",
    "primarySubtle": "rgb(160 251 80 / 0.16)",
    "primarySubtleForeground": "rgb(160 251 80)",
    "secondary": "rgb(44 46 31)",
    "shadow": "rgba(0, 0, 0, 0.3)",
    "success": "#10B981",
    "text": "rgb(237 237 237)",
    "textSecondary": "rgb(117 117 117)",
    "textTertiary": "rgb(117 117 117)",
    "tint": "rgb(160 251 80)",
    "warning": "#F59E0B",
  },
  "faircoin/light": {
    "background": "rgb(244 250 239)",
    "backgroundSecondary": "rgb(239 249 231)",
    "backgroundTertiary": "rgb(234 246 223)",
    "border": "rgb(221 235 209)",
    "borderLight": "rgb(221 235 209)",
    "card": "rgb(247 252 243)",
    "contrast50": "rgb(31 31 31 / 0.5)",
    "error": "#EF4444",
    "icon": "rgb(102 107 97)",
    "iconActive": "rgb(60 121 6)",
    "info": "#3B82F6",
    "negative": "rgb(239 67 67)",
    "negativeForeground": "#FFFFFF",
    "negativeSubtle": "rgb(239 67 67 / 0.12)",
    "negativeSubtleForeground": "rgb(239 67 67)",
    "overlay": "rgba(0, 0, 0, 0.5)",
    "primary": "rgb(60 121 6)",
    "primaryDark": "rgb(60 121 6)",
    "primaryForeground": "rgb(255 255 255)",
    "primaryLight": "rgb(234 246 223)",
    "primarySubtle": "rgb(60 121 6 / 0.12)",
    "primarySubtleForeground": "rgb(60 121 6)",
    "secondary": "rgb(234 246 223)",
    "shadow": "rgba(0, 0, 0, 0.1)",
    "success": "#10B981",
    "text": "rgb(31 31 31)",
    "textSecondary": "rgb(102 107 97)",
    "textTertiary": "rgb(102 107 97)",
    "tint": "rgb(60 121 6)",
    "warning": "#F59E0B",
  },
  "green/dark": {
    "background": "rgb(6 19 15)",
    "backgroundSecondary": "rgb(37 55 49)",
    "backgroundTertiary": "rgb(42 60 54)",
    "border": "rgb(45 57 53)",
    "borderLight": "rgb(53 65 61)",
    "card": "rgb(18 33 28)",
    "contrast50": "rgb(237 237 237 / 0.5)",
    "error": "#EF4444",
    "icon": "rgb(179 179 179)",
    "iconActive": "rgb(16 183 127)",
    "info": "#3B82F6",
    "negative": "rgb(239 67 67)",
    "negativeForeground": "#FFFFFF",
    "negativeSubtle": "rgb(239 67 67 / 0.16)",
    "negativeSubtleForeground": "rgb(239 67 67)",
    "overlay": "rgba(0, 0, 0, 0.5)",
    "primary": "rgb(16 183 127)",
    "primaryDark": "rgb(16 183 127)",
    "primaryForeground": "rgb(255 255 255)",
    "primaryLight": "rgb(42 60 54)",
    "primarySubtle": "rgb(16 183 127 / 0.16)",
    "primarySubtleForeground": "rgb(16 183 127)",
    "secondary": "rgb(37 55 49)",
    "shadow": "rgba(0, 0, 0, 0.3)",
    "success": "#10B981",
    "text": "rgb(237 237 237)",
    "textSecondary": "rgb(179 179 179)",
    "textTertiary": "rgb(179 179 179)",
    "tint": "rgb(16 183 127)",
    "warning": "#F59E0B",
  },
  "green/light": {
    "background": "rgb(239 250 247)",
    "backgroundSecondary": "rgb(231 249 243)",
    "backgroundTertiary": "rgb(223 246 238)",
    "border": "rgb(209 235 226)",
    "borderLight": "rgb(209 235 226)",
    "card": "rgb(243 252 249)",
    "contrast50": "rgb(31 31 31 / 0.5)",
    "error": "#EF4444",
    "icon": "rgb(102 112 109)",
    "iconActive": "rgb(16 183 127)",
    "info": "#3B82F6",
    "negative": "rgb(239 67 67)",
    "negativeForeground": "#FFFFFF",
    "negativeSubtle": "rgb(239 67 67 / 0.12)",
    "negativeSubtleForeground": "rgb(239 67 67)",
    "overlay": "rgba(0, 0, 0, 0.5)",
    "primary": "rgb(16 183 127)",
    "primaryDark": "rgb(16 183 127)",
    "primaryForeground": "rgb(255 255 255)",
    "primaryLight": "rgb(223 246 238)",
    "primarySubtle": "rgb(16 183 127 / 0.12)",
    "primarySubtleForeground": "rgb(16 183 127)",
    "secondary": "rgb(223 246 238)",
    "shadow": "rgba(0, 0, 0, 0.1)",
    "success": "#10B981",
    "text": "rgb(31 31 31)",
    "textSecondary": "rgb(102 112 109)",
    "textTertiary": "rgb(102 112 109)",
    "tint": "rgb(16 183 127)",
    "warning": "#F59E0B",
  },
  "mint/dark": {
    "background": "rgb(6 19 18)",
    "backgroundSecondary": "rgb(37 55 53)",
    "backgroundTertiary": "rgb(42 60 58)",
    "border": "rgb(45 57 56)",
    "borderLight": "rgb(53 65 63)",
    "card": "rgb(18 33 31)",
    "contrast50": "rgb(237 237 237 / 0.5)",
    "error": "#EF4444",
    "icon": "rgb(179 179 179)",
    "iconActive": "rgb(20 184 165)",
    "info": "#3B82F6",
    "negative": "rgb(239 67 67)",
    "negativeForeground": "#FFFFFF",
    "negativeSubtle": "rgb(239 67 67 / 0.16)",
    "negativeSubtleForeground": "rgb(239 67 67)",
    "overlay": "rgba(0, 0, 0, 0.5)",
    "primary": "rgb(20 184 165)",
    "primaryDark": "rgb(20 184 165)",
    "primaryForeground": "rgb(255 255 255)",
    "primaryLight": "rgb(42 60 58)",
    "primarySubtle": "rgb(20 184 165 / 0.16)",
    "primarySubtleForeground": "rgb(20 184 165)",
    "secondary": "rgb(37 55 53)",
    "shadow": "rgba(0, 0, 0, 0.3)",
    "success": "#10B981",
    "text": "rgb(237 237 237)",
    "textSecondary": "rgb(179 179 179)",
    "textTertiary": "rgb(179 179 179)",
    "tint": "rgb(20 184 165)",
    "warning": "#F59E0B",
  },
  "mint/light": {
    "background": "rgb(239 250 249)",
    "backgroundSecondary": "rgb(231 249 247)",
    "backgroundTertiary": "rgb(223 246 243)",
    "border": "rgb(209 235 232)",
    "borderLight": "rgb(209 235 232)",
    "card": "rgb(243 252 251)",
    "contrast50": "rgb(31 31 31 / 0.5)",
    "error": "#EF4444",
    "icon": "rgb(102 112 111)",
    "iconActive": "rgb(20 184 165)",
    "info": "#3B82F6",
    "negative": "rgb(239 67 67)",
    "negativeForeground": "#FFFFFF",
    "negativeSubtle": "rgb(239 67 67 / 0.12)",
    "negativeSubtleForeground": "rgb(239 67 67)",
    "overlay": "rgba(0, 0, 0, 0.5)",
    "primary": "rgb(20 184 165)",
    "primaryDark": "rgb(20 184 165)",
    "primaryForeground": "rgb(255 255 255)",
    "primaryLight": "rgb(223 246 243)",
    "primarySubtle": "rgb(20 184 165 / 0.12)",
    "primarySubtleForeground": "rgb(20 184 165)",
    "secondary": "rgb(223 246 243)",
    "shadow": "rgba(0, 0, 0, 0.1)",
    "success": "#10B981",
    "text": "rgb(31 31 31)",
    "textSecondary": "rgb(102 112 111)",
    "textTertiary": "rgb(102 112 111)",
    "tint": "rgb(20 184 165)",
    "warning": "#F59E0B",
  },
  "orange/dark": {
    "background": "rgb(19 12 6)",
    "backgroundSecondary": "rgb(55 44 37)",
    "backgroundTertiary": "rgb(60 49 42)",
    "border": "rgb(57 50 45)",
    "borderLight": "rgb(65 58 53)",
    "card": "rgb(33 24 18)",
    "contrast50": "rgb(237 237 237 / 0.5)",
    "error": "#EF4444",
    "icon": "rgb(179 179 179)",
    "iconActive": "rgb(249 116 21)",
    "info": "#3B82F6",
    "negative": "rgb(239 67 67)",
    "negativeForeground": "#FFFFFF",
    "negativeSubtle": "rgb(239 67 67 / 0.16)",
    "negativeSubtleForeground": "rgb(239 67 67)",
    "overlay": "rgba(0, 0, 0, 0.5)",
    "primary": "rgb(249 116 21)",
    "primaryDark": "rgb(249 116 21)",
    "primaryForeground": "rgb(255 255 255)",
    "primaryLight": "rgb(60 49 42)",
    "primarySubtle": "rgb(249 116 21 / 0.16)",
    "primarySubtleForeground": "rgb(249 116 21)",
    "secondary": "rgb(55 44 37)",
    "shadow": "rgba(0, 0, 0, 0.3)",
    "success": "#10B981",
    "text": "rgb(237 237 237)",
    "textSecondary": "rgb(179 179 179)",
    "textTertiary": "rgb(179 179 179)",
    "tint": "rgb(249 116 21)",
    "warning": "#F59E0B",
  },
  "orange/light": {
    "background": "rgb(250 244 239)",
    "backgroundSecondary": "rgb(249 238 231)",
    "backgroundTertiary": "rgb(246 233 223)",
    "border": "rgb(235 220 209)",
    "borderLight": "rgb(235 220 209)",
    "card": "rgb(252 247 243)",
    "contrast50": "rgb(31 31 31 / 0.5)",
    "error": "#EF4444",
    "icon": "rgb(112 106 102)",
    "iconActive": "rgb(249 116 21)",
    "info": "#3B82F6",
    "negative": "rgb(239 67 67)",
    "negativeForeground": "#FFFFFF",
    "negativeSubtle": "rgb(239 67 67 / 0.12)",
    "negativeSubtleForeground": "rgb(239 67 67)",
    "overlay": "rgba(0, 0, 0, 0.5)",
    "primary": "rgb(249 116 21)",
    "primaryDark": "rgb(249 116 21)",
    "primaryForeground": "rgb(255 255 255)",
    "primaryLight": "rgb(246 233 223)",
    "primarySubtle": "rgb(249 116 21 / 0.12)",
    "primarySubtleForeground": "rgb(249 116 21)",
    "secondary": "rgb(246 233 223)",
    "shadow": "rgba(0, 0, 0, 0.1)",
    "success": "#10B981",
    "text": "rgb(31 31 31)",
    "textSecondary": "rgb(112 106 102)",
    "textTertiary": "rgb(112 106 102)",
    "tint": "rgb(249 116 21)",
    "warning": "#F59E0B",
  },
  "oxy/dark": {
    "background": "rgb(14 6 19)",
    "backgroundSecondary": "rgb(48 37 55)",
    "backgroundTertiary": "rgb(53 42 60)",
    "border": "rgb(52 45 57)",
    "borderLight": "rgb(60 53 65)",
    "card": "rgb(27 18 33)",
    "contrast50": "rgb(237 237 237 / 0.5)",
    "error": "#EF4444",
    "icon": "rgb(179 179 179)",
    "iconActive": "rgb(160 69 217)",
    "info": "#3B82F6",
    "negative": "rgb(239 67 67)",
    "negativeForeground": "#FFFFFF",
    "negativeSubtle": "rgb(239 67 67 / 0.16)",
    "negativeSubtleForeground": "rgb(239 67 67)",
    "overlay": "rgba(0, 0, 0, 0.5)",
    "primary": "rgb(160 69 217)",
    "primaryDark": "rgb(160 69 217)",
    "primaryForeground": "rgb(255 255 255)",
    "primaryLight": "rgb(53 42 60)",
    "primarySubtle": "rgb(160 69 217 / 0.16)",
    "primarySubtleForeground": "rgb(160 69 217)",
    "secondary": "rgb(48 37 55)",
    "shadow": "rgba(0, 0, 0, 0.3)",
    "success": "#10B981",
    "text": "rgb(237 237 237)",
    "textSecondary": "rgb(179 179 179)",
    "textTertiary": "rgb(179 179 179)",
    "tint": "rgb(160 69 217)",
    "warning": "#F59E0B",
  },
  "oxy/light": {
    "background": "rgb(246 239 250)",
    "backgroundSecondary": "rgb(242 231 249)",
    "backgroundTertiary": "rgb(237 223 246)",
    "border": "rgb(225 209 235)",
    "borderLight": "rgb(225 209 235)",
    "card": "rgb(248 243 252)",
    "contrast50": "rgb(31 31 31 / 0.5)",
    "error": "#EF4444",
    "icon": "rgb(108 102 112)",
    "iconActive": "rgb(160 69 217)",
    "info": "#3B82F6",
    "negative": "rgb(239 67 67)",
    "negativeForeground": "#FFFFFF",
    "negativeSubtle": "rgb(239 67 67 / 0.12)",
    "negativeSubtleForeground": "rgb(239 67 67)",
    "overlay": "rgba(0, 0, 0, 0.5)",
    "primary": "rgb(160 69 217)",
    "primaryDark": "rgb(160 69 217)",
    "primaryForeground": "rgb(255 255 255)",
    "primaryLight": "rgb(237 223 246)",
    "primarySubtle": "rgb(160 69 217 / 0.12)",
    "primarySubtleForeground": "rgb(160 69 217)",
    "secondary": "rgb(237 223 246)",
    "shadow": "rgba(0, 0, 0, 0.1)",
    "success": "#10B981",
    "text": "rgb(31 31 31)",
    "textSecondary": "rgb(108 102 112)",
    "textTertiary": "rgb(108 102 112)",
    "tint": "rgb(160 69 217)",
    "warning": "#F59E0B",
  },
  "pink/dark": {
    "background": "rgb(19 6 13)",
    "backgroundSecondary": "rgb(55 37 46)",
    "backgroundTertiary": "rgb(60 42 51)",
    "border": "rgb(57 45 51)",
    "borderLight": "rgb(65 53 59)",
    "card": "rgb(33 18 26)",
    "contrast50": "rgb(237 237 237 / 0.5)",
    "error": "#EF4444",
    "icon": "rgb(179 179 179)",
    "iconActive": "rgb(236 70 153)",
    "info": "#3B82F6",
    "negative": "rgb(239 67 67)",
    "negativeForeground": "#FFFFFF",
    "negativeSubtle": "rgb(239 67 67 / 0.16)",
    "negativeSubtleForeground": "rgb(239 67 67)",
    "overlay": "rgba(0, 0, 0, 0.5)",
    "primary": "rgb(236 70 153)",
    "primaryDark": "rgb(236 70 153)",
    "primaryForeground": "rgb(255 255 255)",
    "primaryLight": "rgb(60 42 51)",
    "primarySubtle": "rgb(236 70 153 / 0.16)",
    "primarySubtleForeground": "rgb(236 70 153)",
    "secondary": "rgb(55 37 46)",
    "shadow": "rgba(0, 0, 0, 0.3)",
    "success": "#10B981",
    "text": "rgb(237 237 237)",
    "textSecondary": "rgb(179 179 179)",
    "textTertiary": "rgb(179 179 179)",
    "tint": "rgb(236 70 153)",
    "warning": "#F59E0B",
  },
  "pink/light": {
    "background": "rgb(250 239 245)",
    "backgroundSecondary": "rgb(249 231 240)",
    "backgroundTertiary": "rgb(246 223 235)",
    "border": "rgb(235 209 222)",
    "borderLight": "rgb(235 209 222)",
    "card": "rgb(252 243 247)",
    "contrast50": "rgb(31 31 31 / 0.5)",
    "error": "#EF4444",
    "icon": "rgb(112 102 107)",
    "iconActive": "rgb(236 70 153)",
    "info": "#3B82F6",
    "negative": "rgb(239 67 67)",
    "negativeForeground": "#FFFFFF",
    "negativeSubtle": "rgb(239 67 67 / 0.12)",
    "negativeSubtleForeground": "rgb(239 67 67)",
    "overlay": "rgba(0, 0, 0, 0.5)",
    "primary": "rgb(236 70 153)",
    "primaryDark": "rgb(236 70 153)",
    "primaryForeground": "rgb(255 255 255)",
    "primaryLight": "rgb(246 223 235)",
    "primarySubtle": "rgb(236 70 153 / 0.12)",
    "primarySubtleForeground": "rgb(236 70 153)",
    "secondary": "rgb(246 223 235)",
    "shadow": "rgba(0, 0, 0, 0.1)",
    "success": "#10B981",
    "text": "rgb(31 31 31)",
    "textSecondary": "rgb(112 102 107)",
    "textTertiary": "rgb(112 102 107)",
    "tint": "rgb(236 70 153)",
    "warning": "#F59E0B",
  },
  "purple/dark": {
    "background": "rgb(10 6 19)",
    "backgroundSecondary": "rgb(42 37 55)",
    "backgroundTertiary": "rgb(47 42 60)",
    "border": "rgb(49 45 57)",
    "borderLight": "rgb(56 53 65)",
    "card": "rgb(22 18 33)",
    "contrast50": "rgb(237 237 237 / 0.5)",
    "error": "#EF4444",
    "icon": "rgb(179 179 179)",
    "iconActive": "rgb(137 90 246)",
    "info": "#3B82F6",
    "negative": "rgb(239 67 67)",
    "negativeForeground": "#FFFFFF",
    "negativeSubtle": "rgb(239 67 67 / 0.16)",
    "negativeSubtleForeground": "rgb(239 67 67)",
    "overlay": "rgba(0, 0, 0, 0.5)",
    "primary": "rgb(137 90 246)",
    "primaryDark": "rgb(137 90 246)",
    "primaryForeground": "rgb(255 255 255)",
    "primaryLight": "rgb(47 42 60)",
    "primarySubtle": "rgb(137 90 246 / 0.16)",
    "primarySubtleForeground": "rgb(137 90 246)",
    "secondary": "rgb(42 37 55)",
    "shadow": "rgba(0, 0, 0, 0.3)",
    "success": "#10B981",
    "text": "rgb(237 237 237)",
    "textSecondary": "rgb(179 179 179)",
    "textTertiary": "rgb(179 179 179)",
    "tint": "rgb(137 90 246)",
    "warning": "#F59E0B",
  },
  "purple/light": {
    "background": "rgb(243 239 250)",
    "backgroundSecondary": "rgb(236 231 249)",
    "backgroundTertiary": "rgb(230 223 246)",
    "border": "rgb(217 209 235)",
    "borderLight": "rgb(217 209 235)",
    "card": "rgb(246 243 252)",
    "contrast50": "rgb(31 31 31 / 0.5)",
    "error": "#EF4444",
    "icon": "rgb(105 102 112)",
    "iconActive": "rgb(137 90 246)",
    "info": "#3B82F6",
    "negative": "rgb(239 67 67)",
    "negativeForeground": "#FFFFFF",
    "negativeSubtle": "rgb(239 67 67 / 0.12)",
    "negativeSubtleForeground": "rgb(239 67 67)",
    "overlay": "rgba(0, 0, 0, 0.5)",
    "primary": "rgb(137 90 246)",
    "primaryDark": "rgb(137 90 246)",
    "primaryForeground": "rgb(255 255 255)",
    "primaryLight": "rgb(230 223 246)",
    "primarySubtle": "rgb(137 90 246 / 0.12)",
    "primarySubtleForeground": "rgb(137 90 246)",
    "secondary": "rgb(230 223 246)",
    "shadow": "rgba(0, 0, 0, 0.1)",
    "success": "#10B981",
    "text": "rgb(31 31 31)",
    "textSecondary": "rgb(105 102 112)",
    "textTertiary": "rgb(105 102 112)",
    "tint": "rgb(137 90 246)",
    "warning": "#F59E0B",
  },
  "red/dark": {
    "background": "rgb(19 6 6)",
    "backgroundSecondary": "rgb(55 37 37)",
    "backgroundTertiary": "rgb(60 42 42)",
    "border": "rgb(57 45 45)",
    "borderLight": "rgb(65 53 53)",
    "card": "rgb(33 18 18)",
    "contrast50": "rgb(237 237 237 / 0.5)",
    "error": "#EF4444",
    "icon": "rgb(179 179 179)",
    "iconActive": "rgb(239 67 67)",
    "info": "#3B82F6",
    "negative": "rgb(239 67 67)",
    "negativeForeground": "#FFFFFF",
    "negativeSubtle": "rgb(239 67 67 / 0.16)",
    "negativeSubtleForeground": "rgb(239 67 67)",
    "overlay": "rgba(0, 0, 0, 0.5)",
    "primary": "rgb(239 67 67)",
    "primaryDark": "rgb(239 67 67)",
    "primaryForeground": "rgb(255 255 255)",
    "primaryLight": "rgb(60 42 42)",
    "primarySubtle": "rgb(239 67 67 / 0.16)",
    "primarySubtleForeground": "rgb(239 67 67)",
    "secondary": "rgb(55 37 37)",
    "shadow": "rgba(0, 0, 0, 0.3)",
    "success": "#10B981",
    "text": "rgb(237 237 237)",
    "textSecondary": "rgb(179 179 179)",
    "textTertiary": "rgb(179 179 179)",
    "tint": "rgb(239 67 67)",
    "warning": "#F59E0B",
  },
  "red/light": {
    "background": "rgb(250 239 239)",
    "backgroundSecondary": "rgb(249 231 231)",
    "backgroundTertiary": "rgb(246 223 223)",
    "border": "rgb(235 209 209)",
    "borderLight": "rgb(235 209 209)",
    "card": "rgb(252 243 243)",
    "contrast50": "rgb(31 31 31 / 0.5)",
    "error": "#EF4444",
    "icon": "rgb(112 102 102)",
    "iconActive": "rgb(239 67 67)",
    "info": "#3B82F6",
    "negative": "rgb(239 67 67)",
    "negativeForeground": "#FFFFFF",
    "negativeSubtle": "rgb(239 67 67 / 0.12)",
    "negativeSubtleForeground": "rgb(239 67 67)",
    "overlay": "rgba(0, 0, 0, 0.5)",
    "primary": "rgb(239 67 67)",
    "primaryDark": "rgb(239 67 67)",
    "primaryForeground": "rgb(255 255 255)",
    "primaryLight": "rgb(246 223 223)",
    "primarySubtle": "rgb(239 67 67 / 0.12)",
    "primarySubtleForeground": "rgb(239 67 67)",
    "secondary": "rgb(246 223 223)",
    "shadow": "rgba(0, 0, 0, 0.1)",
    "success": "#10B981",
    "text": "rgb(31 31 31)",
    "textSecondary": "rgb(112 102 102)",
    "textTertiary": "rgb(112 102 102)",
    "tint": "rgb(239 67 67)",
    "warning": "#F59E0B",
  },
  "sky/dark": {
    "background": "rgb(6 15 19)",
    "backgroundSecondary": "rgb(37 49 55)",
    "backgroundTertiary": "rgb(42 54 60)",
    "border": "rgb(45 53 57)",
    "borderLight": "rgb(53 61 65)",
    "card": "rgb(18 28 33)",
    "contrast50": "rgb(237 237 237 / 0.5)",
    "error": "#EF4444",
    "icon": "rgb(179 179 179)",
    "iconActive": "rgb(13 162 231)",
    "info": "#3B82F6",
    "negative": "rgb(239 67 67)",
    "negativeForeground": "#FFFFFF",
    "negativeSubtle": "rgb(239 67 67 / 0.16)",
    "negativeSubtleForeground": "rgb(239 67 67)",
    "overlay": "rgba(0, 0, 0, 0.5)",
    "primary": "rgb(13 162 231)",
    "primaryDark": "rgb(13 162 231)",
    "primaryForeground": "rgb(255 255 255)",
    "primaryLight": "rgb(42 54 60)",
    "primarySubtle": "rgb(13 162 231 / 0.16)",
    "primarySubtleForeground": "rgb(13 162 231)",
    "secondary": "rgb(37 49 55)",
    "shadow": "rgba(0, 0, 0, 0.3)",
    "success": "#10B981",
    "text": "rgb(237 237 237)",
    "textSecondary": "rgb(179 179 179)",
    "textTertiary": "rgb(179 179 179)",
    "tint": "rgb(13 162 231)",
    "warning": "#F59E0B",
  },
  "sky/light": {
    "background": "rgb(239 247 250)",
    "backgroundSecondary": "rgb(231 243 249)",
    "backgroundTertiary": "rgb(223 239 246)",
    "border": "rgb(209 227 235)",
    "borderLight": "rgb(209 227 235)",
    "card": "rgb(243 249 252)",
    "contrast50": "rgb(31 31 31 / 0.5)",
    "error": "#EF4444",
    "icon": "rgb(102 109 112)",
    "iconActive": "rgb(13 162 231)",
    "info": "#3B82F6",
    "negative": "rgb(239 67 67)",
    "negativeForeground": "#FFFFFF",
    "negativeSubtle": "rgb(239 67 67 / 0.12)",
    "negativeSubtleForeground": "rgb(239 67 67)",
    "overlay": "rgba(0, 0, 0, 0.5)",
    "primary": "rgb(13 162 231)",
    "primaryDark": "rgb(13 162 231)",
    "primaryForeground": "rgb(255 255 255)",
    "primaryLight": "rgb(223 239 246)",
    "primarySubtle": "rgb(13 162 231 / 0.12)",
    "primarySubtleForeground": "rgb(13 162 231)",
    "secondary": "rgb(223 239 246)",
    "shadow": "rgba(0, 0, 0, 0.1)",
    "success": "#10B981",
    "text": "rgb(31 31 31)",
    "textSecondary": "rgb(102 109 112)",
    "textTertiary": "rgb(102 109 112)",
    "tint": "rgb(13 162 231)",
    "warning": "#F59E0B",
  },
  "teal/dark": {
    "background": "rgb(6 18 19)",
    "backgroundSecondary": "rgb(37 54 55)",
    "backgroundTertiary": "rgb(42 59 60)",
    "border": "rgb(45 56 57)",
    "borderLight": "rgb(53 64 65)",
    "card": "rgb(18 32 33)",
    "contrast50": "rgb(237 237 237 / 0.5)",
    "error": "#EF4444",
    "icon": "rgb(179 179 179)",
    "iconActive": "rgb(0 94 102)",
    "info": "#3B82F6",
    "negative": "rgb(239 67 67)",
    "negativeForeground": "#FFFFFF",
    "negativeSubtle": "rgb(239 67 67 / 0.16)",
    "negativeSubtleForeground": "rgb(239 67 67)",
    "overlay": "rgba(0, 0, 0, 0.5)",
    "primary": "rgb(0 94 102)",
    "primaryDark": "rgb(0 94 102)",
    "primaryForeground": "rgb(255 255 255)",
    "primaryLight": "rgb(42 59 60)",
    "primarySubtle": "rgb(0 94 102 / 0.16)",
    "primarySubtleForeground": "rgb(0 94 102)",
    "secondary": "rgb(37 54 55)",
    "shadow": "rgba(0, 0, 0, 0.3)",
    "success": "#10B981",
    "text": "rgb(237 237 237)",
    "textSecondary": "rgb(179 179 179)",
    "textTertiary": "rgb(179 179 179)",
    "tint": "rgb(0 94 102)",
    "warning": "#F59E0B",
  },
  "teal/light": {
    "background": "rgb(239 249 250)",
    "backgroundSecondary": "rgb(231 247 249)",
    "backgroundTertiary": "rgb(223 244 246)",
    "border": "rgb(209 233 235)",
    "borderLight": "rgb(209 233 235)",
    "card": "rgb(243 251 252)",
    "contrast50": "rgb(31 31 31 / 0.5)",
    "error": "#EF4444",
    "icon": "rgb(102 112 112)",
    "iconActive": "rgb(0 94 102)",
    "info": "#3B82F6",
    "negative": "rgb(239 67 67)",
    "negativeForeground": "#FFFFFF",
    "negativeSubtle": "rgb(239 67 67 / 0.12)",
    "negativeSubtleForeground": "rgb(239 67 67)",
    "overlay": "rgba(0, 0, 0, 0.5)",
    "primary": "rgb(0 94 102)",
    "primaryDark": "rgb(0 94 102)",
    "primaryForeground": "rgb(255 255 255)",
    "primaryLight": "rgb(223 244 246)",
    "primarySubtle": "rgb(0 94 102 / 0.12)",
    "primarySubtleForeground": "rgb(0 94 102)",
    "secondary": "rgb(223 244 246)",
    "shadow": "rgba(0, 0, 0, 0.1)",
    "success": "#10B981",
    "text": "rgb(31 31 31)",
    "textSecondary": "rgb(102 112 112)",
    "textTertiary": "rgb(102 112 112)",
    "tint": "rgb(0 94 102)",
    "warning": "#F59E0B",
  },
  "yellow/dark": {
    "background": "rgb(19 16 6)",
    "backgroundSecondary": "rgb(55 51 37)",
    "backgroundTertiary": "rgb(60 56 42)",
    "border": "rgb(57 54 45)",
    "borderLight": "rgb(65 62 53)",
    "card": "rgb(33 30 18)",
    "contrast50": "rgb(237 237 237 / 0.5)",
    "error": "#EF4444",
    "icon": "rgb(179 179 179)",
    "iconActive": "rgb(255 196 0)",
    "info": "#3B82F6",
    "negative": "rgb(239 67 67)",
    "negativeForeground": "#FFFFFF",
    "negativeSubtle": "rgb(239 67 67 / 0.16)",
    "negativeSubtleForeground": "rgb(239 67 67)",
    "overlay": "rgba(0, 0, 0, 0.5)",
    "primary": "rgb(255 196 0)",
    "primaryDark": "rgb(255 196 0)",
    "primaryForeground": "rgb(0 0 0)",
    "primaryLight": "rgb(60 56 42)",
    "primarySubtle": "rgb(255 196 0 / 0.16)",
    "primarySubtleForeground": "rgb(255 196 0)",
    "secondary": "rgb(55 51 37)",
    "shadow": "rgba(0, 0, 0, 0.3)",
    "success": "#10B981",
    "text": "rgb(237 237 237)",
    "textSecondary": "rgb(179 179 179)",
    "textTertiary": "rgb(179 179 179)",
    "tint": "rgb(255 196 0)",
    "warning": "#F59E0B",
  },
  "yellow/light": {
    "background": "rgb(250 248 239)",
    "backgroundSecondary": "rgb(249 244 231)",
    "backgroundTertiary": "rgb(246 241 223)",
    "border": "rgb(235 229 209)",
    "borderLight": "rgb(235 229 209)",
    "card": "rgb(252 250 243)",
    "contrast50": "rgb(31 31 31 / 0.5)",
    "error": "#EF4444",
    "icon": "rgb(112 110 102)",
    "iconActive": "rgb(255 196 0)",
    "info": "#3B82F6",
    "negative": "rgb(239 67 67)",
    "negativeForeground": "#FFFFFF",
    "negativeSubtle": "rgb(239 67 67 / 0.12)",
    "negativeSubtleForeground": "rgb(239 67 67)",
    "overlay": "rgba(0, 0, 0, 0.5)",
    "primary": "rgb(255 196 0)",
    "primaryDark": "rgb(255 196 0)",
    "primaryForeground": "rgb(0 0 0)",
    "primaryLight": "rgb(246 241 223)",
    "primarySubtle": "rgb(255 196 0 / 0.12)",
    "primarySubtleForeground": "rgb(255 196 0)",
    "secondary": "rgb(246 241 223)",
    "shadow": "rgba(0, 0, 0, 0.1)",
    "success": "#10B981",
    "text": "rgb(31 31 31)",
    "textSecondary": "rgb(112 110 102)",
    "textTertiary": "rgb(112 110 102)",
    "tint": "rgb(255 196 0)",
    "warning": "#F59E0B",
  },
}
`;
