// Jest Snapshot v1, https://jestjs.io/docs/snapshot-testing

exports[`theme.colors snapshot for all presets (catches unintended palette shifts) 1`] = `
{
  "amber/dark": {
    "background": "rgb(19 14 6)",
    "backgroundSecondary": "rgb(55 48 37)",
    "backgroundTertiary": "rgb(60 53 42)",
    "border": "rgb(57 53 45)",
    "borderLight": "rgb(65 60 53)",
    "card": "rgb(55 48 37)",
    "contrast50": "rgb(35 32 26)",
    "error": "#EF4444",
    "icon": "rgb(179 179 179)",
    "iconActive": "rgb(245 159 10)",
    "info": "#3B82F6",
    "negative": "rgb(211 18 18)",
    "negativeForeground": "#FFFFFF",
    "negativeSubtle": "rgb(38 13 13)",
    "negativeSubtleForeground": "rgb(228 103 103)",
    "overlay": "rgba(0, 0, 0, 0.5)",
    "primary": "rgb(245 159 10)",
    "primaryDark": "rgb(19 14 6)",
    "primaryForeground": "rgb(0 0 0)",
    "primaryLight": "rgb(55 48 37)",
    "primarySubtle": "rgb(38 29 13)",
    "primarySubtleForeground": "rgb(228 182 103)",
    "secondary": "rgb(245 159 10)",
    "shadow": "rgba(0, 0, 0, 0.3)",
    "success": "#10B981",
    "text": "rgb(237 237 237)",
    "textSecondary": "rgb(179 179 179)",
    "textTertiary": "rgb(179 179 179)",
    "tint": "rgb(245 159 10)",
    "warning": "#F59E0B",
  },
  "amber/light": {
    "background": "rgb(250 246 239)",
    "backgroundSecondary": "rgb(249 242 231)",
    "backgroundTertiary": "rgb(246 238 223)",
    "border": "rgb(235 225 209)",
    "borderLight": "rgb(235 225 209)",
    "card": "rgb(249 242 231)",
    "contrast50": "rgb(239 238 235)",
    "error": "#EF4444",
    "icon": "rgb(112 109 102)",
    "iconActive": "rgb(245 159 10)",
    "info": "#3B82F6",
    "negative": "rgb(211 18 18)",
    "negativeForeground": "#FFFFFF",
    "negativeSubtle": "rgb(254 231 231)",
    "negativeSubtleForeground": "rgb(184 20 20)",
    "overlay": "rgba(0, 0, 0, 0.5)",
    "primary": "rgb(245 159 10)",
    "primaryDark": "rgb(250 246 239)",
    "primaryForeground": "rgb(0 0 0)",
    "primaryLight": "rgb(249 242 231)",
    "primarySubtle": "rgb(250 240 225)",
    "primarySubtleForeground": "rgb(121 79 6)",
    "secondary": "rgb(245 159 10)",
    "shadow": "rgba(0, 0, 0, 0.1)",
    "success": "#10B981",
    "text": "rgb(31 31 31)",
    "textSecondary": "rgb(112 109 102)",
    "textTertiary": "rgb(112 109 102)",
    "tint": "rgb(245 159 10)",
    "warning": "#F59E0B",
  },
  "blue/dark": {
    "background": "rgb(6 14 19)",
    "backgroundSecondary": "rgb(37 47 55)",
    "backgroundTertiary": "rgb(42 53 60)",
    "border": "rgb(45 52 57)",
    "borderLight": "rgb(53 60 65)",
    "card": "rgb(37 47 55)",
    "contrast50": "rgb(26 31 35)",
    "error": "#EF4444",
    "icon": "rgb(179 179 179)",
    "iconActive": "rgb(31 153 239)",
    "info": "#3B82F6",
    "negative": "rgb(211 18 18)",
    "negativeForeground": "#FFFFFF",
    "negativeSubtle": "rgb(38 13 13)",
    "negativeSubtleForeground": "rgb(228 103 103)",
    "overlay": "rgba(0, 0, 0, 0.5)",
    "primary": "rgb(31 153 239)",
    "primaryDark": "rgb(6 14 19)",
    "primaryForeground": "rgb(255 255 255)",
    "primaryLight": "rgb(37 47 55)",
    "primarySubtle": "rgb(13 28 38)",
    "primarySubtleForeground": "rgb(103 176 228)",
    "secondary": "rgb(31 153 239)",
    "shadow": "rgba(0, 0, 0, 0.3)",
    "success": "#10B981",
    "text": "rgb(237 237 237)",
    "textSecondary": "rgb(179 179 179)",
    "textTertiary": "rgb(179 179 179)",
    "tint": "rgb(31 153 239)",
    "warning": "#F59E0B",
  },
  "blue/light": {
    "background": "rgb(239 246 250)",
    "backgroundSecondary": "rgb(231 241 249)",
    "backgroundTertiary": "rgb(223 236 246)",
    "border": "rgb(209 224 235)",
    "borderLight": "rgb(209 224 235)",
    "card": "rgb(231 241 249)",
    "contrast50": "rgb(235 237 239)",
    "error": "#EF4444",
    "icon": "rgb(102 108 112)",
    "iconActive": "rgb(31 153 239)",
    "info": "#3B82F6",
    "negative": "rgb(211 18 18)",
    "negativeForeground": "#FFFFFF",
    "negativeSubtle": "rgb(254 231 231)",
    "negativeSubtleForeground": "rgb(184 20 20)",
    "overlay": "rgba(0, 0, 0, 0.5)",
    "primary": "rgb(31 153 239)",
    "primaryDark": "rgb(239 246 250)",
    "primaryForeground": "rgb(255 255 255)",
    "primaryLight": "rgb(231 241 249)",
    "primarySubtle": "rgb(225 239 250)",
    "primarySubtleForeground": "rgb(6 73 121)",
    "secondary": "rgb(31 153 239)",
    "shadow": "rgba(0, 0, 0, 0.1)",
    "success": "#10B981",
    "text": "rgb(31 31 31)",
    "textSecondary": "rgb(102 108 112)",
    "textTertiary": "rgb(102 108 112)",
    "tint": "rgb(31 153 239)",
    "warning": "#F59E0B",
  },
  "faircoin/dark": {
    "background": "rgb(28 31 9)",
    "backgroundSecondary": "rgb(40 43 23)",
    "backgroundTertiary": "rgb(46 48 33)",
    "border": "rgb(52 55 37)",
    "borderLight": "rgb(56 59 43)",
    "card": "rgb(40 43 23)",
    "contrast50": "rgb(30 35 26)",
    "error": "#EF4444",
    "icon": "rgb(117 117 117)",
    "iconActive": "rgb(160 251 80)",
    "info": "#3B82F6",
    "negative": "rgb(211 18 18)",
    "negativeForeground": "#FFFFFF",
    "negativeSubtle": "rgb(38 13 13)",
    "negativeSubtleForeground": "rgb(228 103 103)",
    "overlay": "rgba(0, 0, 0, 0.5)",
    "primary": "rgb(160 251 80)",
    "primaryDark": "rgb(28 31 9)",
    "primaryForeground": "rgb(0 0 0)",
    "primaryLight": "rgb(40 43 23)",
    "primarySubtle": "rgb(25 38 13)",
    "primarySubtleForeground": "rgb(162 228 103)",
    "secondary": "rgb(160 251 80)",
    "shadow": "rgba(0, 0, 0, 0.3)",
    "success": "#10B981",
    "text": "rgb(237 237 237)",
    "textSecondary": "rgb(117 117 117)",
    "textTertiary": "rgb(117 117 117)",
    "tint": "rgb(160 251 80)",
    "warning": "#F59E0B",
  },
  "faircoin/light": {
    "background": "rgb(244 250 239)",
    "backgroundSecondary": "rgb(239 249 231)",
    "backgroundTertiary": "rgb(234 246 223)",
    "border": "rgb(221 235 209)",
    "borderLight": "rgb(221 235 209)",
    "card": "rgb(239 249 231)",
    "contrast50": "rgb(237 239 235)",
    "error": "#EF4444",
    "icon": "rgb(102 107 97)",
    "iconActive": "rgb(60 121 6)",
    "info": "#3B82F6",
    "negative": "rgb(211 18 18)",
    "negativeForeground": "#FFFFFF",
    "negativeSubtle": "rgb(254 231 231)",
    "negativeSubtleForeground": "rgb(184 20 20)",
    "overlay": "rgba(0, 0, 0, 0.5)",
    "primary": "rgb(60 121 6)",
    "primaryDark": "rgb(244 250 239)",
    "primaryForeground": "rgb(255 255 255)",
    "primaryLight": "rgb(239 249 231)",
    "primarySubtle": "rgb(236 250 225)",
    "primarySubtleForeground": "rgb(60 121 6)",
    "secondary": "rgb(60 121 6)",
    "shadow": "rgba(0, 0, 0, 0.1)",
    "success": "#10B981",
    "text": "rgb(31 31 31)",
    "textSecondary": "rgb(102 107 97)",
    "textTertiary": "rgb(102 107 97)",
    "tint": "rgb(60 121 6)",
    "warning": "#F59E0B",
  },
  "green/dark": {
    "background": "rgb(6 19 15)",
    "backgroundSecondary": "rgb(37 55 49)",
    "backgroundTertiary": "rgb(42 60 54)",
    "border": "rgb(45 57 53)",
    "borderLight": "rgb(53 65 61)",
    "card": "rgb(37 55 49)",
    "contrast50": "rgb(26 35 32)",
    "error": "#EF4444",
    "icon": "rgb(179 179 179)",
    "iconActive": "rgb(16 183 127)",
    "info": "#3B82F6",
    "negative": "rgb(211 18 18)",
    "negativeForeground": "#FFFFFF",
    "negativeSubtle": "rgb(38 13 13)",
    "negativeSubtleForeground": "rgb(228 103 103)",
    "overlay": "rgba(0, 0, 0, 0.5)",
    "primary": "rgb(16 183 127)",
    "primaryDark": "rgb(6 19 15)",
    "primaryForeground": "rgb(255 255 255)",
    "primaryLight": "rgb(37 55 49)",
    "primarySubtle": "rgb(13 38 30)",
    "primarySubtleForeground": "rgb(103 228 187)",
    "secondary": "rgb(16 183 127)",
    "shadow": "rgba(0, 0, 0, 0.3)",
    "success": "#10B981",
    "text": "rgb(237 237 237)",
    "textSecondary": "rgb(179 179 179)",
    "textTertiary": "rgb(179 179 179)",
    "tint": "rgb(16 183 127)",
    "warning": "#F59E0B",
  },
  "green/light": {
    "background": "rgb(239 250 247)",
    "backgroundSecondary": "rgb(231 249 243)",
    "backgroundTertiary": "rgb(223 246 238)",
    "border": "rgb(209 235 226)",
    "borderLight": "rgb(209 235 226)",
    "card": "rgb(231 249 243)",
    "contrast50": "rgb(235 239 238)",
    "error": "#EF4444",
    "icon": "rgb(102 112 109)",
    "iconActive": "rgb(16 183 127)",
    "info": "#3B82F6",
    "negative": "rgb(211 18 18)",
    "negativeForeground": "#FFFFFF",
    "negativeSubtle": "rgb(254 231 231)",
    "negativeSubtleForeground": "rgb(184 20 20)",
    "overlay": "rgba(0, 0, 0, 0.5)",
    "primary": "rgb(16 183 127)",
    "primaryDark": "rgb(239 250 247)",
    "primaryForeground": "rgb(255 255 255)",
    "primaryLight": "rgb(231 249 243)",
    "primarySubtle": "rgb(225 250 241)",
    "primarySubtleForeground": "rgb(6 121 83)",
    "secondary": "rgb(16 183 127)",
    "shadow": "rgba(0, 0, 0, 0.1)",
    "success": "#10B981",
    "text": "rgb(31 31 31)",
    "textSecondary": "rgb(102 112 109)",
    "textTertiary": "rgb(102 112 109)",
    "tint": "rgb(16 183 127)",
    "warning": "#F59E0B",
  },
  "mint/dark": {
    "background": "rgb(6 19 18)",
    "backgroundSecondary": "rgb(37 55 53)",
    "backgroundTertiary": "rgb(42 60 58)",
    "border": "rgb(45 57 56)",
    "borderLight": "rgb(53 65 63)",
    "card": "rgb(37 55 53)",
    "contrast50": "rgb(26 35 34)",
    "error": "#EF4444",
    "icon": "rgb(179 179 179)",
    "iconActive": "rgb(20 184 165)",
    "info": "#3B82F6",
    "negative": "rgb(211 18 18)",
    "negativeForeground": "#FFFFFF",
    "negativeSubtle": "rgb(38 13 13)",
    "negativeSubtleForeground": "rgb(228 103 103)",
    "overlay": "rgba(0, 0, 0, 0.5)",
    "primary": "rgb(20 184 165)",
    "primaryDark": "rgb(6 19 18)",
    "primaryForeground": "rgb(255 255 255)",
    "primaryLight": "rgb(37 55 53)",
    "primarySubtle": "rgb(13 38 35)",
    "primarySubtleForeground": "rgb(103 228 214)",
    "secondary": "rgb(20 184 165)",
    "shadow": "rgba(0, 0, 0, 0.3)",
    "success": "#10B981",
    "text": "rgb(237 237 237)",
    "textSecondary": "rgb(179 179 179)",
    "textTertiary": "rgb(179 179 179)",
    "tint": "rgb(20 184 165)",
    "warning": "#F59E0B",
  },
  "mint/light": {
    "background": "rgb(239 250 249)",
    "backgroundSecondary": "rgb(231 249 247)",
    "backgroundTertiary": "rgb(223 246 243)",
    "border": "rgb(209 235 232)",
    "borderLight": "rgb(209 235 232)",
    "card": "rgb(231 249 247)",
    "contrast50": "rgb(235 239 239)",
    "error": "#EF4444",
    "icon": "rgb(102 112 111)",
    "iconActive": "rgb(20 184 165)",
    "info": "#3B82F6",
    "negative": "rgb(211 18 18)",
    "negativeForeground": "#FFFFFF",
    "negativeSubtle": "rgb(254 231 231)",
    "negativeSubtleForeground": "rgb(184 20 20)",
    "overlay": "rgba(0, 0, 0, 0.5)",
    "primary": "rgb(20 184 165)",
    "primaryDark": "rgb(239 250 249)",
    "primaryForeground": "rgb(255 255 255)",
    "primaryLight": "rgb(231 249 247)",
    "primarySubtle": "rgb(225 250 247)",
    "primarySubtleForeground": "rgb(6 121 108)",
    "secondary": "rgb(20 184 165)",
    "shadow": "rgba(0, 0, 0, 0.1)",
    "success": "#10B981",
    "text": "rgb(31 31 31)",
    "textSecondary": "rgb(102 112 111)",
    "textTertiary": "rgb(102 112 111)",
    "tint": "rgb(20 184 165)",
    "warning": "#F59E0B",
  },
  "orange/dark": {
    "background": "rgb(19 12 6)",
    "backgroundSecondary": "rgb(55 44 37)",
    "backgroundTertiary": "rgb(60 49 42)",
    "border": "rgb(57 50 45)",
    "borderLight": "rgb(65 58 53)",
    "card": "rgb(55 44 37)",
    "contrast50": "rgb(35 30 26)",
    "error": "#EF4444",
    "icon": "rgb(179 179 179)",
    "iconActive": "rgb(249 116 21)",
    "info": "#3B82F6",
    "negative": "rgb(211 18 18)",
    "negativeForeground": "#FFFFFF",
    "negativeSubtle": "rgb(38 13 13)",
    "negativeSubtleForeground": "rgb(228 103 103)",
    "overlay": "rgba(0, 0, 0, 0.5)",
    "primary": "rgb(249 116 21)",
    "primaryDark": "rgb(19 12 6)",
    "primaryForeground": "rgb(255 255 255)",
    "primaryLight": "rgb(55 44 37)",
    "primarySubtle": "rgb(38 23 13)",
    "primarySubtleForeground": "rgb(228 155 103)",
    "secondary": "rgb(249 116 21)",
    "shadow": "rgba(0, 0, 0, 0.3)",
    "success": "#10B981",
    "text": "rgb(237 237 237)",
    "textSecondary": "rgb(179 179 179)",
    "textTertiary": "rgb(179 179 179)",
    "tint": "rgb(249 116 21)",
    "warning": "#F59E0B",
  },
  "orange/light": {
    "background": "rgb(250 244 239)",
    "backgroundSecondary": "rgb(249 238 231)",
    "backgroundTertiary": "rgb(246 233 223)",
    "border": "rgb(235 220 209)",
    "borderLight": "rgb(235 220 209)",
    "card": "rgb(249 238 231)",
    "contrast50": "rgb(239 237 235)",
    "error": "#EF4444",
    "icon": "rgb(112 106 102)",
    "iconActive": "rgb(249 116 21)",
    "info": "#3B82F6",
    "negative": "rgb(211 18 18)",
    "negativeForeground": "#FFFFFF",
    "negativeSubtle": "rgb(254 231 231)",
    "negativeSubtleForeground": "rgb(184 20 20)",
    "overlay": "rgba(0, 0, 0, 0.5)",
    "primary": "rgb(249 116 21)",
    "primaryDark": "rgb(250 244 239)",
    "primaryForeground": "rgb(255 255 255)",
    "primaryLight": "rgb(249 238 231)",
    "primarySubtle": "rgb(250 235 225)",
    "primarySubtleForeground": "rgb(121 54 6)",
    "secondary": "rgb(249 116 21)",
    "shadow": "rgba(0, 0, 0, 0.1)",
    "success": "#10B981",
    "text": "rgb(31 31 31)",
    "textSecondary": "rgb(112 106 102)",
    "textTertiary": "rgb(112 106 102)",
    "tint": "rgb(249 116 21)",
    "warning": "#F59E0B",
  },
  "oxy/dark": {
    "background": "rgb(14 6 19)",
    "backgroundSecondary": "rgb(48 37 55)",
    "backgroundTertiary": "rgb(53 42 60)",
    "border": "rgb(52 45 57)",
    "borderLight": "rgb(60 53 65)",
    "card": "rgb(48 37 55)",
    "contrast50": "rgb(32 26 35)",
    "error": "#EF4444",
    "icon": "rgb(179 179 179)",
    "iconActive": "rgb(160 69 217)",
    "info": "#3B82F6",
    "negative": "rgb(211 18 18)",
    "negativeForeground": "#FFFFFF",
    "negativeSubtle": "rgb(38 13 13)",
    "negativeSubtleForeground": "rgb(228 103 103)",
    "overlay": "rgba(0, 0, 0, 0.5)",
    "primary": "rgb(160 69 217)",
    "primaryDark": "rgb(14 6 19)",
    "primaryForeground": "rgb(255 255 255)",
    "primaryLight": "rgb(48 37 55)",
    "primarySubtle": "rgb(28 13 38)",
    "primarySubtleForeground": "rgb(180 103 228)",
    "secondary": "rgb(160 69 217)",
    "shadow": "rgba(0, 0, 0, 0.3)",
    "success": "#10B981",
    "text": "rgb(237 237 237)",
    "textSecondary": "rgb(179 179 179)",
    "textTertiary": "rgb(179 179 179)",
    "tint": "rgb(160 69 217)",
    "warning": "#F59E0B",
  },
  "oxy/light": {
    "background": "rgb(246 239 250)",
    "backgroundSecondary": "rgb(242 231 249)",
    "backgroundTertiary": "rgb(237 223 246)",
    "border": "rgb(225 209 235)",
    "borderLight": "rgb(225 209 235)",
    "card": "rgb(242 231 249)",
    "contrast50": "rgb(238 235 239)",
    "error": "#EF4444",
    "icon": "rgb(108 102 112)",
    "iconActive": "rgb(160 69 217)",
    "info": "#3B82F6",
    "negative": "rgb(211 18 18)",
    "negativeForeground": "#FFFFFF",
    "negativeSubtle": "rgb(254 231 231)",
    "negativeSubtleForeground": "rgb(184 20 20)",
    "overlay": "rgba(0, 0, 0, 0.5)",
    "primary": "rgb(160 69 217)",
    "primaryDark": "rgb(246 239 250)",
    "primaryForeground": "rgb(255 255 255)",
    "primaryLight": "rgb(242 231 249)",
    "primarySubtle": "rgb(240 225 250)",
    "primarySubtleForeground": "rgb(77 6 121)",
    "secondary": "rgb(160 69 217)",
    "shadow": "rgba(0, 0, 0, 0.1)",
    "success": "#10B981",
    "text": "rgb(31 31 31)",
    "textSecondary": "rgb(108 102 112)",
    "textTertiary": "rgb(108 102 112)",
    "tint": "rgb(160 69 217)",
    "warning": "#F59E0B",
  },
  "pink/dark": {
    "background": "rgb(19 6 13)",
    "backgroundSecondary": "rgb(55 37 46)",
    "backgroundTertiary": "rgb(60 42 51)",
    "border": "rgb(57 45 51)",
    "borderLight": "rgb(65 53 59)",
    "card": "rgb(55 37 46)",
    "contrast50": "rgb(35 26 31)",
    "error": "#EF4444",
    "icon": "rgb(179 179 179)",
    "iconActive": "rgb(236 70 153)",
    "info": "#3B82F6",
    "negative": "rgb(211 18 18)",
    "negativeForeground": "#FFFFFF",
    "negativeSubtle": "rgb(38 13 13)",
    "negativeSubtleForeground": "rgb(228 103 103)",
    "overlay": "rgba(0, 0, 0, 0.5)",
    "primary": "rgb(236 70 153)",
    "primaryDark": "rgb(19 6 13)",
    "primaryForeground": "rgb(255 255 255)",
    "primaryLight": "rgb(55 37 46)",
    "primarySubtle": "rgb(38 13 26)",
    "primarySubtleForeground": "rgb(228 103 166)",
    "secondary": "rgb(236 70 153)",
    "shadow": "rgba(0, 0, 0, 0.3)",
    "success": "#10B981",
    "text": "rgb(237 237 237)",
    "textSecondary": "rgb(179 179 179)",
    "textTertiary": "rgb(179 179 179)",
    "tint": "rgb(236 70 153)",
    "warning": "#F59E0B",
  },
  "pink/light": {
    "background": "rgb(250 239 245)",
    "backgroundSecondary": "rgb(249 231 240)",
    "backgroundTertiary": "rgb(246 223 235)",
    "border": "rgb(235 209 222)",
    "borderLight": "rgb(235 209 222)",
    "card": "rgb(249 231 240)",
    "contrast50": "rgb(239 235 237)",
    "error": "#EF4444",
    "icon": "rgb(112 102 107)",
    "iconActive": "rgb(236 70 153)",
    "info": "#3B82F6",
    "negative": "rgb(211 18 18)",
    "negativeForeground": "#FFFFFF",
    "negativeSubtle": "rgb(254 231 231)",
    "negativeSubtleForeground": "rgb(184 20 20)",
    "overlay": "rgba(0, 0, 0, 0.5)",
    "primary": "rgb(236 70 153)",
    "primaryDark": "rgb(250 239 245)",
    "primaryForeground": "rgb(255 255 255)",
    "primaryLight": "rgb(249 231 240)",
    "primarySubtle": "rgb(250 225 237)",
    "primarySubtleForeground": "rgb(121 6 64)",
    "secondary": "rgb(236 70 153)",
    "shadow": "rgba(0, 0, 0, 0.1)",
    "success": "#10B981",
    "text": "rgb(31 31 31)",
    "textSecondary": "rgb(112 102 107)",
    "textTertiary": "rgb(112 102 107)",
    "tint": "rgb(236 70 153)",
    "warning": "#F59E0B",
  },
  "purple/dark": {
    "background": "rgb(10 6 19)",
    "backgroundSecondary": "rgb(42 37 55)",
    "backgroundTertiary": "rgb(47 42 60)",
    "border": "rgb(49 45 57)",
    "borderLight": "rgb(56 53 65)",
    "card": "rgb(42 37 55)",
    "contrast50": "rgb(29 26 35)",
    "error": "#EF4444",
    "icon": "rgb(179 179 179)",
    "iconActive": "rgb(137 90 246)",
    "info": "#3B82F6",
    "negative": "rgb(211 18 18)",
    "negativeForeground": "#FFFFFF",
    "negativeSubtle": "rgb(38 13 13)",
    "negativeSubtleForeground": "rgb(228 103 103)",
    "overlay": "rgba(0, 0, 0, 0.5)",
    "primary": "rgb(137 90 246)",
    "primaryDark": "rgb(10 6 19)",
    "primaryForeground": "rgb(255 255 255)",
    "primaryLight": "rgb(42 37 55)",
    "primarySubtle": "rgb(20 13 38)",
    "primarySubtleForeground": "rgb(141 103 228)",
    "secondary": "rgb(137 90 246)",
    "shadow": "rgba(0, 0, 0, 0.3)",
    "success": "#10B981",
    "text": "rgb(237 237 237)",
    "textSecondary": "rgb(179 179 179)",
    "textTertiary": "rgb(179 179 179)",
    "tint": "rgb(137 90 246)",
    "warning": "#F59E0B",
  },
  "purple/light": {
    "background": "rgb(243 239 250)",
    "backgroundSecondary": "rgb(236 231 249)",
    "backgroundTertiary": "rgb(230 223 246)",
    "border": "rgb(217 209 235)",
    "borderLight": "rgb(217 209 235)",
    "card": "rgb(236 231 249)",
    "contrast50": "rgb(236 235 239)",
    "error": "#EF4444",
    "icon": "rgb(105 102 112)",
    "iconActive": "rgb(137 90 246)",
    "info": "#3B82F6",
    "negative": "rgb(211 18 18)",
    "negativeForeground": "#FFFFFF",
    "negativeSubtle": "rgb(254 231 231)",
    "negativeSubtleForeground": "rgb(184 20 20)",
    "overlay": "rgba(0, 0, 0, 0.5)",
    "primary": "rgb(137 90 246)",
    "primaryDark": "rgb(243 239 250)",
    "primaryForeground": "rgb(255 255 255)",
    "primaryLight": "rgb(236 231 249)",
    "primarySubtle": "rgb(232 225 250)",
    "primarySubtleForeground": "rgb(41 6 121)",
    "secondary": "rgb(137 90 246)",
    "shadow": "rgba(0, 0, 0, 0.1)",
    "success": "#10B981",
    "text": "rgb(31 31 31)",
    "textSecondary": "rgb(105 102 112)",
    "textTertiary": "rgb(105 102 112)",
    "tint": "rgb(137 90 246)",
    "warning": "#F59E0B",
  },
  "red/dark": {
    "background": "rgb(19 6 6)",
    "backgroundSecondary": "rgb(55 37 37)",
    "backgroundTertiary": "rgb(60 42 42)",
    "border": "rgb(57 45 45)",
    "borderLight": "rgb(65 53 53)",
    "card": "rgb(55 37 37)",
    "contrast50": "rgb(35 26 26)",
    "error": "#EF4444",
    "icon": "rgb(179 179 179)",
    "iconActive": "rgb(239 67 67)",
    "info": "#3B82F6",
    "negative": "rgb(211 18 18)",
    "negativeForeground": "#FFFFFF",
    "negativeSubtle": "rgb(38 13 13)",
    "negativeSubtleForeground": "rgb(228 103 103)",
    "overlay": "rgba(0, 0, 0, 0.5)",
    "primary": "rgb(239 67 67)",
    "primaryDark": "rgb(19 6 6)",
    "primaryForeground": "rgb(255 255 255)",
    "primaryLight": "rgb(55 37 37)",
    "primarySubtle": "rgb(38 13 13)",
    "primarySubtleForeground": "rgb(228 103 103)",
    "secondary": "rgb(239 67 67)",
    "shadow": "rgba(0, 0, 0, 0.3)",
    "success": "#10B981",
    "text": "rgb(237 237 237)",
    "textSecondary": "rgb(179 179 179)",
    "textTertiary": "rgb(179 179 179)",
    "tint": "rgb(239 67 67)",
    "warning": "#F59E0B",
  },
  "red/light": {
    "background": "rgb(250 239 239)",
    "backgroundSecondary": "rgb(249 231 231)",
    "backgroundTertiary": "rgb(246 223 223)",
    "border": "rgb(235 209 209)",
    "borderLight": "rgb(235 209 209)",
    "card": "rgb(249 231 231)",
    "contrast50": "rgb(239 235 235)",
    "error": "#EF4444",
    "icon": "rgb(112 102 102)",
    "iconActive": "rgb(239 67 67)",
    "info": "#3B82F6",
    "negative": "rgb(211 18 18)",
    "negativeForeground": "#FFFFFF",
    "negativeSubtle": "rgb(254 231 231)",
    "negativeSubtleForeground": "rgb(184 20 20)",
    "overlay": "rgba(0, 0, 0, 0.5)",
    "primary": "rgb(239 67 67)",
    "primaryDark": "rgb(250 239 239)",
    "primaryForeground": "rgb(255 255 255)",
    "primaryLight": "rgb(249 231 231)",
    "primarySubtle": "rgb(250 225 225)",
    "primarySubtleForeground": "rgb(121 6 6)",
    "secondary": "rgb(239 67 67)",
    "shadow": "rgba(0, 0, 0, 0.1)",
    "success": "#10B981",
    "text": "rgb(31 31 31)",
    "textSecondary": "rgb(112 102 102)",
    "textTertiary": "rgb(112 102 102)",
    "tint": "rgb(239 67 67)",
    "warning": "#F59E0B",
  },
  "sky/dark": {
    "background": "rgb(6 15 19)",
    "backgroundSecondary": "rgb(37 49 55)",
    "backgroundTertiary": "rgb(42 54 60)",
    "border": "rgb(45 53 57)",
    "borderLight": "rgb(53 61 65)",
    "card": "rgb(37 49 55)",
    "contrast50": "rgb(26 32 35)",
    "error": "#EF4444",
    "icon": "rgb(179 179 179)",
    "iconActive": "rgb(13 162 231)",
    "info": "#3B82F6",
    "negative": "rgb(211 18 18)",
    "negativeForeground": "#FFFFFF",
    "negativeSubtle": "rgb(38 13 13)",
    "negativeSubtleForeground": "rgb(228 103 103)",
    "overlay": "rgba(0, 0, 0, 0.5)",
    "primary": "rgb(13 162 231)",
    "primaryDark": "rgb(6 15 19)",
    "primaryForeground": "rgb(255 255 255)",
    "primaryLight": "rgb(37 49 55)",
    "primarySubtle": "rgb(13 30 38)",
    "primarySubtleForeground": "rgb(103 189 228)",
    "secondary": "rgb(13 162 231)",
    "shadow": "rgba(0, 0, 0, 0.3)",
    "success": "#10B981",
    "text": "rgb(237 237 237)",
    "textSecondary": "rgb(179 179 179)",
    "textTertiary": "rgb(179 179 179)",
    "tint": "rgb(13 162 231)",
    "warning": "#F59E0B",
  },
  "sky/light": {
    "background": "rgb(239 247 250)",
    "backgroundSecondary": "rgb(231 243 249)",
    "backgroundTertiary": "rgb(223 239 246)",
    "border": "rgb(209 227 235)",
    "borderLight": "rgb(209 227 235)",
    "card": "rgb(231 243 249)",
    "contrast50": "rgb(235 238 239)",
    "error": "#EF4444",
    "icon": "rgb(102 109 112)",
    "iconActive": "rgb(13 162 231)",
    "info": "#3B82F6",
    "negative": "rgb(211 18 18)",
    "negativeForeground": "#FFFFFF",
    "negativeSubtle": "rgb(254 231 231)",
    "negativeSubtleForeground": "rgb(184 20 20)",
    "overlay": "rgba(0, 0, 0, 0.5)",
    "primary": "rgb(13 162 231)",
    "primaryDark": "rgb(239 247 250)",
    "primaryForeground": "rgb(255 255 255)",
    "primaryLight": "rgb(231 243 249)",
    "primarySubtle": "rgb(225 242 250)",
    "primarySubtleForeground": "rgb(6 85 121)",
    "secondary": "rgb(13 162 231)",
    "shadow": "rgba(0, 0, 0, 0.1)",
    "success": "#10B981",
    "text": "rgb(31 31 31)",
    "textSecondary": "rgb(102 109 112)",
    "textTertiary": "rgb(102 109 112)",
    "tint": "rgb(13 162 231)",
    "warning": "#F59E0B",
  },
  "teal/dark": {
    "background": "rgb(6 18 19)",
    "backgroundSecondary": "rgb(37 54 55)",
    "backgroundTertiary": "rgb(42 59 60)",
    "border": "rgb(45 56 57)",
    "borderLight": "rgb(53 64 65)",
    "card": "rgb(37 54 55)",
    "contrast50": "rgb(26 34 35)",
    "error": "#EF4444",
    "icon": "rgb(179 179 179)",
    "iconActive": "rgb(0 94 102)",
    "info": "#3B82F6",
    "negative": "rgb(211 18 18)",
    "negativeForeground": "#FFFFFF",
    "negativeSubtle": "rgb(38 13 13)",
    "negativeSubtleForeground": "rgb(228 103 103)",
    "overlay": "rgba(0, 0, 0, 0.5)",
    "primary": "rgb(0 94 102)",
    "primaryDark": "rgb(6 18 19)",
    "primaryForeground": "rgb(255 255 255)",
    "primaryLight": "rgb(37 54 55)",
    "primarySubtle": "rgb(13 36 38)",
    "primarySubtleForeground": "rgb(103 218 228)",
    "secondary": "rgb(0 94 102)",
    "shadow": "rgba(0, 0, 0, 0.3)",
    "success": "#10B981",
    "text": "rgb(237 237 237)",
    "textSecondary": "rgb(179 179 179)",
    "textTertiary": "rgb(179 179 179)",
    "tint": "rgb(0 94 102)",
    "warning": "#F59E0B",
  },
  "teal/light": {
    "background": "rgb(239 249 250)",
    "backgroundSecondary": "rgb(231 247 249)",
    "backgroundTertiary": "rgb(223 244 246)",
    "border": "rgb(209 233 235)",
    "borderLight": "rgb(209 233 235)",
    "card": "rgb(231 247 249)",
    "contrast50": "rgb(235 239 239)",
    "error": "#EF4444",
    "icon": "rgb(102 112 112)",
    "iconActive": "rgb(0 94 102)",
    "info": "#3B82F6",
    "negative": "rgb(211 18 18)",
    "negativeForeground": "#FFFFFF",
    "negativeSubtle": "rgb(254 231 231)",
    "negativeSubtleForeground": "rgb(184 20 20)",
    "overlay": "rgba(0, 0, 0, 0.5)",
    "primary": "rgb(0 94 102)",
    "primaryDark": "rgb(239 249 250)",
    "primaryForeground": "rgb(255 255 255)",
    "primaryLight": "rgb(231 247 249)",
    "primarySubtle": "rgb(225 248 250)",
    "primarySubtleForeground": "rgb(6 112 121)",
    "secondary": "rgb(0 94 102)",
    "shadow": "rgba(0, 0, 0, 0.1)",
    "success": "#10B981",
    "text": "rgb(31 31 31)",
    "textSecondary": "rgb(102 112 112)",
    "textTertiary": "rgb(102 112 112)",
    "tint": "rgb(0 94 102)",
    "warning": "#F59E0B",
  },
  "yellow/dark": {
    "background": "rgb(19 16 6)",
    "backgroundSecondary": "rgb(55 51 37)",
    "backgroundTertiary": "rgb(60 56 42)",
    "border": "rgb(57 54 45)",
    "borderLight": "rgb(65 62 53)",
    "card": "rgb(55 51 37)",
    "contrast50": "rgb(35 33 26)",
    "error": "#EF4444",
    "icon": "rgb(179 179 179)",
    "iconActive": "rgb(255 196 0)",
    "info": "#3B82F6",
    "negative": "rgb(211 18 18)",
    "negativeForeground": "#FFFFFF",
    "negativeSubtle": "rgb(38 13 13)",
    "negativeSubtleForeground": "rgb(228 103 103)",
    "overlay": "rgba(0, 0, 0, 0.5)",
    "primary": "rgb(255 196 0)",
    "primaryDark": "rgb(19 16 6)",
    "primaryForeground": "rgb(0 0 0)",
    "primaryLight": "rgb(55 51 37)",
    "primarySubtle": "rgb(38 32 13)",
    "primarySubtleForeground": "rgb(228 199 103)",
    "secondary": "rgb(255 196 0)",
    "shadow": "rgba(0, 0, 0, 0.3)",
    "success": "#10B981",
    "text": "rgb(237 237 237)",
    "textSecondary": "rgb(179 179 179)",
    "textTertiary": "rgb(179 179 179)",
    "tint": "rgb(255 196 0)",
    "warning": "#F59E0B",
  },
  "yellow/light": {
    "background": "rgb(250 248 239)",
    "backgroundSecondary": "rgb(249 244 231)",
    "backgroundTertiary": "rgb(246 241 223)",
    "border": "rgb(235 229 209)",
    "borderLight": "rgb(235 229 209)",
    "card": "rgb(249 244 231)",
    "contrast50": "rgb(239 238 235)",
    "error": "#EF4444",
    "icon": "rgb(112 110 102)",
    "iconActive": "rgb(255 196 0)",
    "info": "#3B82F6",
    "negative": "rgb(211 18 18)",
    "negativeForeground": "#FFFFFF",
    "negativeSubtle": "rgb(254 231 231)",
    "negativeSubtleForeground": "rgb(184 20 20)",
    "overlay": "rgba(0, 0, 0, 0.5)",
    "primary": "rgb(255 196 0)",
    "primaryDark": "rgb(250 248 239)",
    "primaryForeground": "rgb(0 0 0)",
    "primaryLight": "rgb(249 244 231)",
    "primarySubtle": "rgb(250 244 225)",
    "primarySubtleForeground": "rgb(121 94 6)",
    "secondary": "rgb(255 196 0)",
    "shadow": "rgba(0, 0, 0, 0.1)",
    "success": "#10B981",
    "text": "rgb(31 31 31)",
    "textSecondary": "rgb(112 110 102)",
    "textTertiary": "rgb(112 110 102)",
    "tint": "rgb(255 196 0)",
    "warning": "#F59E0B",
  },
}
`;
