$ jest --runInBand "--watchman=false" src/__tests__/DialogBottomSheet.test.tsx
  console.error
    react-test-renderer is deprecated. See https://react.dev/warnings/react-test-renderer

      68 | describe('Dialog bottom placement delegates to BottomSheet', () => {
      69 |   it.each(['light', 'dark'] as const)('paints the default bottom dialog body in %s mode', (mode) => {
    > 70 |     const result = render(
         |                          ^
      71 |       <BloomThemeProvider mode={mode} colorPreset="teal">
      72 |         <Dialog open placement="bottom"><Text>Body</Text></Dialog>
      73 |       </BloomThemeProvider>,

      at Object.process.env.NODE_ENV.exports.create (node_modules/react-test-renderer/cjs/react-test-renderer.development.js:17337:17)
      at create (node_modules/@testing-library/react-native/src/render-act.ts:15:29)
      at callback (node_modules/@testing-library/react-native/src/act.ts:31:24)
      at process.env.NODE_ENV.exports.act (node_modules/react/cjs/react.development.js:814:22)
      at actImplementation (node_modules/@testing-library/react-native/src/act.ts:30:25)
      at renderWithAct (node_modules/@testing-library/react-native/src/render-act.ts:13:11)
      at renderInternal (node_modules/@testing-library/react-native/src/render.tsx:69:33)
      at renderInternal (node_modules/@testing-library/react-native/src/render.tsx:44:10)
      at src/__tests__/DialogBottomSheet.test.tsx:70:26

  console.error
    react-test-renderer is deprecated. See https://react.dev/warnings/react-test-renderer

      68 | describe('Dialog bottom placement delegates to BottomSheet', () => {
      69 |   it.each(['light', 'dark'] as const)('paints the default bottom dialog body in %s mode', (mode) => {
    > 70 |     const result = render(
         |                          ^
      71 |       <BloomThemeProvider mode={mode} colorPreset="teal">
      72 |         <Dialog open placement="bottom"><Text>Body</Text></Dialog>
      73 |       </BloomThemeProvider>,

      at Object.process.env.NODE_ENV.exports.create (node_modules/react-test-renderer/cjs/react-test-renderer.development.js:17337:17)
      at create (node_modules/@testing-library/react-native/src/render-act.ts:15:29)
      at callback (node_modules/@testing-library/react-native/src/act.ts:31:24)
      at process.env.NODE_ENV.exports.act (node_modules/react/cjs/react.development.js:814:22)
      at actImplementation (node_modules/@testing-library/react-native/src/act.ts:30:25)
      at renderWithAct (node_modules/@testing-library/react-native/src/render-act.ts:13:11)
      at renderInternal (node_modules/@testing-library/react-native/src/render.tsx:69:33)
      at renderInternal (node_modules/@testing-library/react-native/src/render.tsx:44:10)
      at src/__tests__/DialogBottomSheet.test.tsx:70:26

  console.error
    react-test-renderer is deprecated. See https://react.dev/warnings/react-test-renderer

      50 |
      51 | function renderWithTheme(ui: React.ReactElement) {
    > 52 |   return render(
         |                ^
      53 |     <BloomThemeProvider mode="light" colorPreset="teal">
      54 |       {ui}
      55 |     </BloomThemeProvider>,

      at Object.process.env.NODE_ENV.exports.create (node_modules/react-test-renderer/cjs/react-test-renderer.development.js:17337:17)
      at create (node_modules/@testing-library/react-native/src/render-act.ts:15:29)
      at callback (node_modules/@testing-library/react-native/src/act.ts:31:24)
      at process.env.NODE_ENV.exports.act (node_modules/react/cjs/react.development.js:814:22)
      at actImplementation (node_modules/@testing-library/react-native/src/act.ts:30:25)
      at renderWithAct (node_modules/@testing-library/react-native/src/render-act.ts:13:11)
      at renderInternal (node_modules/@testing-library/react-native/src/render.tsx:69:33)
      at renderInternal (node_modules/@testing-library/react-native/src/render.tsx:44:10)
      at renderWithTheme (src/__tests__/DialogBottomSheet.test.tsx:52:16)
      at Object.<anonymous> (src/__tests__/DialogBottomSheet.test.tsx:81:20)

  console.error
    react-test-renderer is deprecated. See https://react.dev/warnings/react-test-renderer

      50 |
      51 | function renderWithTheme(ui: React.ReactElement) {
    > 52 |   return render(
         |                ^
      53 |     <BloomThemeProvider mode="light" colorPreset="teal">
      54 |       {ui}
      55 |     </BloomThemeProvider>,

      at Object.process.env.NODE_ENV.exports.create (node_modules/react-test-renderer/cjs/react-test-renderer.development.js:17337:17)
      at create (node_modules/@testing-library/react-native/src/render-act.ts:15:29)
      at callback (node_modules/@testing-library/react-native/src/act.ts:31:24)
      at process.env.NODE_ENV.exports.act (node_modules/react/cjs/react.development.js:814:22)
      at actImplementation (node_modules/@testing-library/react-native/src/act.ts:30:25)
      at renderWithAct (node_modules/@testing-library/react-native/src/render-act.ts:13:11)
      at renderInternal (node_modules/@testing-library/react-native/src/render.tsx:69:33)
      at renderInternal (node_modules/@testing-library/react-native/src/render.tsx:44:10)
      at renderWithTheme (src/__tests__/DialogBottomSheet.test.tsx:52:16)
      at Object.<anonymous> (src/__tests__/DialogBottomSheet.test.tsx:92:29)

  console.error
    react-test-renderer is deprecated. See https://react.dev/warnings/react-test-renderer

      50 |
      51 | function renderWithTheme(ui: React.ReactElement) {
    > 52 |   return render(
         |                ^
      53 |     <BloomThemeProvider mode="light" colorPreset="teal">
      54 |       {ui}
      55 |     </BloomThemeProvider>,

      at Object.process.env.NODE_ENV.exports.create (node_modules/react-test-renderer/cjs/react-test-renderer.development.js:17337:17)
      at create (node_modules/@testing-library/react-native/src/render-act.ts:15:29)
      at callback (node_modules/@testing-library/react-native/src/act.ts:31:24)
      at process.env.NODE_ENV.exports.act (node_modules/react/cjs/react.development.js:814:22)
      at actImplementation (node_modules/@testing-library/react-native/src/act.ts:30:25)
      at renderWithAct (node_modules/@testing-library/react-native/src/render-act.ts:13:11)
      at renderInternal (node_modules/@testing-library/react-native/src/render.tsx:69:33)
      at renderInternal (node_modules/@testing-library/react-native/src/render.tsx:44:10)
      at renderWithTheme (src/__tests__/DialogBottomSheet.test.tsx:52:16)
      at Object.<anonymous> (src/__tests__/DialogBottomSheet.test.tsx:109:27)

  console.error
    react-test-renderer is deprecated. See https://react.dev/warnings/react-test-renderer

      50 |
      51 | function renderWithTheme(ui: React.ReactElement) {
    > 52 |   return render(
         |                ^
      53 |     <BloomThemeProvider mode="light" colorPreset="teal">
      54 |       {ui}
      55 |     </BloomThemeProvider>,

      at Object.process.env.NODE_ENV.exports.create (node_modules/react-test-renderer/cjs/react-test-renderer.development.js:17337:17)
      at create (node_modules/@testing-library/react-native/src/render-act.ts:15:29)
      at callback (node_modules/@testing-library/react-native/src/act.ts:31:24)
      at process.env.NODE_ENV.exports.act (node_modules/react/cjs/react.development.js:814:22)
      at actImplementation (node_modules/@testing-library/react-native/src/act.ts:30:25)
      at renderWithAct (node_modules/@testing-library/react-native/src/render-act.ts:13:11)
      at renderInternal (node_modules/@testing-library/react-native/src/render.tsx:69:33)
      at renderInternal (node_modules/@testing-library/react-native/src/render.tsx:44:10)
      at renderWithTheme (src/__tests__/DialogBottomSheet.test.tsx:52:16)
      at Object.<anonymous> (src/__tests__/DialogBottomSheet.test.tsx:136:27)

  console.error
    react-test-renderer is deprecated. See https://react.dev/warnings/react-test-renderer

      50 |
      51 | function renderWithTheme(ui: React.ReactElement) {
    > 52 |   return render(
         |                ^
      53 |     <BloomThemeProvider mode="light" colorPreset="teal">
      54 |       {ui}
      55 |     </BloomThemeProvider>,

      at Object.process.env.NODE_ENV.exports.create (node_modules/react-test-renderer/cjs/react-test-renderer.development.js:17337:17)
      at create (node_modules/@testing-library/react-native/src/render-act.ts:15:29)
      at callback (node_modules/@testing-library/react-native/src/act.ts:31:24)
      at process.env.NODE_ENV.exports.act (node_modules/react/cjs/react.development.js:814:22)
      at actImplementation (node_modules/@testing-library/react-native/src/act.ts:30:25)
      at renderWithAct (node_modules/@testing-library/react-native/src/render-act.ts:13:11)
      at renderInternal (node_modules/@testing-library/react-native/src/render.tsx:69:33)
      at renderInternal (node_modules/@testing-library/react-native/src/render.tsx:44:10)
      at renderWithTheme (src/__tests__/DialogBottomSheet.test.tsx:52:16)
      at Object.<anonymous> (src/__tests__/DialogBottomSheet.test.tsx:151:29)

  console.error
    react-test-renderer is deprecated. See https://react.dev/warnings/react-test-renderer

      50 |
      51 | function renderWithTheme(ui: React.ReactElement) {
    > 52 |   return render(
         |                ^
      53 |     <BloomThemeProvider mode="light" colorPreset="teal">
      54 |       {ui}
      55 |     </BloomThemeProvider>,

      at Object.process.env.NODE_ENV.exports.create (node_modules/react-test-renderer/cjs/react-test-renderer.development.js:17337:17)
      at create (node_modules/@testing-library/react-native/src/render-act.ts:15:29)
      at callback (node_modules/@testing-library/react-native/src/act.ts:31:24)
      at process.env.NODE_ENV.exports.act (node_modules/react/cjs/react.development.js:814:22)
      at actImplementation (node_modules/@testing-library/react-native/src/act.ts:30:25)
      at renderWithAct (node_modules/@testing-library/react-native/src/render-act.ts:13:11)
      at renderInternal (node_modules/@testing-library/react-native/src/render.tsx:69:33)
      at renderInternal (node_modules/@testing-library/react-native/src/render.tsx:44:10)
      at renderWithTheme (src/__tests__/DialogBottomSheet.test.tsx:52:16)
      at Object.<anonymous> (src/__tests__/DialogBottomSheet.test.tsx:184:29)

  console.error
    react-test-renderer is deprecated. See https://react.dev/warnings/react-test-renderer

      50 |
      51 | function renderWithTheme(ui: React.ReactElement) {
    > 52 |   return render(
         |                ^
      53 |     <BloomThemeProvider mode="light" colorPreset="teal">
      54 |       {ui}
      55 |     </BloomThemeProvider>,

      at Object.process.env.NODE_ENV.exports.create (node_modules/react-test-renderer/cjs/react-test-renderer.development.js:17337:17)
      at create (node_modules/@testing-library/react-native/src/render-act.ts:15:29)
      at callback (node_modules/@testing-library/react-native/src/act.ts:31:24)
      at process.env.NODE_ENV.exports.act (node_modules/react/cjs/react.development.js:814:22)
      at actImplementation (node_modules/@testing-library/react-native/src/act.ts:30:25)
      at renderWithAct (node_modules/@testing-library/react-native/src/render-act.ts:13:11)
      at renderInternal (node_modules/@testing-library/react-native/src/render.tsx:69:33)
      at renderInternal (node_modules/@testing-library/react-native/src/render.tsx:44:10)
      at renderWithTheme (src/__tests__/DialogBottomSheet.test.tsx:52:16)
      at Object.<anonymous> (src/__tests__/DialogBottomSheet.test.tsx:209:29)

  console.error
    react-test-renderer is deprecated. See https://react.dev/warnings/react-test-renderer

      50 |
      51 | function renderWithTheme(ui: React.ReactElement) {
    > 52 |   return render(
         |                ^
      53 |     <BloomThemeProvider mode="light" colorPreset="teal">
      54 |       {ui}
      55 |     </BloomThemeProvider>,

      at Object.process.env.NODE_ENV.exports.create (node_modules/react-test-renderer/cjs/react-test-renderer.development.js:17337:17)
      at create (node_modules/@testing-library/react-native/src/render-act.ts:15:29)
      at callback (node_modules/@testing-library/react-native/src/act.ts:31:24)
      at process.env.NODE_ENV.exports.act (node_modules/react/cjs/react.development.js:814:22)
      at actImplementation (node_modules/@testing-library/react-native/src/act.ts:30:25)
      at renderWithAct (node_modules/@testing-library/react-native/src/render-act.ts:13:11)
      at renderInternal (node_modules/@testing-library/react-native/src/render.tsx:69:33)
      at renderInternal (node_modules/@testing-library/react-native/src/render.tsx:44:10)
      at renderWithTheme (src/__tests__/DialogBottomSheet.test.tsx:52:16)
      at Object.<anonymous> (src/__tests__/DialogBottomSheet.test.tsx:234:20)

  console.error
    react-test-renderer is deprecated. See https://react.dev/warnings/react-test-renderer

      50 |
      51 | function renderWithTheme(ui: React.ReactElement) {
    > 52 |   return render(
         |                ^
      53 |     <BloomThemeProvider mode="light" colorPreset="teal">
      54 |       {ui}
      55 |     </BloomThemeProvider>,

      at Object.process.env.NODE_ENV.exports.create (node_modules/react-test-renderer/cjs/react-test-renderer.development.js:17337:17)
      at create (node_modules/@testing-library/react-native/src/render-act.ts:15:29)
      at callback (node_modules/@testing-library/react-native/src/act.ts:31:24)
      at process.env.NODE_ENV.exports.act (node_modules/react/cjs/react.development.js:814:22)
      at actImplementation (node_modules/@testing-library/react-native/src/act.ts:30:25)
      at renderWithAct (node_modules/@testing-library/react-native/src/render-act.ts:13:11)
      at renderInternal (node_modules/@testing-library/react-native/src/render.tsx:69:33)
      at renderInternal (node_modules/@testing-library/react-native/src/render.tsx:44:10)
      at renderWithTheme (src/__tests__/DialogBottomSheet.test.tsx:52:16)
      at Object.<anonymous> (src/__tests__/DialogBottomSheet.test.tsx:258:20)

  console.error
    react-test-renderer is deprecated. See https://react.dev/warnings/react-test-renderer

      50 |
      51 | function renderWithTheme(ui: React.ReactElement) {
    > 52 |   return render(
         |                ^
      53 |     <BloomThemeProvider mode="light" colorPreset="teal">
      54 |       {ui}
      55 |     </BloomThemeProvider>,

      at Object.process.env.NODE_ENV.exports.create (node_modules/react-test-renderer/cjs/react-test-renderer.development.js:17337:17)
      at create (node_modules/@testing-library/react-native/src/render-act.ts:15:29)
      at callback (node_modules/@testing-library/react-native/src/act.ts:31:24)
      at process.env.NODE_ENV.exports.act (node_modules/react/cjs/react.development.js:814:22)
      at actImplementation (node_modules/@testing-library/react-native/src/act.ts:30:25)
      at renderWithAct (node_modules/@testing-library/react-native/src/render-act.ts:13:11)
      at renderInternal (node_modules/@testing-library/react-native/src/render.tsx:69:33)
      at renderInternal (node_modules/@testing-library/react-native/src/render.tsx:44:10)
      at renderWithTheme (src/__tests__/DialogBottomSheet.test.tsx:52:16)
      at Object.<anonymous> (src/__tests__/DialogBottomSheet.test.tsx:283:20)

  console.error
    react-test-renderer is deprecated. See https://react.dev/warnings/react-test-renderer

      50 |
      51 | function renderWithTheme(ui: React.ReactElement) {
    > 52 |   return render(
         |                ^
      53 |     <BloomThemeProvider mode="light" colorPreset="teal">
      54 |       {ui}
      55 |     </BloomThemeProvider>,

      at Object.process.env.NODE_ENV.exports.create (node_modules/react-test-renderer/cjs/react-test-renderer.development.js:17337:17)
      at create (node_modules/@testing-library/react-native/src/render-act.ts:15:29)
      at callback (node_modules/@testing-library/react-native/src/act.ts:31:24)
      at process.env.NODE_ENV.exports.act (node_modules/react/cjs/react.development.js:814:22)
      at actImplementation (node_modules/@testing-library/react-native/src/act.ts:30:25)
      at renderWithAct (node_modules/@testing-library/react-native/src/render-act.ts:13:11)
      at renderInternal (node_modules/@testing-library/react-native/src/render.tsx:69:33)
      at renderInternal (node_modules/@testing-library/react-native/src/render.tsx:44:10)
      at renderWithTheme (src/__tests__/DialogBottomSheet.test.tsx:52:16)
      at Object.<anonymous> (src/__tests__/DialogBottomSheet.test.tsx:311:29)

  console.error
    react-test-renderer is deprecated. See https://react.dev/warnings/react-test-renderer

      50 |
      51 | function renderWithTheme(ui: React.ReactElement) {
    > 52 |   return render(
         |                ^
      53 |     <BloomThemeProvider mode="light" colorPreset="teal">
      54 |       {ui}
      55 |     </BloomThemeProvider>,

      at Object.process.env.NODE_ENV.exports.create (node_modules/react-test-renderer/cjs/react-test-renderer.development.js:17337:17)
      at create (node_modules/@testing-library/react-native/src/render-act.ts:15:29)
      at callback (node_modules/@testing-library/react-native/src/act.ts:31:24)
      at process.env.NODE_ENV.exports.act (node_modules/react/cjs/react.development.js:814:22)
      at actImplementation (node_modules/@testing-library/react-native/src/act.ts:30:25)
      at renderWithAct (node_modules/@testing-library/react-native/src/render-act.ts:13:11)
      at renderInternal (node_modules/@testing-library/react-native/src/render.tsx:69:33)
      at renderInternal (node_modules/@testing-library/react-native/src/render.tsx:44:10)
      at renderWithTheme (src/__tests__/DialogBottomSheet.test.tsx:52:16)
      at Object.<anonymous> (src/__tests__/DialogBottomSheet.test.tsx:335:29)

  console.error
    react-test-renderer is deprecated. See https://react.dev/warnings/react-test-renderer

      50 |
      51 | function renderWithTheme(ui: React.ReactElement) {
    > 52 |   return render(
         |                ^
      53 |     <BloomThemeProvider mode="light" colorPreset="teal">
      54 |       {ui}
      55 |     </BloomThemeProvider>,

      at Object.process.env.NODE_ENV.exports.create (node_modules/react-test-renderer/cjs/react-test-renderer.development.js:17337:17)
      at create (node_modules/@testing-library/react-native/src/render-act.ts:15:29)
      at callback (node_modules/@testing-library/react-native/src/act.ts:31:24)
      at process.env.NODE_ENV.exports.act (node_modules/react/cjs/react.development.js:814:22)
      at actImplementation (node_modules/@testing-library/react-native/src/act.ts:30:25)
      at renderWithAct (node_modules/@testing-library/react-native/src/render-act.ts:13:11)
      at renderInternal (node_modules/@testing-library/react-native/src/render.tsx:69:33)
      at renderInternal (node_modules/@testing-library/react-native/src/render.tsx:44:10)
      at renderWithTheme (src/__tests__/DialogBottomSheet.test.tsx:52:16)
      at Object.<anonymous> (src/__tests__/DialogBottomSheet.test.tsx:361:18)

FAIL src/__tests__/DialogBottomSheet.test.tsx
  ● Dialog bottom placement delegates to BottomSheet › preserves an explicitly transparent bottom dialog panel

    expect(received).toBe(expected) // Object.is equality

    Expected: 0
    Received: 1

      86 |     const fillRect = result.UNSAFE_getAllByType(Rect).find(node => node.props.fillOpacity !== undefined);
      87 |     expect(fillRect).toBeDefined();
    > 88 |     expect(fillRect!.props.fillOpacity).toBe(0);
         |                                         ^
      89 |   });
      90 |
      91 |   it('does not render bottom-sheet content until opened', () => {

      at Object.<anonymous> (src/__tests__/DialogBottomSheet.test.tsx:88:41)

Test Suites: 1 failed, 1 total
Tests:       1 failed, 14 passed, 15 total
Snapshots:   0 total
Time:        3.799 s, estimated 4 s
Ran all test suites matching src/__tests__/DialogBottomSheet.test.tsx.
error: script "test" exited with code 1
