$ jest --runInBand "--watchman=false" src/__tests__/DialogBottomSheet.test.tsx
  console.error
    react-test-renderer is deprecated. See https://react.dev/warnings/react-test-renderer

      69 | describe('Dialog bottom placement delegates to BottomSheet', () => {
      70 |   it.each(['light', 'dark'] as const)('paints the default bottom dialog body in %s mode', (mode) => {
    > 71 |     const result = render(
         |                          ^
      72 |       <BloomThemeProvider mode={mode} colorPreset="teal">
      73 |         <Dialog open placement="bottom"><Text>Body</Text></Dialog>
      74 |       </BloomThemeProvider>,

      at Object.process.env.NODE_ENV.exports.create (node_modules/react-test-renderer/cjs/react-test-renderer.development.js:17337:17)
      at create (node_modules/@testing-library/react-native/src/render-act.ts:15:29)
      at callback (node_modules/@testing-library/react-native/src/act.ts:31:24)
      at process.env.NODE_ENV.exports.act (node_modules/react/cjs/react.development.js:814:22)
      at actImplementation (node_modules/@testing-library/react-native/src/act.ts:30:25)
      at renderWithAct (node_modules/@testing-library/react-native/src/render-act.ts:13:11)
      at renderInternal (node_modules/@testing-library/react-native/src/render.tsx:69:33)
      at renderInternal (node_modules/@testing-library/react-native/src/render.tsx:44:10)
      at src/__tests__/DialogBottomSheet.test.tsx:71:26

  console.error
    react-test-renderer is deprecated. See https://react.dev/warnings/react-test-renderer

      69 | describe('Dialog bottom placement delegates to BottomSheet', () => {
      70 |   it.each(['light', 'dark'] as const)('paints the default bottom dialog body in %s mode', (mode) => {
    > 71 |     const result = render(
         |                          ^
      72 |       <BloomThemeProvider mode={mode} colorPreset="teal">
      73 |         <Dialog open placement="bottom"><Text>Body</Text></Dialog>
      74 |       </BloomThemeProvider>,

      at Object.process.env.NODE_ENV.exports.create (node_modules/react-test-renderer/cjs/react-test-renderer.development.js:17337:17)
      at create (node_modules/@testing-library/react-native/src/render-act.ts:15:29)
      at callback (node_modules/@testing-library/react-native/src/act.ts:31:24)
      at process.env.NODE_ENV.exports.act (node_modules/react/cjs/react.development.js:814:22)
      at actImplementation (node_modules/@testing-library/react-native/src/act.ts:30:25)
      at renderWithAct (node_modules/@testing-library/react-native/src/render-act.ts:13:11)
      at renderInternal (node_modules/@testing-library/react-native/src/render.tsx:69:33)
      at renderInternal (node_modules/@testing-library/react-native/src/render.tsx:44:10)
      at src/__tests__/DialogBottomSheet.test.tsx:71:26

  console.error
    react-test-renderer is deprecated. See https://react.dev/warnings/react-test-renderer

      51 |
      52 | function renderWithTheme(ui: React.ReactElement) {
    > 53 |   return render(
         |                ^
      54 |     <BloomThemeProvider mode="light" colorPreset="teal">
      55 |       {ui}
      56 |     </BloomThemeProvider>,

      at Object.process.env.NODE_ENV.exports.create (node_modules/react-test-renderer/cjs/react-test-renderer.development.js:17337:17)
      at create (node_modules/@testing-library/react-native/src/render-act.ts:15:29)
      at callback (node_modules/@testing-library/react-native/src/act.ts:31:24)
      at process.env.NODE_ENV.exports.act (node_modules/react/cjs/react.development.js:814:22)
      at actImplementation (node_modules/@testing-library/react-native/src/act.ts:30:25)
      at renderWithAct (node_modules/@testing-library/react-native/src/render-act.ts:13:11)
      at renderInternal (node_modules/@testing-library/react-native/src/render.tsx:69:33)
      at renderInternal (node_modules/@testing-library/react-native/src/render.tsx:44:10)
      at renderWithTheme (src/__tests__/DialogBottomSheet.test.tsx:53:16)
      at Object.<anonymous> (src/__tests__/DialogBottomSheet.test.tsx:83:20)

  console.error
    react-test-renderer is deprecated. See https://react.dev/warnings/react-test-renderer

      51 |
      52 | function renderWithTheme(ui: React.ReactElement) {
    > 53 |   return render(
         |                ^
      54 |     <BloomThemeProvider mode="light" colorPreset="teal">
      55 |       {ui}
      56 |     </BloomThemeProvider>,

      at Object.process.env.NODE_ENV.exports.create (node_modules/react-test-renderer/cjs/react-test-renderer.development.js:17337:17)
      at create (node_modules/@testing-library/react-native/src/render-act.ts:15:29)
      at callback (node_modules/@testing-library/react-native/src/act.ts:31:24)
      at process.env.NODE_ENV.exports.act (node_modules/react/cjs/react.development.js:814:22)
      at actImplementation (node_modules/@testing-library/react-native/src/act.ts:30:25)
      at renderWithAct (node_modules/@testing-library/react-native/src/render-act.ts:13:11)
      at renderInternal (node_modules/@testing-library/react-native/src/render.tsx:69:33)
      at renderInternal (node_modules/@testing-library/react-native/src/render.tsx:44:10)
      at renderWithTheme (src/__tests__/DialogBottomSheet.test.tsx:53:16)
      at Object.<anonymous> (src/__tests__/DialogBottomSheet.test.tsx:93:29)

  console.error
    react-test-renderer is deprecated. See https://react.dev/warnings/react-test-renderer

      51 |
      52 | function renderWithTheme(ui: React.ReactElement) {
    > 53 |   return render(
         |                ^
      54 |     <BloomThemeProvider mode="light" colorPreset="teal">
      55 |       {ui}
      56 |     </BloomThemeProvider>,

      at Object.process.env.NODE_ENV.exports.create (node_modules/react-test-renderer/cjs/react-test-renderer.development.js:17337:17)
      at create (node_modules/@testing-library/react-native/src/render-act.ts:15:29)
      at callback (node_modules/@testing-library/react-native/src/act.ts:31:24)
      at process.env.NODE_ENV.exports.act (node_modules/react/cjs/react.development.js:814:22)
      at actImplementation (node_modules/@testing-library/react-native/src/act.ts:30:25)
      at renderWithAct (node_modules/@testing-library/react-native/src/render-act.ts:13:11)
      at renderInternal (node_modules/@testing-library/react-native/src/render.tsx:69:33)
      at renderInternal (node_modules/@testing-library/react-native/src/render.tsx:44:10)
      at renderWithTheme (src/__tests__/DialogBottomSheet.test.tsx:53:16)
      at Object.<anonymous> (src/__tests__/DialogBottomSheet.test.tsx:110:27)

  console.error
    react-test-renderer is deprecated. See https://react.dev/warnings/react-test-renderer

      51 |
      52 | function renderWithTheme(ui: React.ReactElement) {
    > 53 |   return render(
         |                ^
      54 |     <BloomThemeProvider mode="light" colorPreset="teal">
      55 |       {ui}
      56 |     </BloomThemeProvider>,

      at Object.process.env.NODE_ENV.exports.create (node_modules/react-test-renderer/cjs/react-test-renderer.development.js:17337:17)
      at create (node_modules/@testing-library/react-native/src/render-act.ts:15:29)
      at callback (node_modules/@testing-library/react-native/src/act.ts:31:24)
      at process.env.NODE_ENV.exports.act (node_modules/react/cjs/react.development.js:814:22)
      at actImplementation (node_modules/@testing-library/react-native/src/act.ts:30:25)
      at renderWithAct (node_modules/@testing-library/react-native/src/render-act.ts:13:11)
      at renderInternal (node_modules/@testing-library/react-native/src/render.tsx:69:33)
      at renderInternal (node_modules/@testing-library/react-native/src/render.tsx:44:10)
      at renderWithTheme (src/__tests__/DialogBottomSheet.test.tsx:53:16)
      at Object.<anonymous> (src/__tests__/DialogBottomSheet.test.tsx:137:27)

  console.error
    react-test-renderer is deprecated. See https://react.dev/warnings/react-test-renderer

      51 |
      52 | function renderWithTheme(ui: React.ReactElement) {
    > 53 |   return render(
         |                ^
      54 |     <BloomThemeProvider mode="light" colorPreset="teal">
      55 |       {ui}
      56 |     </BloomThemeProvider>,

      at Object.process.env.NODE_ENV.exports.create (node_modules/react-test-renderer/cjs/react-test-renderer.development.js:17337:17)
      at create (node_modules/@testing-library/react-native/src/render-act.ts:15:29)
      at callback (node_modules/@testing-library/react-native/src/act.ts:31:24)
      at process.env.NODE_ENV.exports.act (node_modules/react/cjs/react.development.js:814:22)
      at actImplementation (node_modules/@testing-library/react-native/src/act.ts:30:25)
      at renderWithAct (node_modules/@testing-library/react-native/src/render-act.ts:13:11)
      at renderInternal (node_modules/@testing-library/react-native/src/render.tsx:69:33)
      at renderInternal (node_modules/@testing-library/react-native/src/render.tsx:44:10)
      at renderWithTheme (src/__tests__/DialogBottomSheet.test.tsx:53:16)
      at Object.<anonymous> (src/__tests__/DialogBottomSheet.test.tsx:152:29)

  console.error
    react-test-renderer is deprecated. See https://react.dev/warnings/react-test-renderer

      51 |
      52 | function renderWithTheme(ui: React.ReactElement) {
    > 53 |   return render(
         |                ^
      54 |     <BloomThemeProvider mode="light" colorPreset="teal">
      55 |       {ui}
      56 |     </BloomThemeProvider>,

      at Object.process.env.NODE_ENV.exports.create (node_modules/react-test-renderer/cjs/react-test-renderer.development.js:17337:17)
      at create (node_modules/@testing-library/react-native/src/render-act.ts:15:29)
      at callback (node_modules/@testing-library/react-native/src/act.ts:31:24)
      at process.env.NODE_ENV.exports.act (node_modules/react/cjs/react.development.js:814:22)
      at actImplementation (node_modules/@testing-library/react-native/src/act.ts:30:25)
      at renderWithAct (node_modules/@testing-library/react-native/src/render-act.ts:13:11)
      at renderInternal (node_modules/@testing-library/react-native/src/render.tsx:69:33)
      at renderInternal (node_modules/@testing-library/react-native/src/render.tsx:44:10)
      at renderWithTheme (src/__tests__/DialogBottomSheet.test.tsx:53:16)
      at Object.<anonymous> (src/__tests__/DialogBottomSheet.test.tsx:185:29)

  console.error
    react-test-renderer is deprecated. See https://react.dev/warnings/react-test-renderer

      51 |
      52 | function renderWithTheme(ui: React.ReactElement) {
    > 53 |   return render(
         |                ^
      54 |     <BloomThemeProvider mode="light" colorPreset="teal">
      55 |       {ui}
      56 |     </BloomThemeProvider>,

      at Object.process.env.NODE_ENV.exports.create (node_modules/react-test-renderer/cjs/react-test-renderer.development.js:17337:17)
      at create (node_modules/@testing-library/react-native/src/render-act.ts:15:29)
      at callback (node_modules/@testing-library/react-native/src/act.ts:31:24)
      at process.env.NODE_ENV.exports.act (node_modules/react/cjs/react.development.js:814:22)
      at actImplementation (node_modules/@testing-library/react-native/src/act.ts:30:25)
      at renderWithAct (node_modules/@testing-library/react-native/src/render-act.ts:13:11)
      at renderInternal (node_modules/@testing-library/react-native/src/render.tsx:69:33)
      at renderInternal (node_modules/@testing-library/react-native/src/render.tsx:44:10)
      at renderWithTheme (src/__tests__/DialogBottomSheet.test.tsx:53:16)
      at Object.<anonymous> (src/__tests__/DialogBottomSheet.test.tsx:210:29)

  console.error
    react-test-renderer is deprecated. See https://react.dev/warnings/react-test-renderer

      51 |
      52 | function renderWithTheme(ui: React.ReactElement) {
    > 53 |   return render(
         |                ^
      54 |     <BloomThemeProvider mode="light" colorPreset="teal">
      55 |       {ui}
      56 |     </BloomThemeProvider>,

      at Object.process.env.NODE_ENV.exports.create (node_modules/react-test-renderer/cjs/react-test-renderer.development.js:17337:17)
      at create (node_modules/@testing-library/react-native/src/render-act.ts:15:29)
      at callback (node_modules/@testing-library/react-native/src/act.ts:31:24)
      at process.env.NODE_ENV.exports.act (node_modules/react/cjs/react.development.js:814:22)
      at actImplementation (node_modules/@testing-library/react-native/src/act.ts:30:25)
      at renderWithAct (node_modules/@testing-library/react-native/src/render-act.ts:13:11)
      at renderInternal (node_modules/@testing-library/react-native/src/render.tsx:69:33)
      at renderInternal (node_modules/@testing-library/react-native/src/render.tsx:44:10)
      at renderWithTheme (src/__tests__/DialogBottomSheet.test.tsx:53:16)
      at Object.<anonymous> (src/__tests__/DialogBottomSheet.test.tsx:235:20)

  console.error
    react-test-renderer is deprecated. See https://react.dev/warnings/react-test-renderer

      51 |
      52 | function renderWithTheme(ui: React.ReactElement) {
    > 53 |   return render(
         |                ^
      54 |     <BloomThemeProvider mode="light" colorPreset="teal">
      55 |       {ui}
      56 |     </BloomThemeProvider>,

      at Object.process.env.NODE_ENV.exports.create (node_modules/react-test-renderer/cjs/react-test-renderer.development.js:17337:17)
      at create (node_modules/@testing-library/react-native/src/render-act.ts:15:29)
      at callback (node_modules/@testing-library/react-native/src/act.ts:31:24)
      at process.env.NODE_ENV.exports.act (node_modules/react/cjs/react.development.js:814:22)
      at actImplementation (node_modules/@testing-library/react-native/src/act.ts:30:25)
      at renderWithAct (node_modules/@testing-library/react-native/src/render-act.ts:13:11)
      at renderInternal (node_modules/@testing-library/react-native/src/render.tsx:69:33)
      at renderInternal (node_modules/@testing-library/react-native/src/render.tsx:44:10)
      at renderWithTheme (src/__tests__/DialogBottomSheet.test.tsx:53:16)
      at Object.<anonymous> (src/__tests__/DialogBottomSheet.test.tsx:259:20)

  console.error
    react-test-renderer is deprecated. See https://react.dev/warnings/react-test-renderer

      51 |
      52 | function renderWithTheme(ui: React.ReactElement) {
    > 53 |   return render(
         |                ^
      54 |     <BloomThemeProvider mode="light" colorPreset="teal">
      55 |       {ui}
      56 |     </BloomThemeProvider>,

      at Object.process.env.NODE_ENV.exports.create (node_modules/react-test-renderer/cjs/react-test-renderer.development.js:17337:17)
      at create (node_modules/@testing-library/react-native/src/render-act.ts:15:29)
      at callback (node_modules/@testing-library/react-native/src/act.ts:31:24)
      at process.env.NODE_ENV.exports.act (node_modules/react/cjs/react.development.js:814:22)
      at actImplementation (node_modules/@testing-library/react-native/src/act.ts:30:25)
      at renderWithAct (node_modules/@testing-library/react-native/src/render-act.ts:13:11)
      at renderInternal (node_modules/@testing-library/react-native/src/render.tsx:69:33)
      at renderInternal (node_modules/@testing-library/react-native/src/render.tsx:44:10)
      at renderWithTheme (src/__tests__/DialogBottomSheet.test.tsx:53:16)
      at Object.<anonymous> (src/__tests__/DialogBottomSheet.test.tsx:284:20)

  console.error
    react-test-renderer is deprecated. See https://react.dev/warnings/react-test-renderer

      51 |
      52 | function renderWithTheme(ui: React.ReactElement) {
    > 53 |   return render(
         |                ^
      54 |     <BloomThemeProvider mode="light" colorPreset="teal">
      55 |       {ui}
      56 |     </BloomThemeProvider>,

      at Object.process.env.NODE_ENV.exports.create (node_modules/react-test-renderer/cjs/react-test-renderer.development.js:17337:17)
      at create (node_modules/@testing-library/react-native/src/render-act.ts:15:29)
      at callback (node_modules/@testing-library/react-native/src/act.ts:31:24)
      at process.env.NODE_ENV.exports.act (node_modules/react/cjs/react.development.js:814:22)
      at actImplementation (node_modules/@testing-library/react-native/src/act.ts:30:25)
      at renderWithAct (node_modules/@testing-library/react-native/src/render-act.ts:13:11)
      at renderInternal (node_modules/@testing-library/react-native/src/render.tsx:69:33)
      at renderInternal (node_modules/@testing-library/react-native/src/render.tsx:44:10)
      at renderWithTheme (src/__tests__/DialogBottomSheet.test.tsx:53:16)
      at Object.<anonymous> (src/__tests__/DialogBottomSheet.test.tsx:312:29)

  console.error
    react-test-renderer is deprecated. See https://react.dev/warnings/react-test-renderer

      51 |
      52 | function renderWithTheme(ui: React.ReactElement) {
    > 53 |   return render(
         |                ^
      54 |     <BloomThemeProvider mode="light" colorPreset="teal">
      55 |       {ui}
      56 |     </BloomThemeProvider>,

      at Object.process.env.NODE_ENV.exports.create (node_modules/react-test-renderer/cjs/react-test-renderer.development.js:17337:17)
      at create (node_modules/@testing-library/react-native/src/render-act.ts:15:29)
      at callback (node_modules/@testing-library/react-native/src/act.ts:31:24)
      at process.env.NODE_ENV.exports.act (node_modules/react/cjs/react.development.js:814:22)
      at actImplementation (node_modules/@testing-library/react-native/src/act.ts:30:25)
      at renderWithAct (node_modules/@testing-library/react-native/src/render-act.ts:13:11)
      at renderInternal (node_modules/@testing-library/react-native/src/render.tsx:69:33)
      at renderInternal (node_modules/@testing-library/react-native/src/render.tsx:44:10)
      at renderWithTheme (src/__tests__/DialogBottomSheet.test.tsx:53:16)
      at Object.<anonymous> (src/__tests__/DialogBottomSheet.test.tsx:336:29)

  console.error
    react-test-renderer is deprecated. See https://react.dev/warnings/react-test-renderer

      51 |
      52 | function renderWithTheme(ui: React.ReactElement) {
    > 53 |   return render(
         |                ^
      54 |     <BloomThemeProvider mode="light" colorPreset="teal">
      55 |       {ui}
      56 |     </BloomThemeProvider>,

      at Object.process.env.NODE_ENV.exports.create (node_modules/react-test-renderer/cjs/react-test-renderer.development.js:17337:17)
      at create (node_modules/@testing-library/react-native/src/render-act.ts:15:29)
      at callback (node_modules/@testing-library/react-native/src/act.ts:31:24)
      at process.env.NODE_ENV.exports.act (node_modules/react/cjs/react.development.js:814:22)
      at actImplementation (node_modules/@testing-library/react-native/src/act.ts:30:25)
      at renderWithAct (node_modules/@testing-library/react-native/src/render-act.ts:13:11)
      at renderInternal (node_modules/@testing-library/react-native/src/render.tsx:69:33)
      at renderInternal (node_modules/@testing-library/react-native/src/render.tsx:44:10)
      at renderWithTheme (src/__tests__/DialogBottomSheet.test.tsx:53:16)
      at Object.<anonymous> (src/__tests__/DialogBottomSheet.test.tsx:362:18)

FAIL src/__tests__/DialogBottomSheet.test.tsx
  ● Dialog bottom placement delegates to BottomSheet › paints the default bottom dialog body in light mode

    No instances found

      74 |       </BloomThemeProvider>,
      75 |     );
    > 76 |     const paint = result.UNSAFE_getAllByType(SurfacePaint)[0];
         |                          ^
      77 |     const fillRect = paint.findAllByType(Rect)[0];
      78 |     expect(fillRect.props.fillOpacity).toBeGreaterThan(0);
      79 |     expect(paint.props.fill).not.toBe('transparent');

      at src/__tests__/DialogBottomSheet.test.tsx:76:26

  ● Dialog bottom placement delegates to BottomSheet › paints the default bottom dialog body in dark mode

    No instances found

      74 |       </BloomThemeProvider>,
      75 |     );
    > 76 |     const paint = result.UNSAFE_getAllByType(SurfacePaint)[0];
         |                          ^
      77 |     const fillRect = paint.findAllByType(Rect)[0];
      78 |     expect(fillRect.props.fillOpacity).toBeGreaterThan(0);
      79 |     expect(paint.props.fill).not.toBe('transparent');

      at src/__tests__/DialogBottomSheet.test.tsx:76:26

  ● Dialog bottom placement delegates to BottomSheet › preserves an explicitly transparent bottom dialog panel

    No instances found

      86 |       </Dialog>,
      87 |     );
    > 88 |     const paint = result.UNSAFE_getAllByType(SurfacePaint)[0];
         |                          ^
      89 |     expect(paint.findAllByType(Rect)[0].props.fillOpacity).toBe(0);
      90 |   });
      91 |

      at Object.<anonymous> (src/__tests__/DialogBottomSheet.test.tsx:88:26)

Test Suites: 1 failed, 1 total
Tests:       3 failed, 12 passed, 15 total
Snapshots:   0 total
Time:        3.872 s
Ran all test suites matching src/__tests__/DialogBottomSheet.test.tsx.
error: script "test" exited with code 1
